Archive member included because of file (symbol)

contiki-cc2538dk.a(leds.o)    cc2538-demo.co (leds_toggle)
contiki-cc2538dk.a(leds-arch.o)
                              contiki-cc2538dk.a(leds.o) (leds_arch_init)
contiki-cc2538dk.a(contiki-main.o)
                              obj_cc2538dk/startup-gcc.o (main)
contiki-cc2538dk.a(sensors.o)
                              cc2538-demo.co (sensors_event)
contiki-cc2538dk.a(smartrf-sensors)
                              contiki-cc2538dk.a(sensors.o) (sensors)
contiki-cc2538dk.a(button-sensor.o)
                              contiki-cc2538dk.a(contiki-main.o) (button_sensor_init)
contiki-cc2538dk.a(adc-sensor.o)
                              cc2538-demo.co (adc_sensor)
contiki-cc2538dk.a(clock.o)   contiki-cc2538dk.a(contiki-main.o) (clock_init)
contiki-cc2538dk.a(rtimer-arch.o)
                              cc2538-demo.co (rtimer_arch_now)
contiki-cc2538dk.a(uart.o)    contiki-cc2538dk.a(contiki-main.o) (uart_set_input)
contiki-cc2538dk.a(watchdog.o)
                              contiki-cc2538dk.a(contiki-main.o) (watchdog_init)
contiki-cc2538dk.a(nvic.o)    contiki-cc2538dk.a(contiki-main.o) (nvic_init)
contiki-cc2538dk.a(cpu.o)     contiki-cc2538dk.a(contiki-main.o) (cpu_cpsie)
contiki-cc2538dk.a(sys-ctrl.o)
                              contiki-cc2538dk.a(contiki-main.o) (sys_ctrl_init)
contiki-cc2538dk.a(gpio.o)    contiki-cc2538dk.a(button-sensor.o) (gpio_register_callback)
contiki-cc2538dk.a(ioc.o)     contiki-cc2538dk.a(contiki-main.o) (ioc_init)
contiki-cc2538dk.a(adc.o)     contiki-cc2538dk.a(adc-sensor.o) (adc_init)
contiki-cc2538dk.a(cc2538-rf.o)
                              obj_cc2538dk/startup-gcc.o (cc2538_rf_err_isr)
contiki-cc2538dk.a(udma.o)    contiki-cc2538dk.a(cc2538-rf.o) (udma_set_channel_src)
contiki-cc2538dk.a(lpm.o)     contiki-cc2538dk.a(uart.o) (lpm_register_peripheral)
contiki-cc2538dk.a(dbg.o)     cc2538-demo.co (puts)
contiki-cc2538dk.a(ieee-addr.o)
                              contiki-cc2538dk.a(contiki-main.o) (ieee_addr_cpy_to)
contiki-cc2538dk.a(dbg-printf.o)
                              cc2538-demo.co (printf)
contiki-cc2538dk.a(strformat.o)
                              contiki-cc2538dk.a(dbg-printf.o) (format_str_v)
contiki-cc2538dk.a(autostart.o)
                              contiki-cc2538dk.a(contiki-main.o) (autostart_start)
contiki-cc2538dk.a(ctimer.o)  contiki-cc2538dk.a(contiki-main.o) (ctimer_init)
contiki-cc2538dk.a(energest.o)
                              contiki-cc2538dk.a(contiki-main.o) (energest_init)
contiki-cc2538dk.a(etimer.o)  contiki-cc2538dk.a(ctimer.o) (etimer_expired)
contiki-cc2538dk.a(process.o)
                              contiki-cc2538dk.a(sensors.o) (process_alloc_event)
contiki-cc2538dk.a(rtimer.o)  contiki-cc2538dk.a(rtimer-arch.o) (rtimer_run_next)
contiki-cc2538dk.a(timer.o)   contiki-cc2538dk.a(etimer.o) (timer_reset)
contiki-cc2538dk.a(serial-line.o)
                              contiki-cc2538dk.a(contiki-main.o) (serial_line_init)
contiki-cc2538dk.a(list.o)    contiki-cc2538dk.a(ctimer.o) (list_init)
contiki-cc2538dk.a(random.o)  contiki-cc2538dk.a(contiki-main.o) (random_init)
contiki-cc2538dk.a(ringbuf.o)
                              contiki-cc2538dk.a(serial-line.o) (ringbuf_init)
contiki-cc2538dk.a(broadcast.o)
                              cc2538-demo.co (broadcast_send)
contiki-cc2538dk.a(channel.o)
                              contiki-cc2538dk.a(broadcast.o) (channel_set_attributes)
contiki-cc2538dk.a(rime.o)    contiki-cc2538dk.a(contiki-main.o) (rime_driver)
contiki-cc2538dk.a(linkaddr.o)
                              contiki-cc2538dk.a(broadcast.o) (linkaddr_copy)
contiki-cc2538dk.a(netstack.o)
                              contiki-cc2538dk.a(contiki-main.o) (netstack_init)
contiki-cc2538dk.a(packetbuf.o)
                              contiki-cc2538dk.a(cc2538-rf.o) (packetbuf_set_datalen)
contiki-cc2538dk.a(queuebuf.o)
                              contiki-cc2538dk.a(rime.o) (queuebuf_init)
contiki-cc2538dk.a(csma.o)    contiki-cc2538dk.a(contiki-main.o) (csma_driver)
contiki-cc2538dk.a(mac.o)     contiki-cc2538dk.a(csma.o) (mac_call_sent_callback)
contiki-cc2538dk.a(nullrdc.o)
                              contiki-cc2538dk.a(contiki-main.o) (nullrdc_driver)
contiki-cc2538dk.a(contikimac-fram)
                              contiki-cc2538dk.a(nullrdc.o) (contikimac_framer)
contiki-cc2538dk.a(nullsec.o)
                              contiki-cc2538dk.a(rime.o) (nullsec_driver)
contiki-cc2538dk.a(memb.o)    contiki-cc2538dk.a(queuebuf.o) (memb_alloc)
contiki-cc2538dk.a(abc.o)     contiki-cc2538dk.a(rime.o) (abc_input)
contiki-cc2538dk.a(announcement.o)
                              contiki-cc2538dk.a(rime.o) (announcement_init)
contiki-cc2538dk.a(broadcast-annou)
                              contiki-cc2538dk.a(rime.o) (broadcast_announcement_init)
contiki-cc2538dk.a(chameleon.o)
                              contiki-cc2538dk.a(channel.o) (chameleon_hdrsize)
[...]
Memory Configuration

Name             Origin             Length             Attributes
FLASH            0x00200000         0x0007ffd4         xr
FLASH_CCA        0x0027ffd4         0x0000002c         xr
SRAM             0x20000000         0x00008000         xrw
*default*        0x00000000         0xffffffff

Linker script and memory map

LOAD obj_cc2538dk/startup-gcc.o
LOAD cc2538-demo.co
LOAD contiki-cc2538dk.a
START GROUP
LOAD /home/user/CodeSourcery/Sourcery_G++_Lite/bin/../lib/gcc/arm-none-eabi/4.3.2/thumb2/libgcc.a
LOAD /home/user/CodeSourcery/Sourcery_G++_Lite/bin/../lib/gcc/arm-none-eabi/4.3.2/../../../../arm-none-eabi/lib/thumb2/libc.a
END GROUP

.text           0x00200000     0x54a2
                0x00200000                _text = .
 *(SORT(.vectors))
 .vectors       0x00200000      0x28c obj_cc2538dk/startup-gcc.o
                0x00200000                vectors
 *(SORT(.text*))
 .text.default_handler
                0x0020028c        0x4 obj_cc2538dk/startup-gcc.o
                0x0020028c                default_handler
 .text.reset_handler
                0x00200290       0x50 obj_cc2538dk/startup-gcc.o
                0x00200290                reset_handler
 .text.nmi_handler
                0x002002e0        0x8 obj_cc2538dk/startup-gcc.o
                0x002002e0                nmi_handler
 .text.broadcast_recv
                0x002002e8        0xc cc2538-demo.co
 .text.process_thread_cc2538_demo_process
                0x002002f4      0x2b4 cc2538-demo.co
 .text.rt_callback
                0x002005a8        0xc cc2538-demo.co
                0x002005a8                rt_callback
 .text.show_leds
                0x002005b4       0x10 contiki-cc2538dk.a(leds.o)
 .text.leds_toggle
                0x002005c4       0x14 contiki-cc2538dk.a(leds.o)
                0x002005c4                leds_toggle
 .text.leds_off
                0x002005d8       0x14 contiki-cc2538dk.a(leds.o)
                0x002005d8                leds_off
 .text.leds_on  0x002005ec       0x14 contiki-cc2538dk.a(leds.o)
                0x002005ec                leds_on
 .text.leds_init
                0x00200600       0x14 contiki-cc2538dk.a(leds.o)
                0x00200600                leds_init
 .text.leds_arch_init
                0x00200614       0x10 contiki-cc2538dk.a(leds-arch.o)
                0x00200614                leds_arch_init
 .text.leds_arch_set
                0x00200624        0xc contiki-cc2538dk.a(leds-arch.o)
                0x00200624                leds_arch_set
 .text.fade     0x00200630       0x54 contiki-cc2538dk.a(contiki-main.o)
 .text.main     0x00200684      0x170 contiki-cc2538dk.a(contiki-main.o)
                0x00200684                main
 .text.get_sensor_index
                0x002007f4       0x24 contiki-cc2538dk.a(sensors.o)
 .text.process_thread_sensors_process
                0x00200818       0xdc contiki-cc2538dk.a(sensors.o)
 .text.sensors_changed
                0x002008f4       0x24 contiki-cc2538dk.a(sensors.o)
                0x002008f4                sensors_changed
 .text.config   0x00200918       0x40 contiki-cc2538dk.a(button-sensor.o)
 .text.config_down
                0x00200958       0x30 contiki-cc2538dk.a(button-sensor.o)
 .text.config_up
                0x00200988       0x30 contiki-cc2538dk.a(button-sensor.o)
 .text.config_right
                0x002009b8       0x30 contiki-cc2538dk.a(button-sensor.o)
 .text.config_left
                0x002009e8       0x30 contiki-cc2538dk.a(button-sensor.o)
 .text.config_select
                0x00200a18       0x30 contiki-cc2538dk.a(button-sensor.o)
 .text.button_sensor_init
                0x00200a48       0x10 contiki-cc2538dk.a(button-sensor.o)
                0x00200a48                button_sensor_init
 .text.btn_callback
                0x00200a58       0x60 contiki-cc2538dk.a(button-sensor.o)
 .text.status   0x00200ab8        0x4 contiki-cc2538dk.a(adc-sensor.o)
 .text.configure
                0x00200abc       0x58 contiki-cc2538dk.a(adc-sensor.o)
 .text.value    0x00200b14       0x48 contiki-cc2538dk.a(adc-sensor.o)
 .text.clock_init
                0x00200b5c       0x50 contiki-cc2538dk.a(clock.o)
                0x00200b5c                clock_init
 .text.clock_time
                0x00200bac       0x14 contiki-cc2538dk.a(clock.o)
                0x00200bac                clock_time
 .text.clock_delay_usec
                0x00200bc0       0x24 contiki-cc2538dk.a(clock.o)
                0x00200bc0                clock_delay_usec
 .text.update_ticks
                0x00200be4       0x4c contiki-cc2538dk.a(clock.o)
 .text.clock_isr
                0x00200c30        0x8 contiki-cc2538dk.a(clock.o)
                0x00200c30                clock_isr
 .text.clock_adjust
                0x00200c38       0x20 contiki-cc2538dk.a(clock.o)
                0x00200c38                clock_adjust
 .text.rtimer_arch_init
                0x00200c58        0x4 contiki-cc2538dk.a(rtimer-arch.o)
                0x00200c58                rtimer_arch_init
 .text.rtimer_arch_next_trigger
                0x00200c5c        0xc contiki-cc2538dk.a(rtimer-arch.o)
                0x00200c5c                rtimer_arch_next_trigger
 .text.rtimer_arch_now
                0x00200c68       0x24 contiki-cc2538dk.a(rtimer-arch.o)
                0x00200c68                rtimer_arch_now
 .text.rtimer_isr
                0x00200c8c       0x24 contiki-cc2538dk.a(rtimer-arch.o)
                0x00200c8c                rtimer_isr
 .text.rtimer_arch_schedule
                0x00200cb0       0x58 contiki-cc2538dk.a(rtimer-arch.o)
                0x00200cb0                rtimer_arch_schedule
 .text.permit_pm1
                0x00200d08       0x30 contiki-cc2538dk.a(uart.o)
 .text.uart_set_input
                0x00200d38       0x10 contiki-cc2538dk.a(uart.o)
                0x00200d38                uart_set_input
 .text.uart_write_byte
                0x00200d48       0x20 contiki-cc2538dk.a(uart.o)
                0x00200d48                uart_write_byte
 .text.uart_isr
                0x00200d68       0x64 contiki-cc2538dk.a(uart.o)
                0x00200d68                uart_isr
 .text.uart0_isr
                0x00200dcc        0xc contiki-cc2538dk.a(uart.o)
                0x00200dcc                uart0_isr
 .text.uart1_isr
                0x00200dd8        0xc contiki-cc2538dk.a(uart.o)
                0x00200dd8                uart1_isr
 .text.uart_init
                0x00200de4      0x194 contiki-cc2538dk.a(uart.o)
                0x00200de4                uart_init
 .text.watchdog_init
                0x00200f78        0xc contiki-cc2538dk.a(watchdog.o)
                0x00200f78                watchdog_init
 .text.watchdog_start
                0x00200f84        0xc contiki-cc2538dk.a(watchdog.o)
                0x00200f84                watchdog_start
 .text.watchdog_periodic
                0x00200f90       0x10 contiki-cc2538dk.a(watchdog.o)
                0x00200f90                watchdog_periodic
 .text.watchdog_reboot
                0x00200fa0       0x14 contiki-cc2538dk.a(watchdog.o)
                0x00200fa0                watchdog_reboot
 .text.nvic_init
                0x00200fb4       0x3c contiki-cc2538dk.a(nvic.o)
                0x00200fb4                nvic_init
 .text.nvic_interrupt_enable
                0x00200ff0       0x18 contiki-cc2538dk.a(nvic.o)
                0x00200ff0                nvic_interrupt_enable
 .text.nvic_interrupt_disable
                0x00201008       0x18 contiki-cc2538dk.a(nvic.o)
                0x00201008                nvic_interrupt_disable
 .text.nvic_interrupt_unpend
                0x00201020       0x18 contiki-cc2538dk.a(nvic.o)
                0x00201020                nvic_interrupt_unpend
 .text.cpu_cpsie
                0x00201038        0x8 contiki-cc2538dk.a(cpu.o)
                0x00201038                cpu_cpsie
 .text.cpu_cpsid
                0x00201040        0x8 contiki-cc2538dk.a(cpu.o)
                0x00201040                cpu_cpsid
 .text.sys_ctrl_init
                0x00201048       0x28 contiki-cc2538dk.a(sys-ctrl.o)
                0x00201048                sys_ctrl_init
 .text.sys_ctrl_reset
                0x00201070        0xc contiki-cc2538dk.a(sys-ctrl.o)
                0x00201070                sys_ctrl_reset
 .text.gpio_register_callback
                0x0020107c       0x10 contiki-cc2538dk.a(gpio.o)
                0x0020107c                gpio_register_callback
 .text.notify   0x0020108c       0x34 contiki-cc2538dk.a(gpio.o)
                0x0020108c                notify
 .text.gpio_init
                0x002010c0       0x14 contiki-cc2538dk.a(gpio.o)
                0x002010c0                gpio_init
 .text.gpio_port_d_isr
                0x002010d4       0x2c contiki-cc2538dk.a(gpio.o)
                0x002010d4                gpio_port_d_isr
 .text.gpio_port_c_isr
                0x00201100       0x2c contiki-cc2538dk.a(gpio.o)
                0x00201100                gpio_port_c_isr
 .text.gpio_port_b_isr
                0x0020112c       0x2c contiki-cc2538dk.a(gpio.o)
                0x0020112c                gpio_port_b_isr
 .text.gpio_port_a_isr
                0x00201158       0x28 contiki-cc2538dk.a(gpio.o)
                0x00201158                gpio_port_a_isr
 .text.ioc_init
                0x00201180       0x1c contiki-cc2538dk.a(ioc.o)
                0x00201180                ioc_init
 .text.ioc_set_over
                0x0020119c       0x14 contiki-cc2538dk.a(ioc.o)
                0x0020119c                ioc_set_over
 .text.ioc_set_sel
                0x002011b0       0x14 contiki-cc2538dk.a(ioc.o)
                0x002011b0                ioc_set_sel
 .text.adc_init
                0x002011c4       0x10 contiki-cc2538dk.a(adc.o)
                0x002011c4                adc_init
 .text.adc_get  0x002011d4       0x74 contiki-cc2538dk.a(adc.o)
                0x002011d4                adc_get
 .text.set_frame_filtering
                0x00201248       0x1c contiki-cc2538dk.a(cc2538-rf.o)
 .text.on       0x00201264       0x2c contiki-cc2538dk.a(cc2538-rf.o)
 .text.off      0x00201290       0x3c contiki-cc2538dk.a(cc2538-rf.o)
 .text.set_channel
                0x002012cc       0x68 contiki-cc2538dk.a(cc2538-rf.o)
 .text.channel_clear
                0x00201334       0x54 contiki-cc2538dk.a(cc2538-rf.o)
 .text.receiving_packet
                0x00201388       0x18 contiki-cc2538dk.a(cc2538-rf.o)
 .text.pending_packet
                0x002013a0       0x10 contiki-cc2538dk.a(cc2538-rf.o)
 .text.get_value
                0x002013b0      0x12c contiki-cc2538dk.a(cc2538-rf.o)
 .text.set_value
                0x002014dc       0xe4 contiki-cc2538dk.a(cc2538-rf.o)
 .text.get_object
                0x002015c0       0x2c contiki-cc2538dk.a(cc2538-rf.o)
 .text.set_object
                0x002015ec       0x28 contiki-cc2538dk.a(cc2538-rf.o)
 .text.read     0x00201614       0xdc contiki-cc2538dk.a(cc2538-rf.o)
 .text.cc2538_rf_err_isr
                0x002016f0       0x30 contiki-cc2538dk.a(cc2538-rf.o)
                0x002016f0                cc2538_rf_err_isr
 .text.cc2538_rf_rx_tx_isr
                0x00201720       0x18 contiki-cc2538dk.a(cc2538-rf.o)
                0x00201720                cc2538_rf_rx_tx_isr
 .text.transmit
                0x00201738       0xac contiki-cc2538dk.a(cc2538-rf.o)
 .text.prepare  0x002017e4       0x68 contiki-cc2538dk.a(cc2538-rf.o)
 .text.send     0x0020184c       0x10 contiki-cc2538dk.a(cc2538-rf.o)
 .text.init     0x0020185c       0xd8 contiki-cc2538dk.a(cc2538-rf.o)
 .text.process_thread_cc2538_rf_process
                0x00201934       0x7c contiki-cc2538dk.a(cc2538-rf.o)
 .text.udma_set_channel_src
                0x002019b0       0x10 contiki-cc2538dk.a(udma.o)
                0x002019b0                udma_set_channel_src
 .text.udma_set_channel_dst
                0x002019c0       0x14 contiki-cc2538dk.a(udma.o)
                0x002019c0                udma_set_channel_dst
 .text.udma_set_channel_control_word
                0x002019d4       0x14 contiki-cc2538dk.a(udma.o)
                0x002019d4                udma_set_channel_control_word
 .text.udma_channel_enable
                0x002019e8       0x18 contiki-cc2538dk.a(udma.o)
                0x002019e8                udma_channel_enable
 .text.udma_channel_mask_set
                0x00201a00       0x18 contiki-cc2538dk.a(udma.o)
                0x00201a00                udma_channel_mask_set
 .text.udma_channel_sw_request
                0x00201a18       0x18 contiki-cc2538dk.a(udma.o)
                0x00201a18                udma_channel_sw_request
 .text.udma_channel_get_mode
                0x00201a30       0x1c contiki-cc2538dk.a(udma.o)
                0x00201a30                udma_channel_get_mode
 .text.udma_isr
                0x00201a4c       0x10 contiki-cc2538dk.a(udma.o)
                0x00201a4c                udma_isr
 .text.udma_err_isr
                0x00201a5c        0xc contiki-cc2538dk.a(udma.o)
                0x00201a5c                udma_err_isr
 .text.udma_init
                0x00201a68       0x30 contiki-cc2538dk.a(udma.o)
                0x00201a68                udma_init
 .text.enter_pm0
                0x00201a98        0x4 contiki-cc2538dk.a(lpm.o)
 .text.select_32_mhz_xosc
                0x00201a9c       0x34 contiki-cc2538dk.a(lpm.o)
 .text.lpm_register_peripheral
                0x00201ad0       0x24 contiki-cc2538dk.a(lpm.o)
                0x00201ad0                lpm_register_peripheral
 .text.lpm_init
                0x00201af4       0x24 contiki-cc2538dk.a(lpm.o)
                0x00201af4                lpm_init
 .text.lpm_enter
                0x00201b18       0xc8 contiki-cc2538dk.a(lpm.o)
                0x00201b18                lpm_enter
 .text.lpm_exit
                0x00201be0       0x38 contiki-cc2538dk.a(lpm.o)
                0x00201be0                lpm_exit
 .text.putchar  0x00201c18       0x10 contiki-cc2538dk.a(dbg.o)
                0x00201c18                putchar
 .text.puts     0x00201c28       0x24 contiki-cc2538dk.a(dbg.o)
                0x00201c28                puts
 .text.dbg_send_bytes
                0x00201c4c       0x24 contiki-cc2538dk.a(dbg.o)
                0x00201c4c                dbg_send_bytes
 .text.ieee_addr_cpy_to
                0x00201c70       0x78 contiki-cc2538dk.a(ieee-addr.o)
                0x00201c70                ieee_addr_cpy_to
 .text.printf   0x00201ce8       0x20 contiki-cc2538dk.a(dbg-printf.o)
                0x00201ce8                printf
 .text.write_str
                0x00201d08       0x10 contiki-cc2538dk.a(dbg-printf.o)
 .text.parse_uint
                0x00201d18       0x24 contiki-cc2538dk.a(strformat.o)
 .text.output_uint_hex
                0x00201d3c       0x48 contiki-cc2538dk.a(strformat.o)
 .text.fill_space
                0x00201d84       0x38 contiki-cc2538dk.a(strformat.o)
 .text.format_str_v
                0x00201dbc      0x6c8 contiki-cc2538dk.a(strformat.o)
                0x00201dbc                format_str_v
 .text.autostart_start
                0x00202484       0x18 contiki-cc2538dk.a(autostart.o)
                0x00202484                autostart_start
 .text.process_thread_ctimer_process
                0x0020249c       0x8c contiki-cc2538dk.a(ctimer.o)
 .text.ctimer_stop
                0x00202528       0x28 contiki-cc2538dk.a(ctimer.o)
                0x00202528                ctimer_stop
 .text.ctimer_set
                0x00202550       0x44 contiki-cc2538dk.a(ctimer.o)
                0x00202550                ctimer_set
 .text.ctimer_init
                0x00202594       0x24 contiki-cc2538dk.a(ctimer.o)
                0x00202594                ctimer_init
 .text.energest_init
                0x002025b8        0x4 contiki-cc2538dk.a(energest.o)
                0x002025b8                energest_init
 .text.etimer_pending
                0x002025bc       0x10 contiki-cc2538dk.a(etimer.o)
                0x002025bc                etimer_pending
 .text.update_time
                0x002025cc       0x44 contiki-cc2538dk.a(etimer.o)
 .text.etimer_stop
                0x00202610       0x34 contiki-cc2538dk.a(etimer.o)
                0x00202610                etimer_stop
 .text.etimer_request_poll
                0x00202644       0x10 contiki-cc2538dk.a(etimer.o)
                0x00202644                etimer_request_poll
 .text.process_thread_etimer_process
                0x00202654       0xa0 contiki-cc2538dk.a(etimer.o)
 .text.add_timer
                0x002026f4       0x40 contiki-cc2538dk.a(etimer.o)
 .text.etimer_set
                0x00202734       0x10 contiki-cc2538dk.a(etimer.o)
                0x00202734                etimer_set
 .text.process_alloc_event
                0x00202744       0x10 contiki-cc2538dk.a(process.o)
                0x00202744                process_alloc_event
 .text.process_init
                0x00202754       0x30 contiki-cc2538dk.a(process.o)
                0x00202754                process_init
 .text.process_nevents
                0x00202784       0x14 contiki-cc2538dk.a(process.o)
                0x00202784                process_nevents
 .text.process_post
                0x00202798       0x50 contiki-cc2538dk.a(process.o)
                0x00202798                process_post
 .text.process_poll
                0x002027e8       0x1c contiki-cc2538dk.a(process.o)
                0x002027e8                process_poll
 .text.process_is_running
                0x00202804        0xc contiki-cc2538dk.a(process.o)
                0x00202804                process_is_running
 .text.exit_process
                0x00202810       0x8c contiki-cc2538dk.a(process.o)
 .text.call_process
                0x0020289c       0x40 contiki-cc2538dk.a(process.o)
 .text.process_post_synch
                0x002028dc       0x14 contiki-cc2538dk.a(process.o)
                0x002028dc                process_post_synch
 .text.process_start
                0x002028f0       0x30 contiki-cc2538dk.a(process.o)
                0x002028f0                process_start
 .text.do_poll  0x00202920       0x34 contiki-cc2538dk.a(process.o)
 .text.process_run
                0x00202954       0xb8 contiki-cc2538dk.a(process.o)
                0x00202954                process_run
 .text.rtimer_run_next
                0x00202a0c       0x24 contiki-cc2538dk.a(rtimer.o)
                0x00202a0c                rtimer_run_next
 .text.rtimer_set
                0x00202a30       0x24 contiki-cc2538dk.a(rtimer.o)
                0x00202a30                rtimer_set
 .text.rtimer_init
                0x00202a54        0x8 contiki-cc2538dk.a(rtimer.o)
                0x00202a54                rtimer_init
 .text.timer_expired
                0x00202a5c       0x1c contiki-cc2538dk.a(timer.o)
                0x00202a5c                timer_expired
 .text.timer_set
                0x00202a78       0x10 contiki-cc2538dk.a(timer.o)
                0x00202a78                timer_set
 .text.process_thread_serial_line_process
                0x00202a88       0xa8 contiki-cc2538dk.a(serial-line.o)
 .text.serial_line_init
                0x00202b30       0x24 contiki-cc2538dk.a(serial-line.o)
                0x00202b30                serial_line_init
 .text.serial_line_input_byte
                0x00202b54       0x44 contiki-cc2538dk.a(serial-line.o)
                0x00202b54                serial_line_input_byte
 .text.list_init
                0x00202b98        0x8 contiki-cc2538dk.a(list.o)
                0x00202b98                list_init
 .text.list_head
                0x00202ba0        0x4 contiki-cc2538dk.a(list.o)
                0x00202ba0                list_head
 .text.list_tail
                0x00202ba4       0x10 contiki-cc2538dk.a(list.o)
                0x00202ba4                list_tail
 .text.list_remove
                0x00202bb4       0x28 contiki-cc2538dk.a(list.o)
                0x00202bb4                list_remove
 .text.list_push
                0x00202bdc       0x14 contiki-cc2538dk.a(list.o)
                0x00202bdc                list_push
 .text.list_add
                0x00202bf0       0x20 contiki-cc2538dk.a(list.o)
                0x00202bf0                list_add
 .text.list_length
                0x00202c10       0x10 contiki-cc2538dk.a(list.o)
                0x00202c10                list_length
 .text.list_item_next
                0x00202c20        0x8 contiki-cc2538dk.a(list.o)
                0x00202c20                list_item_next
 .text.random_rand
                0x00202c28       0x24 contiki-cc2538dk.a(random.o)
                0x00202c28                random_rand
 .text.random_init
                0x00202c4c       0x90 contiki-cc2538dk.a(random.o)
                0x00202c4c                random_init
 .text.ringbuf_init
                0x00202cdc       0x10 contiki-cc2538dk.a(ringbuf.o)
                0x00202cdc                ringbuf_init
 .text.ringbuf_put
                0x00202cec       0x2c contiki-cc2538dk.a(ringbuf.o)
                0x00202cec                ringbuf_put
 .text.ringbuf_get
                0x00202d18       0x28 contiki-cc2538dk.a(ringbuf.o)
                0x00202d18                ringbuf_get
 .text.sent_by_abc
                0x00202d40        0xc contiki-cc2538dk.a(broadcast.o)
 .text.broadcast_send
                0x00202d4c       0x18 contiki-cc2538dk.a(broadcast.o)
                0x00202d4c                broadcast_send
 .text.broadcast_close
                0x00202d64        0x8 contiki-cc2538dk.a(broadcast.o)
                0x00202d64                broadcast_close
 .text.broadcast_open
                0x00202d6c       0x24 contiki-cc2538dk.a(broadcast.o)
                0x00202d6c                broadcast_open
 .text.recv_from_abc
                0x00202d90       0x24 contiki-cc2538dk.a(broadcast.o)
 .text.channel_lookup
                0x00202db4       0x20 contiki-cc2538dk.a(channel.o)
                0x00202db4                channel_lookup
 .text.channel_close
                0x00202dd4       0x10 contiki-cc2538dk.a(channel.o)
                0x00202dd4                channel_close
 .text.channel_open
                0x00202de4       0x14 contiki-cc2538dk.a(channel.o)
                0x00202de4                channel_open
 .text.channel_set_attributes
                0x00202df8       0x18 contiki-cc2538dk.a(channel.o)
                0x00202df8                channel_set_attributes
 .text.channel_init
                0x00202e10       0x10 contiki-cc2538dk.a(channel.o)
                0x00202e10                channel_init
 .text.input    0x00202e20       0x30 contiki-cc2538dk.a(rime.o)
 .text.init     0x00202e50       0x28 contiki-cc2538dk.a(rime.o)
 .text.rime_output
                0x00202e78       0x28 contiki-cc2538dk.a(rime.o)
                0x00202e78                rime_output
 .text.packet_sent
                0x00202ea0       0x38 contiki-cc2538dk.a(rime.o)
 .text.linkaddr_cmp
                0x00202ed8       0x14 contiki-cc2538dk.a(linkaddr.o)
                0x00202ed8                linkaddr_cmp
 .text.linkaddr_copy
                0x00202eec        0x8 contiki-cc2538dk.a(linkaddr.o)
                0x00202eec                linkaddr_copy
 .text.netstack_init
                0x00202ef4       0x2c contiki-cc2538dk.a(netstack.o)
                0x00202ef4                netstack_init
 .text.packetbuf_hdrreduce
                0x00202f20       0x2c contiki-cc2538dk.a(packetbuf.o)
                0x00202f20                packetbuf_hdrreduce
 .text.packetbuf_set_datalen
                0x00202f4c        0xc contiki-cc2538dk.a(packetbuf.o)
                0x00202f4c                packetbuf_set_datalen
 .text.packetbuf_dataptr
                0x00202f58       0x18 contiki-cc2538dk.a(packetbuf.o)
                0x00202f58                packetbuf_dataptr
 .text.packetbuf_hdrptr
                0x00202f70       0x14 contiki-cc2538dk.a(packetbuf.o)
                0x00202f70                packetbuf_hdrptr
 .text.packetbuf_is_reference
                0x00202f84       0x1c contiki-cc2538dk.a(packetbuf.o)
                0x00202f84                packetbuf_is_reference
 .text.packetbuf_reference_ptr
                0x00202fa0        0xc contiki-cc2538dk.a(packetbuf.o)
                0x00202fa0                packetbuf_reference_ptr
 .text.packetbuf_datalen
                0x00202fac        0xc contiki-cc2538dk.a(packetbuf.o)
                0x00202fac                packetbuf_datalen
 .text.packetbuf_hdrlen
                0x00202fb8       0x1c contiki-cc2538dk.a(packetbuf.o)
                0x00202fb8                packetbuf_hdrlen
 .text.packetbuf_totlen
                0x00202fd4       0x14 contiki-cc2538dk.a(packetbuf.o)
                0x00202fd4                packetbuf_totlen
 .text.packetbuf_hdralloc
                0x00202fe8       0x28 contiki-cc2538dk.a(packetbuf.o)
                0x00202fe8                packetbuf_hdralloc
 .text.packetbuf_set_attr
                0x00203010       0x10 contiki-cc2538dk.a(packetbuf.o)
                0x00203010                packetbuf_set_attr
 .text.packetbuf_attr
                0x00203020        0xc contiki-cc2538dk.a(packetbuf.o)
                0x00203020                packetbuf_attr
 .text.packetbuf_addr
                0x0020302c       0x10 contiki-cc2538dk.a(packetbuf.o)
                0x0020302c                packetbuf_addr
 .text.packetbuf_holds_broadcast
                0x0020303c       0x14 contiki-cc2538dk.a(packetbuf.o)
                0x0020303c                packetbuf_holds_broadcast
 .text.packetbuf_set_addr
                0x00203050       0x18 contiki-cc2538dk.a(packetbuf.o)
                0x00203050                packetbuf_set_addr
 .text.packetbuf_attr_clear
                0x00203068       0x4c contiki-cc2538dk.a(packetbuf.o)
                0x00203068                packetbuf_attr_clear
 .text.packetbuf_clear
                0x002030b4       0x38 contiki-cc2538dk.a(packetbuf.o)
                0x002030b4                packetbuf_clear
 .text.packetbuf_attr_copyfrom
                0x002030ec       0x24 contiki-cc2538dk.a(packetbuf.o)
                0x002030ec                packetbuf_attr_copyfrom
 .text.packetbuf_attr_copyto
                0x00203110       0x20 contiki-cc2538dk.a(packetbuf.o)
                0x00203110                packetbuf_attr_copyto
 .text.packetbuf_copyto
                0x00203130       0x5c contiki-cc2538dk.a(packetbuf.o)
                0x00203130                packetbuf_copyto
 .text.packetbuf_copyto_hdr
                0x0020318c       0x24 contiki-cc2538dk.a(packetbuf.o)
                0x0020318c                packetbuf_copyto_hdr
 .text.packetbuf_compact
                0x002031b0       0x60 contiki-cc2538dk.a(packetbuf.o)
                0x002031b0                packetbuf_compact
 .text.packetbuf_copyfrom
                0x00203210       0x2c contiki-cc2538dk.a(packetbuf.o)
                0x00203210                packetbuf_copyfrom
 .text.queuebuf_attr
                0x0020323c        0xc contiki-cc2538dk.a(queuebuf.o)
                0x0020323c                queuebuf_attr
 .text.queuebuf_to_packetbuf
                0x00203248       0x60 contiki-cc2538dk.a(queuebuf.o)
                0x00203248                queuebuf_to_packetbuf
 .text.queuebuf_free
                0x002032a8       0x3c contiki-cc2538dk.a(queuebuf.o)
                0x002032a8                queuebuf_free
 .text.queuebuf_update_attr_from_packetbuf
                0x002032e4       0x10 contiki-cc2538dk.a(queuebuf.o)
                0x002032e4                queuebuf_update_attr_from_packetbuf
 .text.queuebuf_new_from_packetbuf
                0x002032f4       0x74 contiki-cc2538dk.a(queuebuf.o)
                0x002032f4                queuebuf_new_from_packetbuf
 .text.queuebuf_init
                0x00203368       0x24 contiki-cc2538dk.a(queuebuf.o)
                0x00203368                queuebuf_init
 .text.default_timebase
                0x0020338c       0x14 contiki-cc2538dk.a(csma.o)
 .text.input_packet
                0x002033a0       0x10 contiki-cc2538dk.a(csma.o)
 .text.on       0x002033b0       0x10 contiki-cc2538dk.a(csma.o)
 .text.off      0x002033c0       0x10 contiki-cc2538dk.a(csma.o)
 .text.channel_check_interval
                0x002033d0       0x10 contiki-cc2538dk.a(csma.o)
 .text.transmit_packet_list
                0x002033e0       0x24 contiki-cc2538dk.a(csma.o)
 .text.send_packet
                0x00203404      0x168 contiki-cc2538dk.a(csma.o)
 .text.free_packet
                0x0020356c       0x7c contiki-cc2538dk.a(csma.o)
 .text.packet_sent
                0x002035e8       0xdc contiki-cc2538dk.a(csma.o)
 .text.init     0x002036c4       0x24 contiki-cc2538dk.a(csma.o)
 .text.mac_call_sent_callback
                0x002036e8       0x10 contiki-cc2538dk.a(mac.o)
                0x002036e8                mac_call_sent_callback
 .text.on       0x002036f8       0x10 contiki-cc2538dk.a(nullrdc.o)
 .text.off      0x00203708       0x14 contiki-cc2538dk.a(nullrdc.o)
 .text.channel_check_interval
                0x0020371c        0x4 contiki-cc2538dk.a(nullrdc.o)
 .text.init     0x00203720        0x8 contiki-cc2538dk.a(nullrdc.o)
 .text.packet_input
                0x00203728       0x50 contiki-cc2538dk.a(nullrdc.o)
 .text.send_one_packet
                0x00203778       0xfc contiki-cc2538dk.a(nullrdc.o)
 .text.send_list
                0x00203874       0x24 contiki-cc2538dk.a(nullrdc.o)
 .text.send_packet
                0x00203898        0x8 contiki-cc2538dk.a(nullrdc.o)
 .text.hdr_length
                0x002038a0       0x10 contiki-cc2538dk.a(contikimac-fram)
 .text.parse    0x002038b0       0x34 contiki-cc2538dk.a(contikimac-fram)
 .text.create   0x002038e4       0x2c contiki-cc2538dk.a(contikimac-fram)
 .text.create_and_secure
                0x00203910       0x60 contiki-cc2538dk.a(contikimac-fram)
 .text.bootstrap
                0x00203970        0x8 contiki-cc2538dk.a(nullsec.o)
 .text.on_frame_created
                0x00203978        0x4 contiki-cc2538dk.a(nullsec.o)
 .text.input    0x0020397c       0x10 contiki-cc2538dk.a(nullsec.o)
 .text.get_overhead
                0x0020398c        0x4 contiki-cc2538dk.a(nullsec.o)
 .text.send     0x00203990       0x20 contiki-cc2538dk.a(nullsec.o)
 .text.memb_alloc
                0x002039b0       0x2c contiki-cc2538dk.a(memb.o)
                0x002039b0                memb_alloc
 .text.memb_free
                0x002039dc       0x30 contiki-cc2538dk.a(memb.o)
                0x002039dc                memb_free
 .text.memb_inmemb
                0x00203a0c       0x20 contiki-cc2538dk.a(memb.o)
                0x00203a0c                memb_inmemb
 .text.memb_init
                0x00203a2c       0x20 contiki-cc2538dk.a(memb.o)
                0x00203a2c                memb_init
 .text.abc_input
                0x00203a4c        0xc contiki-cc2538dk.a(abc.o)
                0x00203a4c                abc_input
 .text.abc_sent
                0x00203a58        0xc contiki-cc2538dk.a(abc.o)
                0x00203a58                abc_sent
 .text.abc_send
                0x00203a64        0x8 contiki-cc2538dk.a(abc.o)
                0x00203a64                abc_send
 .text.abc_close
                0x00203a6c        0x8 contiki-cc2538dk.a(abc.o)
                0x00203a6c                abc_close
 .text.abc_open
                0x00203a74       0x1c contiki-cc2538dk.a(abc.o)
                0x00203a74                abc_open
 .text.announcement_register_observer_callback
                0x00203a90        0xc contiki-cc2538dk.a(announcement.o)
                0x00203a90                announcement_register_observer_callback
 .text.announcement_list
                0x00203a9c       0x10 contiki-cc2538dk.a(announcement.o)
                0x00203a9c                announcement_list
 .text.announcement_heard
                0x00203aac       0x38 contiki-cc2538dk.a(announcement.o)
                0x00203aac                announcement_heard
 .text.announcement_init
                0x00203ae4       0x10 contiki-cc2538dk.a(announcement.o)
                0x00203ae4                announcement_init
 .text.adv_packet_sent
                0x00203af4        0x4 contiki-cc2538dk.a(broadcast-annou)
 .text.broadcast_announcement_init
                0x00203af8       0x38 contiki-cc2538dk.a(broadcast-annou)
                0x00203af8                broadcast_announcement_init
 .text.adv_packet_received
                0x00203b30       0x54 contiki-cc2538dk.a(broadcast-annou)
 .text.set_timers
                0x00203b84       0x3c contiki-cc2538dk.a(broadcast-annou)
 .text.new_announcement
                0x00203bc0       0x1c contiki-cc2538dk.a(broadcast-annou)
 .text.send_timer
                0x00203bdc       0x1c contiki-cc2538dk.a(broadcast-annou)
 .text.send_adv
                0x00203bf8       0x5c contiki-cc2538dk.a(broadcast-annou)
 .text.chameleon_hdrsize
                0x00203c54       0x10 contiki-cc2538dk.a(chameleon.o)
                0x00203c54                chameleon_hdrsize
 .text.chameleon_create
                0x00203c64       0x20 contiki-cc2538dk.a(chameleon.o)
                0x00203c64                chameleon_create
 .text.chameleon_parse
                0x00203c84       0x1c contiki-cc2538dk.a(chameleon.o)
                0x00203c84                chameleon_parse
 .text.chameleon_init
                0x00203ca0        0x8 contiki-cc2538dk.a(chameleon.o)
                0x00203ca0                chameleon_init
 .text.parse    0x00203ca8       0x90 contiki-cc2538dk.a(framer-802154.o)
 .text.create_frame
                0x00203d38      0x118 contiki-cc2538dk.a(framer-802154.o)
 .text.create   0x00203e50        0xc contiki-cc2538dk.a(framer-802154.o)
 .text.hdr_length
                0x00203e5c        0xc contiki-cc2538dk.a(framer-802154.o)
 .text.framer_canonical_create_and_secure
                0x00203e68       0x2c contiki-cc2538dk.a(framer.o)
                0x00203e68                framer_canonical_create_and_secure
 .text.mac_sequence_is_duplicate
                0x00203e94       0x38 contiki-cc2538dk.a(mac-sequence.o)
                0x00203e94                mac_sequence_is_duplicate
 .text.mac_sequence_register_seqno
                0x00203ecc       0x6c contiki-cc2538dk.a(mac-sequence.o)
                0x00203ecc                mac_sequence_register_seqno
 .text.get_bits_in_byte
                0x00203f38       0x24 contiki-cc2538dk.a(chameleon-bitop)
                0x00203f38                get_bits_in_byte
 .text.get_bits
                0x00203f5c       0x74 contiki-cc2538dk.a(chameleon-bitop)
                0x00203f5c                get_bits
 .text.header_size
                0x00203fd0       0x18 contiki-cc2538dk.a(chameleon-bitop)
 .text.set_bits_in_byte
                0x00203fe8       0x1c contiki-cc2538dk.a(chameleon-bitop)
                0x00203fe8                set_bits_in_byte
 .text.set_bits
                0x00204004       0x7c contiki-cc2538dk.a(chameleon-bitop)
                0x00204004                set_bits
 .text.pack_header
                0x00204080       0x88 contiki-cc2538dk.a(chameleon-bitop)
 .text.unpack_header
                0x00204108       0xac contiki-cc2538dk.a(chameleon-bitop)
 .text.addr_len
                0x002041b4       0x10 contiki-cc2538dk.a(frame802154.o)
 .text.frame802154_parse
                0x002041c4      0x128 contiki-cc2538dk.a(frame802154.o)
                0x002041c4                frame802154_parse
 .text.field_len
                0x002042ec       0x68 contiki-cc2538dk.a(frame802154.o)
 .text.frame802154_create
                0x00204354       0xdc contiki-cc2538dk.a(frame802154.o)
                0x00204354                frame802154_create
 .text.frame802154_hdrlen
                0x00204430       0x2c contiki-cc2538dk.a(frame802154.o)
                0x00204430                frame802154_hdrlen
 .text          0x0020445c       0x2c /home/user/CodeSourcery/Sourcery_G++_Lite/bin/../lib/gcc/arm-none-eabi/4.3.2/thumb2/libgcc.a(_aeabi_uldivmod.o)
                0x0020445c                __aeabi_uldivmod
 .text          0x00204488       0x60 /home/user/CodeSourcery/Sourcery_G++_Lite/bin/../lib/gcc/arm-none-eabi/4.3.2/thumb2/libgcc.a(bpabi.o)
                0x00204488                __gnu_uldivmod_helper
                0x002044b8                __gnu_ldivmod_helper
 .text          0x002044e8        0x4 /home/user/CodeSourcery/Sourcery_G++_Lite/bin/../lib/gcc/arm-none-eabi/4.3.2/thumb2/libgcc.a(_dvmd_tls.o)
                0x002044e8                __aeabi_ldiv0
                0x002044e8                __aeabi_idiv0
 .text          0x002044ec      0x424 /home/user/CodeSourcery/Sourcery_G++_Lite/bin/../lib/gcc/arm-none-eabi/4.3.2/thumb2/libgcc.a(_divdi3.o)
                0x002044ec                __divdi3
 .text          0x00204910      0x3e4 /home/user/CodeSourcery/Sourcery_G++_Lite/bin/../lib/gcc/arm-none-eabi/4.3.2/thumb2/libgcc.a(_udivdi3.o)
                0x00204910                __udivdi3
 .text          0x00204cf4       0x8c /home/user/CodeSourcery/Sourcery_G++_Lite/bin/../lib/gcc/arm-none-eabi/4.3.2/thumb2/libgcc.a(_udivsi3.o)
                0x00204cf4                __udivsi3
                0x00204cf4                __aeabi_uidiv
                0x00204d6c                __aeabi_uidivmod
 .text          0x00204d80       0x60 /home/user/CodeSourcery/Sourcery_G++_Lite/bin/../lib/gcc/arm-none-eabi/4.3.2/../../../../arm-none-eabi/lib/thumb2/libc.a(lib_a-memcmp.o)
                0x00204d80                memcmp
 .text          0x00204de0       0x98 /home/user/CodeSourcery/Sourcery_G++_Lite/bin/../lib/gcc/arm-none-eabi/4.3.2/../../../../arm-none-eabi/lib/thumb2/libc.a(lib_a-memcpy.o)
                0x00204de0                memcpy
 .text          0x00204e78       0x88 /home/user/CodeSourcery/Sourcery_G++_Lite/bin/../lib/gcc/arm-none-eabi/4.3.2/../../../../arm-none-eabi/lib/thumb2/libc.a(lib_a-memset.o)
                0x00204e78                memset
 *(SORT(.rodata*))
 .rodata.autostart_processes
                0x00204f00        0x8 cc2538-demo.co
                0x00204f00                autostart_processes
 .rodata.bc_rx  0x00204f08        0x8 cc2538-demo.co
 .rodata.button_select_sensor
                0x00204f10       0x10 contiki-cc2538dk.a(button-sensor.o)
                0x00204f10                button_select_sensor
 .rodata.button_up_sensor
                0x00204f20       0x10 contiki-cc2538dk.a(button-sensor.o)
                0x00204f20                button_up_sensor
 .rodata.button_left_sensor
                0x00204f30       0x10 contiki-cc2538dk.a(button-sensor.o)
                0x00204f30                button_left_sensor
 .rodata.button_right_sensor
                0x00204f40       0x10 contiki-cc2538dk.a(button-sensor.o)
                0x00204f40                button_right_sensor
 .rodata.button_down_sensor
                0x00204f50       0x10 contiki-cc2538dk.a(button-sensor.o)
                0x00204f50                button_down_sensor
 .rodata.adc_sensor
                0x00204f60       0x10 contiki-cc2538dk.a(adc-sensor.o)
                0x00204f60                adc_sensor
 .rodata.uart_regs
                0x00204f70       0x58 contiki-cc2538dk.a(uart.o)
 .rodata.cc2538_rf_driver
                0x00204fc8       0x38 contiki-cc2538dk.a(cc2538-rf.o)
                0x00204fc8                cc2538_rf_driver
 .rodata.output_power
                0x00205000       0x70 contiki-cc2538dk.a(cc2538-rf.o)
 .rodata.broadcast
                0x00205070        0x8 contiki-cc2538dk.a(broadcast.o)
 .rodata.rime_driver
                0x00205078        0xc contiki-cc2538dk.a(rime.o)
                0x00205078                rime_driver
 .rodata.packetbuf
                0x00205084        0x4 contiki-cc2538dk.a(packetbuf.o)
 .rodata.csma_driver
                0x00205088       0x1c contiki-cc2538dk.a(csma.o)
                0x00205088                csma_driver
 .rodata.nullrdc_driver
                0x002050a4       0x20 contiki-cc2538dk.a(nullrdc.o)
                0x002050a4                nullrdc_driver
 .rodata.contikimac_framer
                0x002050c4       0x10 contiki-cc2538dk.a(contikimac-fram)
                0x002050c4                contikimac_framer
 .rodata.nullsec_driver
                0x002050d4       0x18 contiki-cc2538dk.a(nullsec.o)
                0x002050d4                nullsec_driver
 .rodata.broadcast_callbacks
                0x002050ec        0x8 contiki-cc2538dk.a(broadcast-annou)
 .rodata.framer_802154
                0x002050f4       0x10 contiki-cc2538dk.a(framer-802154.o)
                0x002050f4                framer_802154
 .rodata.chameleon_bitopt
                0x00205104        0xc contiki-cc2538dk.a(chameleon-bitop)
                0x00205104                chameleon_bitopt
 .rodata.linkaddr_null
                0x00205110        0x2 contiki-cc2538dk.a(linkaddr.o)
                0x00205110                linkaddr_null
 .rodata.str1.1
                0x00205112      0x154 cc2538-demo.co
                                0x156 (size before relaxing)
 .rodata.str1.1
                0x00205266       0x71 contiki-cc2538dk.a(contiki-main.o)
 .rodata.str1.1
                0x002052d7        0x8 contiki-cc2538dk.a(sensors.o)
 .rodata.str1.1
                0x002052df        0x7 contiki-cc2538dk.a(button-sensor.o)
 .rodata.str1.1
                0x002052e6        0x4 contiki-cc2538dk.a(adc-sensor.o)
 .rodata.str1.1
                0x002052ea       0x11 contiki-cc2538dk.a(cc2538-rf.o)
 .rodata.buffer.1352
                0x002052fb       0x10 contiki-cc2538dk.a(strformat.o)
 .rodata.str1.1
                0x0020530b       0x35 contiki-cc2538dk.a(strformat.o)
                                 0x37 (size before relaxing)
 .rodata.buffer.1366
                0x00205340       0x10 contiki-cc2538dk.a(strformat.o)
 .rodata.str1.1
                0x00205350        0xf contiki-cc2538dk.a(ctimer.o)
 .rodata.str1.1
                0x0020535f        0xc contiki-cc2538dk.a(etimer.o)
 .rodata.str1.1
                0x0020536b        0xe contiki-cc2538dk.a(serial-line.o)
 .rodata.attributes
                0x00205379        0x4 contiki-cc2538dk.a(broadcast.o)
 .rodata.str1.1
                0x0020537d        0x5 contiki-cc2538dk.a(rime.o)
 .rodata.str1.1
                0x00205382        0x5 contiki-cc2538dk.a(csma.o)
 .rodata.str1.1
                0x00205387        0x8 contiki-cc2538dk.a(nullrdc.o)
 .rodata.str1.1
                0x0020538f        0x8 contiki-cc2538dk.a(nullsec.o)
 .rodata.attributes
                0x00205397        0x2 contiki-cc2538dk.a(abc.o)
 .rodata.bitmask
                0x00205399        0x9 contiki-cc2538dk.a(chameleon-bitop)
 .rodata        0x002053a2      0x100 /home/user/CodeSourcery/Sourcery_G++_Lite/bin/../lib/gcc/arm-none-eabi/4.3.2/thumb2/libgcc.a(_clz.o)
                0x002053a2                __clz_tab
                0x002054a2                _etext = .

.glue_7         0x002054a4        0x0 load address 0x002054a2
 .glue_7        0x002054a4        0x0 obj_cc2538dk/startup-gcc.o
 .glue_7        0x002054a4        0x0 cc2538-demo.co
 .glue_7        0x002054a4        0x0 contiki-cc2538dk.a(leds.o)
 .glue_7        0x002054a4        0x0 contiki-cc2538dk.a(leds-arch.o)
 .glue_7        0x002054a4        0x0 contiki-cc2538dk.a(contiki-main.o)
 .glue_7        0x002054a4        0x0 contiki-cc2538dk.a(sensors.o)
 .glue_7        0x002054a4        0x0 contiki-cc2538dk.a(smartrf-sensors)
 .glue_7        0x002054a4        0x0 contiki-cc2538dk.a(button-sensor.o)
 .glue_7        0x002054a4        0x0 contiki-cc2538dk.a(adc-sensor.o)
 .glue_7        0x002054a4        0x0 contiki-cc2538dk.a(clock.o)
 .glue_7        0x002054a4        0x0 contiki-cc2538dk.a(rtimer-arch.o)
 .glue_7        0x002054a4        0x0 contiki-cc2538dk.a(uart.o)
 .glue_7        0x002054a4        0x0 contiki-cc2538dk.a(watchdog.o)
 .glue_7        0x002054a4        0x0 contiki-cc2538dk.a(nvic.o)
 .glue_7        0x002054a4        0x0 contiki-cc2538dk.a(cpu.o)
 .glue_7        0x002054a4        0x0 contiki-cc2538dk.a(sys-ctrl.o)
 .glue_7        0x002054a4        0x0 contiki-cc2538dk.a(gpio.o)
 .glue_7        0x002054a4        0x0 contiki-cc2538dk.a(ioc.o)
 .glue_7        0x002054a4        0x0 contiki-cc2538dk.a(adc.o)
 .glue_7        0x002054a4        0x0 contiki-cc2538dk.a(cc2538-rf.o)
 .glue_7        0x002054a4        0x0 contiki-cc2538dk.a(udma.o)
 .glue_7        0x002054a4        0x0 contiki-cc2538dk.a(lpm.o)
 .glue_7        0x002054a4        0x0 contiki-cc2538dk.a(dbg.o)
 .glue_7        0x002054a4        0x0 contiki-cc2538dk.a(ieee-addr.o)
 .glue_7        0x002054a4        0x0 contiki-cc2538dk.a(dbg-printf.o)
 .glue_7        0x002054a4        0x0 contiki-cc2538dk.a(strformat.o)
 .glue_7        0x002054a4        0x0 contiki-cc2538dk.a(autostart.o)
 .glue_7        0x002054a4        0x0 contiki-cc2538dk.a(ctimer.o)
 .glue_7        0x002054a4        0x0 contiki-cc2538dk.a(energest.o)
 .glue_7        0x002054a4        0x0 contiki-cc2538dk.a(etimer.o)
 .glue_7        0x002054a4        0x0 contiki-cc2538dk.a(process.o)
 .glue_7        0x002054a4        0x0 contiki-cc2538dk.a(rtimer.o)
 .glue_7        0x002054a4        0x0 contiki-cc2538dk.a(timer.o)
 .glue_7        0x002054a4        0x0 contiki-cc2538dk.a(serial-line.o)
 .glue_7        0x002054a4        0x0 contiki-cc2538dk.a(list.o)
 .glue_7        0x002054a4        0x0 contiki-cc2538dk.a(random.o)
 .glue_7        0x002054a4        0x0 contiki-cc2538dk.a(ringbuf.o)
 .glue_7        0x002054a4        0x0 contiki-cc2538dk.a(broadcast.o)
 .glue_7        0x002054a4        0x0 contiki-cc2538dk.a(channel.o)
 .glue_7        0x002054a4        0x0 contiki-cc2538dk.a(rime.o)
 .glue_7        0x002054a4        0x0 contiki-cc2538dk.a(linkaddr.o)
 .glue_7        0x002054a4        0x0 contiki-cc2538dk.a(netstack.o)
 .glue_7        0x002054a4        0x0 contiki-cc2538dk.a(packetbuf.o)
 .glue_7        0x002054a4        0x0 contiki-cc2538dk.a(queuebuf.o)
 .glue_7        0x002054a4        0x0 contiki-cc2538dk.a(csma.o)
 .glue_7        0x002054a4        0x0 contiki-cc2538dk.a(mac.o)
 .glue_7        0x002054a4        0x0 contiki-cc2538dk.a(nullrdc.o)
 .glue_7        0x002054a4        0x0 contiki-cc2538dk.a(contikimac-fram)
 .glue_7        0x002054a4        0x0 contiki-cc2538dk.a(nullsec.o)
 .glue_7        0x002054a4        0x0 contiki-cc2538dk.a(memb.o)
 .glue_7        0x002054a4        0x0 contiki-cc2538dk.a(abc.o)
 .glue_7        0x002054a4        0x0 contiki-cc2538dk.a(announcement.o)
 .glue_7        0x002054a4        0x0 contiki-cc2538dk.a(broadcast-annou)
 .glue_7        0x002054a4        0x0 contiki-cc2538dk.a(chameleon.o)
 .glue_7        0x002054a4        0x0 contiki-cc2538dk.a(framer-802154.o)
 .glue_7        0x002054a4        0x0 contiki-cc2538dk.a(framer.o)
 .glue_7        0x002054a4        0x0 contiki-cc2538dk.a(mac-sequence.o)
 .glue_7        0x002054a4        0x0 contiki-cc2538dk.a(chameleon-bitop)
 .glue_7        0x002054a4        0x0 contiki-cc2538dk.a(frame802154.o)
 .glue_7        0x002054a4        0x0 /home/user/CodeSourcery/Sourcery_G++_Lite/bin/../lib/gcc/arm-none-eabi/4.3.2/thumb2/libgcc.a(_aeabi_uldivmod.o)
 .glue_7        0x002054a4        0x0 /home/user/CodeSourcery/Sourcery_G++_Lite/bin/../lib/gcc/arm-none-eabi/4.3.2/thumb2/libgcc.a(bpabi.o)
 .glue_7        0x002054a4        0x0 /home/user/CodeSourcery/Sourcery_G++_Lite/bin/../lib/gcc/arm-none-eabi/4.3.2/thumb2/libgcc.a(_dvmd_tls.o)
 .glue_7        0x002054a4        0x0 /home/user/CodeSourcery/Sourcery_G++_Lite/bin/../lib/gcc/arm-none-eabi/4.3.2/thumb2/libgcc.a(_divdi3.o)
 .glue_7        0x002054a4        0x0 /home/user/CodeSourcery/Sourcery_G++_Lite/bin/../lib/gcc/arm-none-eabi/4.3.2/thumb2/libgcc.a(_udivdi3.o)
 .glue_7        0x002054a4        0x0 /home/user/CodeSourcery/Sourcery_G++_Lite/bin/../lib/gcc/arm-none-eabi/4.3.2/thumb2/libgcc.a(_udivsi3.o)
 .glue_7        0x002054a4        0x0 /home/user/CodeSourcery/Sourcery_G++_Lite/bin/../lib/gcc/arm-none-eabi/4.3.2/thumb2/libgcc.a(_clz.o)
 .glue_7        0x002054a4        0x0 /home/user/CodeSourcery/Sourcery_G++_Lite/bin/../lib/gcc/arm-none-eabi/4.3.2/../../../../arm-none-eabi/lib/thumb2/libc.a(lib_a-memcmp.o)
 .glue_7        0x002054a4        0x0 /home/user/CodeSourcery/Sourcery_G++_Lite/bin/../lib/gcc/arm-none-eabi/4.3.2/../../../../arm-none-eabi/lib/thumb2/libc.a(lib_a-memcpy.o)
 .glue_7        0x002054a4        0x0 /home/user/CodeSourcery/Sourcery_G++_Lite/bin/../lib/gcc/arm-none-eabi/4.3.2/../../../../arm-none-eabi/lib/thumb2/libc.a(lib_a-memset.o)
 .glue_7        0x002054a4        0x0 /home/user/CodeSourcery/Sourcery_G++_Lite/bin/../lib/gcc/arm-none-eabi/4.3.2/../../../../arm-none-eabi/lib/thumb2/libc.a(lib_a-strlen.o)
 .glue_7        0x002054a4        0x0 /home/user/CodeSourcery/Sourcery_G++_Lite/bin/../lib/gcc/arm-none-eabi/4.3.2/../../../../arm-none-eabi/lib/thumb2/libc.a(lib_a-strncmp.o)

.glue_7t        0x002054a4        0x0 load address 0x002054a2
 .glue_7t       0x002054a4        0x0 obj_cc2538dk/startup-gcc.o
 .glue_7t       0x002054a4        0x0 cc2538-demo.co
 .glue_7t       0x002054a4        0x0 contiki-cc2538dk.a(leds.o)
 .glue_7t       0x002054a4        0x0 contiki-cc2538dk.a(leds-arch.o)
 .glue_7t       0x002054a4        0x0 contiki-cc2538dk.a(contiki-main.o)
 .glue_7t       0x002054a4        0x0 contiki-cc2538dk.a(sensors.o)
 .glue_7t       0x002054a4        0x0 contiki-cc2538dk.a(smartrf-sensors)
 .glue_7t       0x002054a4        0x0 contiki-cc2538dk.a(button-sensor.o)
 .glue_7t       0x002054a4        0x0 contiki-cc2538dk.a(adc-sensor.o)
 .glue_7t       0x002054a4        0x0 contiki-cc2538dk.a(clock.o)
 .glue_7t       0x002054a4        0x0 contiki-cc2538dk.a(rtimer-arch.o)
 .glue_7t       0x002054a4        0x0 contiki-cc2538dk.a(uart.o)
 .glue_7t       0x002054a4        0x0 contiki-cc2538dk.a(watchdog.o)
 .glue_7t       0x002054a4        0x0 contiki-cc2538dk.a(nvic.o)
 .glue_7t       0x002054a4        0x0 contiki-cc2538dk.a(cpu.o)
 .glue_7t       0x002054a4        0x0 contiki-cc2538dk.a(sys-ctrl.o)
 .glue_7t       0x002054a4        0x0 contiki-cc2538dk.a(gpio.o)
 .glue_7t       0x002054a4        0x0 contiki-cc2538dk.a(ioc.o)
 .glue_7t       0x002054a4        0x0 contiki-cc2538dk.a(adc.o)
 .glue_7t       0x002054a4        0x0 contiki-cc2538dk.a(cc2538-rf.o)
 .glue_7t       0x002054a4        0x0 contiki-cc2538dk.a(udma.o)
 .glue_7t       0x002054a4        0x0 contiki-cc2538dk.a(lpm.o)
 .glue_7t       0x002054a4        0x0 contiki-cc2538dk.a(dbg.o)
 .glue_7t       0x002054a4        0x0 contiki-cc2538dk.a(ieee-addr.o)
 .glue_7t       0x002054a4        0x0 contiki-cc2538dk.a(dbg-printf.o)
 .glue_7t       0x002054a4        0x0 contiki-cc2538dk.a(strformat.o)
 .glue_7t       0x002054a4        0x0 contiki-cc2538dk.a(autostart.o)
 .glue_7t       0x002054a4        0x0 contiki-cc2538dk.a(ctimer.o)
 .glue_7t       0x002054a4        0x0 contiki-cc2538dk.a(energest.o)
 .glue_7t       0x002054a4        0x0 contiki-cc2538dk.a(etimer.o)
 .glue_7t       0x002054a4        0x0 contiki-cc2538dk.a(process.o)
 .glue_7t       0x002054a4        0x0 contiki-cc2538dk.a(rtimer.o)
 .glue_7t       0x002054a4        0x0 contiki-cc2538dk.a(timer.o)
 .glue_7t       0x002054a4        0x0 contiki-cc2538dk.a(serial-line.o)
 .glue_7t       0x002054a4        0x0 contiki-cc2538dk.a(list.o)
 .glue_7t       0x002054a4        0x0 contiki-cc2538dk.a(random.o)
 .glue_7t       0x002054a4        0x0 contiki-cc2538dk.a(ringbuf.o)
 .glue_7t       0x002054a4        0x0 contiki-cc2538dk.a(broadcast.o)
 .glue_7t       0x002054a4        0x0 contiki-cc2538dk.a(channel.o)
 .glue_7t       0x002054a4        0x0 contiki-cc2538dk.a(rime.o)
 .glue_7t       0x002054a4        0x0 contiki-cc2538dk.a(linkaddr.o)
 .glue_7t       0x002054a4        0x0 contiki-cc2538dk.a(netstack.o)
 .glue_7t       0x002054a4        0x0 contiki-cc2538dk.a(packetbuf.o)
 .glue_7t       0x002054a4        0x0 contiki-cc2538dk.a(queuebuf.o)
 .glue_7t       0x002054a4        0x0 contiki-cc2538dk.a(csma.o)
 .glue_7t       0x002054a4        0x0 contiki-cc2538dk.a(mac.o)
 .glue_7t       0x002054a4        0x0 contiki-cc2538dk.a(nullrdc.o)
 .glue_7t       0x002054a4        0x0 contiki-cc2538dk.a(contikimac-fram)
 .glue_7t       0x002054a4        0x0 contiki-cc2538dk.a(nullsec.o)
 .glue_7t       0x002054a4        0x0 contiki-cc2538dk.a(memb.o)
 .glue_7t       0x002054a4        0x0 contiki-cc2538dk.a(abc.o)
 .glue_7t       0x002054a4        0x0 contiki-cc2538dk.a(announcement.o)
 .glue_7t       0x002054a4        0x0 contiki-cc2538dk.a(broadcast-annou)
 .glue_7t       0x002054a4        0x0 contiki-cc2538dk.a(chameleon.o)
 .glue_7t       0x002054a4        0x0 contiki-cc2538dk.a(framer-802154.o)
 .glue_7t       0x002054a4        0x0 contiki-cc2538dk.a(framer.o)
 .glue_7t       0x002054a4        0x0 contiki-cc2538dk.a(mac-sequence.o)
 .glue_7t       0x002054a4        0x0 contiki-cc2538dk.a(chameleon-bitop)
 .glue_7t       0x002054a4        0x0 contiki-cc2538dk.a(frame802154.o)
 .glue_7t       0x002054a4        0x0 /home/user/CodeSourcery/Sourcery_G++_Lite/bin/../lib/gcc/arm-none-eabi/4.3.2/thumb2/libgcc.a(_aeabi_uldivmod.o)
 .glue_7t       0x002054a4        0x0 /home/user/CodeSourcery/Sourcery_G++_Lite/bin/../lib/gcc/arm-none-eabi/4.3.2/thumb2/libgcc.a(bpabi.o)
 .glue_7t       0x002054a4        0x0 /home/user/CodeSourcery/Sourcery_G++_Lite/bin/../lib/gcc/arm-none-eabi/4.3.2/thumb2/libgcc.a(_dvmd_tls.o)
 .glue_7t       0x002054a4        0x0 /home/user/CodeSourcery/Sourcery_G++_Lite/bin/../lib/gcc/arm-none-eabi/4.3.2/thumb2/libgcc.a(_divdi3.o)
 .glue_7t       0x002054a4        0x0 /home/user/CodeSourcery/Sourcery_G++_Lite/bin/../lib/gcc/arm-none-eabi/4.3.2/thumb2/libgcc.a(_udivdi3.o)
 .glue_7t       0x002054a4        0x0 /home/user/CodeSourcery/Sourcery_G++_Lite/bin/../lib/gcc/arm-none-eabi/4.3.2/thumb2/libgcc.a(_udivsi3.o)
 .glue_7t       0x002054a4        0x0 /home/user/CodeSourcery/Sourcery_G++_Lite/bin/../lib/gcc/arm-none-eabi/4.3.2/thumb2/libgcc.a(_clz.o)
 .glue_7t       0x002054a4        0x0 /home/user/CodeSourcery/Sourcery_G++_Lite/bin/../lib/gcc/arm-none-eabi/4.3.2/../../../../arm-none-eabi/lib/thumb2/libc.a(lib_a-memcmp.o)
 .glue_7t       0x002054a4        0x0 /home/user/CodeSourcery/Sourcery_G++_Lite/bin/../lib/gcc/arm-none-eabi/4.3.2/../../../../arm-none-eabi/lib/thumb2/libc.a(lib_a-memcpy.o)
 .glue_7t       0x002054a4        0x0 /home/user/CodeSourcery/Sourcery_G++_Lite/bin/../lib/gcc/arm-none-eabi/4.3.2/../../../../arm-none-eabi/lib/thumb2/libc.a(lib_a-memset.o)
 .glue_7t       0x002054a4        0x0 /home/user/CodeSourcery/Sourcery_G++_Lite/bin/../lib/gcc/arm-none-eabi/4.3.2/../../../../arm-none-eabi/lib/thumb2/libc.a(lib_a-strlen.o)
 .glue_7t       0x002054a4        0x0 /home/user/CodeSourcery/Sourcery_G++_Lite/bin/../lib/gcc/arm-none-eabi/4.3.2/../../../../arm-none-eabi/lib/thumb2/libc.a(lib_a-strncmp.o)

.vfp11_veneer   0x002054a4        0x0 load address 0x002054a2
 .vfp11_veneer  0x002054a4        0x0 obj_cc2538dk/startup-gcc.o
 .vfp11_veneer  0x002054a4        0x0 cc2538-demo.co
 .vfp11_veneer  0x002054a4        0x0 contiki-cc2538dk.a(leds.o)
 .vfp11_veneer  0x002054a4        0x0 contiki-cc2538dk.a(leds-arch.o)
 .vfp11_veneer  0x002054a4        0x0 contiki-cc2538dk.a(contiki-main.o)
 .vfp11_veneer  0x002054a4        0x0 contiki-cc2538dk.a(sensors.o)
 .vfp11_veneer  0x002054a4        0x0 contiki-cc2538dk.a(smartrf-sensors)
 .vfp11_veneer  0x002054a4        0x0 contiki-cc2538dk.a(button-sensor.o)
 .vfp11_veneer  0x002054a4        0x0 contiki-cc2538dk.a(adc-sensor.o)
 .vfp11_veneer  0x002054a4        0x0 contiki-cc2538dk.a(clock.o)
 .vfp11_veneer  0x002054a4        0x0 contiki-cc2538dk.a(rtimer-arch.o)
 .vfp11_veneer  0x002054a4        0x0 contiki-cc2538dk.a(uart.o)
 .vfp11_veneer  0x002054a4        0x0 contiki-cc2538dk.a(watchdog.o)
 .vfp11_veneer  0x002054a4        0x0 contiki-cc2538dk.a(nvic.o)
 .vfp11_veneer  0x002054a4        0x0 contiki-cc2538dk.a(cpu.o)
 .vfp11_veneer  0x002054a4        0x0 contiki-cc2538dk.a(sys-ctrl.o)
 .vfp11_veneer  0x002054a4        0x0 contiki-cc2538dk.a(gpio.o)
 .vfp11_veneer  0x002054a4        0x0 contiki-cc2538dk.a(ioc.o)
 .vfp11_veneer  0x002054a4        0x0 contiki-cc2538dk.a(adc.o)
 .vfp11_veneer  0x002054a4        0x0 contiki-cc2538dk.a(cc2538-rf.o)
 .vfp11_veneer  0x002054a4        0x0 contiki-cc2538dk.a(udma.o)
 .vfp11_veneer  0x002054a4        0x0 contiki-cc2538dk.a(lpm.o)
 .vfp11_veneer  0x002054a4        0x0 contiki-cc2538dk.a(dbg.o)
 .vfp11_veneer  0x002054a4        0x0 contiki-cc2538dk.a(ieee-addr.o)
 .vfp11_veneer  0x002054a4        0x0 contiki-cc2538dk.a(dbg-printf.o)
 .vfp11_veneer  0x002054a4        0x0 contiki-cc2538dk.a(strformat.o)
 .vfp11_veneer  0x002054a4        0x0 contiki-cc2538dk.a(autostart.o)
 .vfp11_veneer  0x002054a4        0x0 contiki-cc2538dk.a(ctimer.o)
 .vfp11_veneer  0x002054a4        0x0 contiki-cc2538dk.a(energest.o)
 .vfp11_veneer  0x002054a4        0x0 contiki-cc2538dk.a(etimer.o)
 .vfp11_veneer  0x002054a4        0x0 contiki-cc2538dk.a(process.o)
 .vfp11_veneer  0x002054a4        0x0 contiki-cc2538dk.a(rtimer.o)
 .vfp11_veneer  0x002054a4        0x0 contiki-cc2538dk.a(timer.o)
 .vfp11_veneer  0x002054a4        0x0 contiki-cc2538dk.a(serial-line.o)
 .vfp11_veneer  0x002054a4        0x0 contiki-cc2538dk.a(list.o)
 .vfp11_veneer  0x002054a4        0x0 contiki-cc2538dk.a(random.o)
 .vfp11_veneer  0x002054a4        0x0 contiki-cc2538dk.a(ringbuf.o)
 .vfp11_veneer  0x002054a4        0x0 contiki-cc2538dk.a(broadcast.o)
 .vfp11_veneer  0x002054a4        0x0 contiki-cc2538dk.a(channel.o)
 .vfp11_veneer  0x002054a4        0x0 contiki-cc2538dk.a(rime.o)
 .vfp11_veneer  0x002054a4        0x0 contiki-cc2538dk.a(linkaddr.o)
 .vfp11_veneer  0x002054a4        0x0 contiki-cc2538dk.a(netstack.o)
 .vfp11_veneer  0x002054a4        0x0 contiki-cc2538dk.a(packetbuf.o)
 .vfp11_veneer  0x002054a4        0x0 contiki-cc2538dk.a(queuebuf.o)
 .vfp11_veneer  0x002054a4        0x0 contiki-cc2538dk.a(csma.o)
 .vfp11_veneer  0x002054a4        0x0 contiki-cc2538dk.a(mac.o)
 .vfp11_veneer  0x002054a4        0x0 contiki-cc2538dk.a(nullrdc.o)
 .vfp11_veneer  0x002054a4        0x0 contiki-cc2538dk.a(contikimac-fram)
 .vfp11_veneer  0x002054a4        0x0 contiki-cc2538dk.a(nullsec.o)
 .vfp11_veneer  0x002054a4        0x0 contiki-cc2538dk.a(memb.o)
 .vfp11_veneer  0x002054a4        0x0 contiki-cc2538dk.a(abc.o)
 .vfp11_veneer  0x002054a4        0x0 contiki-cc2538dk.a(announcement.o)
 .vfp11_veneer  0x002054a4        0x0 contiki-cc2538dk.a(broadcast-annou)
 .vfp11_veneer  0x002054a4        0x0 contiki-cc2538dk.a(chameleon.o)
 .vfp11_veneer  0x002054a4        0x0 contiki-cc2538dk.a(framer-802154.o)
 .vfp11_veneer  0x002054a4        0x0 contiki-cc2538dk.a(framer.o)
 .vfp11_veneer  0x002054a4        0x0 contiki-cc2538dk.a(mac-sequence.o)
 .vfp11_veneer  0x002054a4        0x0 contiki-cc2538dk.a(chameleon-bitop)
 .vfp11_veneer  0x002054a4        0x0 contiki-cc2538dk.a(frame802154.o)
 .vfp11_veneer  0x002054a4        0x0 /home/user/CodeSourcery/Sourcery_G++_Lite/bin/../lib/gcc/arm-none-eabi/4.3.2/thumb2/libgcc.a(_aeabi_uldivmod.o)
 .vfp11_veneer  0x002054a4        0x0 /home/user/CodeSourcery/Sourcery_G++_Lite/bin/../lib/gcc/arm-none-eabi/4.3.2/thumb2/libgcc.a(bpabi.o)
 .vfp11_veneer  0x002054a4        0x0 /home/user/CodeSourcery/Sourcery_G++_Lite/bin/../lib/gcc/arm-none-eabi/4.3.2/thumb2/libgcc.a(_dvmd_tls.o)
 .vfp11_veneer  0x002054a4        0x0 /home/user/CodeSourcery/Sourcery_G++_Lite/bin/../lib/gcc/arm-none-eabi/4.3.2/thumb2/libgcc.a(_divdi3.o)
 .vfp11_veneer  0x002054a4        0x0 /home/user/CodeSourcery/Sourcery_G++_Lite/bin/../lib/gcc/arm-none-eabi/4.3.2/thumb2/libgcc.a(_udivdi3.o)
 .vfp11_veneer  0x002054a4        0x0 /home/user/CodeSourcery/Sourcery_G++_Lite/bin/../lib/gcc/arm-none-eabi/4.3.2/thumb2/libgcc.a(_udivsi3.o)
 .vfp11_veneer  0x002054a4        0x0 /home/user/CodeSourcery/Sourcery_G++_Lite/bin/../lib/gcc/arm-none-eabi/4.3.2/thumb2/libgcc.a(_clz.o)
 .vfp11_veneer  0x002054a4        0x0 /home/user/CodeSourcery/Sourcery_G++_Lite/bin/../lib/gcc/arm-none-eabi/4.3.2/../../../../arm-none-eabi/lib/thumb2/libc.a(lib_a-memcmp.o)
 .vfp11_veneer  0x002054a4        0x0 /home/user/CodeSourcery/Sourcery_G++_Lite/bin/../lib/gcc/arm-none-eabi/4.3.2/../../../../arm-none-eabi/lib/thumb2/libc.a(lib_a-memcpy.o)
 .vfp11_veneer  0x002054a4        0x0 /home/user/CodeSourcery/Sourcery_G++_Lite/bin/../lib/gcc/arm-none-eabi/4.3.2/../../../../arm-none-eabi/lib/thumb2/libc.a(lib_a-memset.o)
 .vfp11_veneer  0x002054a4        0x0 /home/user/CodeSourcery/Sourcery_G++_Lite/bin/../lib/gcc/arm-none-eabi/4.3.2/../../../../arm-none-eabi/lib/thumb2/libc.a(lib_a-strlen.o)
 .vfp11_veneer  0x002054a4        0x0 /home/user/CodeSourcery/Sourcery_G++_Lite/bin/../lib/gcc/arm-none-eabi/4.3.2/../../../../arm-none-eabi/lib/thumb2/libc.a(lib_a-strncmp.o)

.janus_2cc_veneer
                0x002054a4        0x0 load address 0x002054a2
 .janus_2cc_veneer
                0x002054a4        0x0 obj_cc2538dk/startup-gcc.o
 .janus_2cc_veneer
                0x002054a4        0x0 cc2538-demo.co
 .janus_2cc_veneer
                0x002054a4        0x0 contiki-cc2538dk.a(leds.o)
 .janus_2cc_veneer
                0x002054a4        0x0 contiki-cc2538dk.a(leds-arch.o)
 .janus_2cc_veneer
                0x002054a4        0x0 contiki-cc2538dk.a(contiki-main.o)
 .janus_2cc_veneer
                0x002054a4        0x0 contiki-cc2538dk.a(sensors.o)
 .janus_2cc_veneer
                0x002054a4        0x0 contiki-cc2538dk.a(smartrf-sensors)
 .janus_2cc_veneer
                0x002054a4        0x0 contiki-cc2538dk.a(button-sensor.o)
 .janus_2cc_veneer
                0x002054a4        0x0 contiki-cc2538dk.a(adc-sensor.o)
 .janus_2cc_veneer
                0x002054a4        0x0 contiki-cc2538dk.a(clock.o)
 .janus_2cc_veneer
                0x002054a4        0x0 contiki-cc2538dk.a(rtimer-arch.o)
 .janus_2cc_veneer
                0x002054a4        0x0 contiki-cc2538dk.a(uart.o)
 .janus_2cc_veneer
                0x002054a4        0x0 contiki-cc2538dk.a(watchdog.o)
 .janus_2cc_veneer
                0x002054a4        0x0 contiki-cc2538dk.a(nvic.o)
 .janus_2cc_veneer
                0x002054a4        0x0 contiki-cc2538dk.a(cpu.o)
 .janus_2cc_veneer
                0x002054a4        0x0 contiki-cc2538dk.a(sys-ctrl.o)
 .janus_2cc_veneer
                0x002054a4        0x0 contiki-cc2538dk.a(gpio.o)
 .janus_2cc_veneer
                0x002054a4        0x0 contiki-cc2538dk.a(ioc.o)
 .janus_2cc_veneer
                0x002054a4        0x0 contiki-cc2538dk.a(adc.o)
 .janus_2cc_veneer
                0x002054a4        0x0 contiki-cc2538dk.a(cc2538-rf.o)
 .janus_2cc_veneer
                0x002054a4        0x0 contiki-cc2538dk.a(udma.o)
 .janus_2cc_veneer
                0x002054a4        0x0 contiki-cc2538dk.a(lpm.o)
 .janus_2cc_veneer
                0x002054a4        0x0 contiki-cc2538dk.a(dbg.o)
 .janus_2cc_veneer
                0x002054a4        0x0 contiki-cc2538dk.a(ieee-addr.o)
 .janus_2cc_veneer
                0x002054a4        0x0 contiki-cc2538dk.a(dbg-printf.o)
 .janus_2cc_veneer
                0x002054a4        0x0 contiki-cc2538dk.a(strformat.o)
 .janus_2cc_veneer
                0x002054a4        0x0 contiki-cc2538dk.a(autostart.o)
 .janus_2cc_veneer
                0x002054a4        0x0 contiki-cc2538dk.a(ctimer.o)
 .janus_2cc_veneer
                0x002054a4        0x0 contiki-cc2538dk.a(energest.o)
 .janus_2cc_veneer
                0x002054a4        0x0 contiki-cc2538dk.a(etimer.o)
 .janus_2cc_veneer
                0x002054a4        0x0 contiki-cc2538dk.a(process.o)
 .janus_2cc_veneer
                0x002054a4        0x0 contiki-cc2538dk.a(rtimer.o)
 .janus_2cc_veneer
                0x002054a4        0x0 contiki-cc2538dk.a(timer.o)
 .janus_2cc_veneer
                0x002054a4        0x0 contiki-cc2538dk.a(serial-line.o)
 .janus_2cc_veneer
                0x002054a4        0x0 contiki-cc2538dk.a(list.o)
 .janus_2cc_veneer
                0x002054a4        0x0 contiki-cc2538dk.a(random.o)
 .janus_2cc_veneer
                0x002054a4        0x0 contiki-cc2538dk.a(ringbuf.o)
 .janus_2cc_veneer
                0x002054a4        0x0 contiki-cc2538dk.a(broadcast.o)
 .janus_2cc_veneer
                0x002054a4        0x0 contiki-cc2538dk.a(channel.o)
 .janus_2cc_veneer
                0x002054a4        0x0 contiki-cc2538dk.a(rime.o)
 .janus_2cc_veneer
                0x002054a4        0x0 contiki-cc2538dk.a(linkaddr.o)
 .janus_2cc_veneer
                0x002054a4        0x0 contiki-cc2538dk.a(netstack.o)
 .janus_2cc_veneer
                0x002054a4        0x0 contiki-cc2538dk.a(packetbuf.o)
 .janus_2cc_veneer
                0x002054a4        0x0 contiki-cc2538dk.a(queuebuf.o)
 .janus_2cc_veneer
                0x002054a4        0x0 contiki-cc2538dk.a(csma.o)
 .janus_2cc_veneer
                0x002054a4        0x0 contiki-cc2538dk.a(mac.o)
 .janus_2cc_veneer
                0x002054a4        0x0 contiki-cc2538dk.a(nullrdc.o)
 .janus_2cc_veneer
                0x002054a4        0x0 contiki-cc2538dk.a(contikimac-fram)
 .janus_2cc_veneer
                0x002054a4        0x0 contiki-cc2538dk.a(nullsec.o)
 .janus_2cc_veneer
                0x002054a4        0x0 contiki-cc2538dk.a(memb.o)
 .janus_2cc_veneer
                0x002054a4        0x0 contiki-cc2538dk.a(abc.o)
 .janus_2cc_veneer
                0x002054a4        0x0 contiki-cc2538dk.a(announcement.o)
 .janus_2cc_veneer
                0x002054a4        0x0 contiki-cc2538dk.a(broadcast-annou)
 .janus_2cc_veneer
                0x002054a4        0x0 contiki-cc2538dk.a(chameleon.o)
 .janus_2cc_veneer
                0x002054a4        0x0 contiki-cc2538dk.a(framer-802154.o)
 .janus_2cc_veneer
                0x002054a4        0x0 contiki-cc2538dk.a(framer.o)
 .janus_2cc_veneer
                0x002054a4        0x0 contiki-cc2538dk.a(mac-sequence.o)
 .janus_2cc_veneer
                0x002054a4        0x0 contiki-cc2538dk.a(chameleon-bitop)
 .janus_2cc_veneer
                0x002054a4        0x0 contiki-cc2538dk.a(frame802154.o)
 .janus_2cc_veneer
                0x002054a4        0x0 /home/user/CodeSourcery/Sourcery_G++_Lite/bin/../lib/gcc/arm-none-eabi/4.3.2/thumb2/libgcc.a(_aeabi_uldivmod.o)
 .janus_2cc_veneer
                0x002054a4        0x0 /home/user/CodeSourcery/Sourcery_G++_Lite/bin/../lib/gcc/arm-none-eabi/4.3.2/thumb2/libgcc.a(bpabi.o)
 .janus_2cc_veneer
                0x002054a4        0x0 /home/user/CodeSourcery/Sourcery_G++_Lite/bin/../lib/gcc/arm-none-eabi/4.3.2/thumb2/libgcc.a(_dvmd_tls.o)
 .janus_2cc_veneer
                0x002054a4        0x0 /home/user/CodeSourcery/Sourcery_G++_Lite/bin/../lib/gcc/arm-none-eabi/4.3.2/thumb2/libgcc.a(_divdi3.o)
 .janus_2cc_veneer
                0x002054a4        0x0 /home/user/CodeSourcery/Sourcery_G++_Lite/bin/../lib/gcc/arm-none-eabi/4.3.2/thumb2/libgcc.a(_udivdi3.o)
 .janus_2cc_veneer
                0x002054a4        0x0 /home/user/CodeSourcery/Sourcery_G++_Lite/bin/../lib/gcc/arm-none-eabi/4.3.2/thumb2/libgcc.a(_udivsi3.o)
 .janus_2cc_veneer
                0x002054a4        0x0 /home/user/CodeSourcery/Sourcery_G++_Lite/bin/../lib/gcc/arm-none-eabi/4.3.2/thumb2/libgcc.a(_clz.o)
 .janus_2cc_veneer
                0x002054a4        0x0 /home/user/CodeSourcery/Sourcery_G++_Lite/bin/../lib/gcc/arm-none-eabi/4.3.2/../../../../arm-none-eabi/lib/thumb2/libc.a(lib_a-memcmp.o)
 .janus_2cc_veneer
                0x002054a4        0x0 /home/user/CodeSourcery/Sourcery_G++_Lite/bin/../lib/gcc/arm-none-eabi/4.3.2/../../../../arm-none-eabi/lib/thumb2/libc.a(lib_a-memcpy.o)
 .janus_2cc_veneer
                0x002054a4        0x0 /home/user/CodeSourcery/Sourcery_G++_Lite/bin/../lib/gcc/arm-none-eabi/4.3.2/../../../../arm-none-eabi/lib/thumb2/libc.a(lib_a-memset.o)
 .janus_2cc_veneer
                0x002054a4        0x0 /home/user/CodeSourcery/Sourcery_G++_Lite/bin/../lib/gcc/arm-none-eabi/4.3.2/../../../../arm-none-eabi/lib/thumb2/libc.a(lib_a-strlen.o)
 .janus_2cc_veneer
                0x002054a4        0x0 /home/user/CodeSourcery/Sourcery_G++_Lite/bin/../lib/gcc/arm-none-eabi/4.3.2/../../../../arm-none-eabi/lib/thumb2/libc.a(lib_a-strncmp.o)

.v4_bx          0x002054a4        0x0 load address 0x002054a2
 .v4_bx         0x002054a4        0x0 obj_cc2538dk/startup-gcc.o
 .v4_bx         0x002054a4        0x0 cc2538-demo.co
 .v4_bx         0x002054a4        0x0 contiki-cc2538dk.a(leds.o)
 .v4_bx         0x002054a4        0x0 contiki-cc2538dk.a(leds-arch.o)
 .v4_bx         0x002054a4        0x0 contiki-cc2538dk.a(contiki-main.o)
 .v4_bx         0x002054a4        0x0 contiki-cc2538dk.a(sensors.o)
 .v4_bx         0x002054a4        0x0 contiki-cc2538dk.a(smartrf-sensors)
 .v4_bx         0x002054a4        0x0 contiki-cc2538dk.a(button-sensor.o)
 .v4_bx         0x002054a4        0x0 contiki-cc2538dk.a(adc-sensor.o)
 .v4_bx         0x002054a4        0x0 contiki-cc2538dk.a(clock.o)
 .v4_bx         0x002054a4        0x0 contiki-cc2538dk.a(rtimer-arch.o)
 .v4_bx         0x002054a4        0x0 contiki-cc2538dk.a(uart.o)
 .v4_bx         0x002054a4        0x0 contiki-cc2538dk.a(watchdog.o)
 .v4_bx         0x002054a4        0x0 contiki-cc2538dk.a(nvic.o)
 .v4_bx         0x002054a4        0x0 contiki-cc2538dk.a(cpu.o)
 .v4_bx         0x002054a4        0x0 contiki-cc2538dk.a(sys-ctrl.o)
 .v4_bx         0x002054a4        0x0 contiki-cc2538dk.a(gpio.o)
 .v4_bx         0x002054a4        0x0 contiki-cc2538dk.a(ioc.o)
 .v4_bx         0x002054a4        0x0 contiki-cc2538dk.a(adc.o)
 .v4_bx         0x002054a4        0x0 contiki-cc2538dk.a(cc2538-rf.o)
 .v4_bx         0x002054a4        0x0 contiki-cc2538dk.a(udma.o)
 .v4_bx         0x002054a4        0x0 contiki-cc2538dk.a(lpm.o)
 .v4_bx         0x002054a4        0x0 contiki-cc2538dk.a(dbg.o)
 .v4_bx         0x002054a4        0x0 contiki-cc2538dk.a(ieee-addr.o)
 .v4_bx         0x002054a4        0x0 contiki-cc2538dk.a(dbg-printf.o)
 .v4_bx         0x002054a4        0x0 contiki-cc2538dk.a(strformat.o)
 .v4_bx         0x002054a4        0x0 contiki-cc2538dk.a(autostart.o)
 .v4_bx         0x002054a4        0x0 contiki-cc2538dk.a(ctimer.o)
 .v4_bx         0x002054a4        0x0 contiki-cc2538dk.a(energest.o)
 .v4_bx         0x002054a4        0x0 contiki-cc2538dk.a(etimer.o)
 .v4_bx         0x002054a4        0x0 contiki-cc2538dk.a(process.o)
 .v4_bx         0x002054a4        0x0 contiki-cc2538dk.a(rtimer.o)
 .v4_bx         0x002054a4        0x0 contiki-cc2538dk.a(timer.o)
 .v4_bx         0x002054a4        0x0 contiki-cc2538dk.a(serial-line.o)
 .v4_bx         0x002054a4        0x0 contiki-cc2538dk.a(list.o)
 .v4_bx         0x002054a4        0x0 contiki-cc2538dk.a(random.o)
 .v4_bx         0x002054a4        0x0 contiki-cc2538dk.a(ringbuf.o)
 .v4_bx         0x002054a4        0x0 contiki-cc2538dk.a(broadcast.o)
 .v4_bx         0x002054a4        0x0 contiki-cc2538dk.a(channel.o)
 .v4_bx         0x002054a4        0x0 contiki-cc2538dk.a(rime.o)
 .v4_bx         0x002054a4        0x0 contiki-cc2538dk.a(linkaddr.o)
 .v4_bx         0x002054a4        0x0 contiki-cc2538dk.a(netstack.o)
 .v4_bx         0x002054a4        0x0 contiki-cc2538dk.a(packetbuf.o)
 .v4_bx         0x002054a4        0x0 contiki-cc2538dk.a(queuebuf.o)
 .v4_bx         0x002054a4        0x0 contiki-cc2538dk.a(csma.o)
 .v4_bx         0x002054a4        0x0 contiki-cc2538dk.a(mac.o)
 .v4_bx         0x002054a4        0x0 contiki-cc2538dk.a(nullrdc.o)
 .v4_bx         0x002054a4        0x0 contiki-cc2538dk.a(contikimac-fram)
 .v4_bx         0x002054a4        0x0 contiki-cc2538dk.a(nullsec.o)
 .v4_bx         0x002054a4        0x0 contiki-cc2538dk.a(memb.o)
 .v4_bx         0x002054a4        0x0 contiki-cc2538dk.a(abc.o)
 .v4_bx         0x002054a4        0x0 contiki-cc2538dk.a(announcement.o)
 .v4_bx         0x002054a4        0x0 contiki-cc2538dk.a(broadcast-annou)
 .v4_bx         0x002054a4        0x0 contiki-cc2538dk.a(chameleon.o)
 .v4_bx         0x002054a4        0x0 contiki-cc2538dk.a(framer-802154.o)
 .v4_bx         0x002054a4        0x0 contiki-cc2538dk.a(framer.o)
 .v4_bx         0x002054a4        0x0 contiki-cc2538dk.a(mac-sequence.o)
 .v4_bx         0x002054a4        0x0 contiki-cc2538dk.a(chameleon-bitop)
 .v4_bx         0x002054a4        0x0 contiki-cc2538dk.a(frame802154.o)
 .v4_bx         0x002054a4        0x0 /home/user/CodeSourcery/Sourcery_G++_Lite/bin/../lib/gcc/arm-none-eabi/4.3.2/thumb2/libgcc.a(_aeabi_uldivmod.o)
 .v4_bx         0x002054a4        0x0 /home/user/CodeSourcery/Sourcery_G++_Lite/bin/../lib/gcc/arm-none-eabi/4.3.2/thumb2/libgcc.a(bpabi.o)
 .v4_bx         0x002054a4        0x0 /home/user/CodeSourcery/Sourcery_G++_Lite/bin/../lib/gcc/arm-none-eabi/4.3.2/thumb2/libgcc.a(_dvmd_tls.o)
 .v4_bx         0x002054a4        0x0 /home/user/CodeSourcery/Sourcery_G++_Lite/bin/../lib/gcc/arm-none-eabi/4.3.2/thumb2/libgcc.a(_divdi3.o)
 .v4_bx         0x002054a4        0x0 /home/user/CodeSourcery/Sourcery_G++_Lite/bin/../lib/gcc/arm-none-eabi/4.3.2/thumb2/libgcc.a(_udivdi3.o)
 .v4_bx         0x002054a4        0x0 /home/user/CodeSourcery/Sourcery_G++_Lite/bin/../lib/gcc/arm-none-eabi/4.3.2/thumb2/libgcc.a(_udivsi3.o)
 .v4_bx         0x002054a4        0x0 /home/user/CodeSourcery/Sourcery_G++_Lite/bin/../lib/gcc/arm-none-eabi/4.3.2/thumb2/libgcc.a(_clz.o)
 .v4_bx         0x002054a4        0x0 /home/user/CodeSourcery/Sourcery_G++_Lite/bin/../lib/gcc/arm-none-eabi/4.3.2/../../../../arm-none-eabi/lib/thumb2/libc.a(lib_a-memcmp.o)
 .v4_bx         0x002054a4        0x0 /home/user/CodeSourcery/Sourcery_G++_Lite/bin/../lib/gcc/arm-none-eabi/4.3.2/../../../../arm-none-eabi/lib/thumb2/libc.a(lib_a-memcpy.o)
 .v4_bx         0x002054a4        0x0 /home/user/CodeSourcery/Sourcery_G++_Lite/bin/../lib/gcc/arm-none-eabi/4.3.2/../../../../arm-none-eabi/lib/thumb2/libc.a(lib_a-memset.o)
 .v4_bx         0x002054a4        0x0 /home/user/CodeSourcery/Sourcery_G++_Lite/bin/../lib/gcc/arm-none-eabi/4.3.2/../../../../arm-none-eabi/lib/thumb2/libc.a(lib_a-strlen.o)
 .v4_bx         0x002054a4        0x0 /home/user/CodeSourcery/Sourcery_G++_Lite/bin/../lib/gcc/arm-none-eabi/4.3.2/../../../../arm-none-eabi/lib/thumb2/libc.a(lib_a-strncmp.o)

.socdata        0x20000000       0x40
 *(SORT(.udma_channel_control_table))
 .udma_channel_control_table
                0x20000000       0x40 contiki-cc2538dk.a(udma.o)

.data           0x20000040       0xcd load address 0x002054a2
                0x20000040                _data = .
 *(SORT(.data*))
 .data.cc2538_demo_process
                0x20000040       0x10 cc2538-demo.co
                0x20000040                cc2538_demo_process
 .data.sensors_process
                0x20000050       0x10 contiki-cc2538dk.a(sensors.o)
                0x20000050                sensors_process
 .data.sensors  0x20000060       0x1c contiki-cc2538dk.a(smartrf-sensors)
                0x20000060                sensors
 .data.cc2538_rf_process
                0x2000007c       0x10 contiki-cc2538dk.a(cc2538-rf.o)
                0x2000007c                cc2538_rf_process
 .data.ctxt     0x2000008c        0x8 contiki-cc2538dk.a(dbg-printf.o)
 .data.ctimer_process
                0x20000094       0x10 contiki-cc2538dk.a(ctimer.o)
                0x20000094                ctimer_process
 .data.etimer_process
                0x200000a4       0x10 contiki-cc2538dk.a(etimer.o)
                0x200000a4                etimer_process
 .data.serial_line_process
                0x200000b4       0x10 contiki-cc2538dk.a(serial-line.o)
                0x200000b4                serial_line_process
 .data.bufmem   0x200000c4        0xc contiki-cc2538dk.a(queuebuf.o)
 .data.refbufmem
                0x200000d0        0xc contiki-cc2538dk.a(queuebuf.o)
 .data.buframmem
                0x200000dc        0xc contiki-cc2538dk.a(queuebuf.o)
 .data.metadata_memb
                0x200000e8        0xc contiki-cc2538dk.a(csma.o)
 .data.neighbor_memb
                0x200000f4        0xc contiki-cc2538dk.a(csma.o)
 .data.packet_memb
                0x20000100        0xc contiki-cc2538dk.a(csma.o)
 .data.rf_channel
                0x2000010c        0x1 contiki-cc2538dk.a(cc2538-rf.o)
                0x2000010d                _edata = .

.ARM.exidx      0x00205570       0x10
 *(SORT(.ARM.exidx*))
 .ARM.exidx     0x00205570        0x8 /home/user/CodeSourcery/Sourcery_G++_Lite/bin/../lib/gcc/arm-none-eabi/4.3.2/thumb2/libgcc.a(_divdi3.o)
 .ARM.exidx     0x00205578        0x8 /home/user/CodeSourcery/Sourcery_G++_Lite/bin/../lib/gcc/arm-none-eabi/4.3.2/thumb2/libgcc.a(_udivdi3.o)

.bss            0x20000110     0x1567
                0x20000110                _bss = .
 *(SORT(.bss*))
 .bss.rt_ticks_startup
                0x20000110        0x8 contiki-cc2538dk.a(clock.o)
 .bss.rt_ticks_epoch
                0x20000118        0x8 contiki-cc2538dk.a(clock.o)
 .bss.stack     0x20000120      0x800 obj_cc2538dk/startup-gcc.o
 .bss.rt        0x20000920        0xc cc2538-demo.co
 .bss.et        0x2000092c       0x10 cc2538-demo.co
 .bss.Transmit_Flag
                0x2000093c        0x4 cc2538-demo.co
                0x2000093c                Transmit_Flag
 .bss.bc        0x20000940       0x18 cc2538-demo.co
 .bss.i.1898    0x20000958        0x4 contiki-cc2538dk.a(sensors.o)
 .bss.events.1899
                0x2000095c        0x4 contiki-cc2538dk.a(sensors.o)
 .bss.debouncetimer
                0x20000960        0x8 contiki-cc2538dk.a(button-sensor.o)
 .bss.next_trigger
                0x20000968        0x4 contiki-cc2538dk.a(rtimer-arch.o)
 .bss.input_handler
                0x2000096c        0x8 contiki-cc2538dk.a(uart.o)
 .bss.interrupt_disable
                0x20000974        0x4 contiki-cc2538dk.a(nvic.o)
 .bss.interrupt_pend
                0x20000978        0x4 contiki-cc2538dk.a(nvic.o)
 .bss.interrupt_unpend
                0x2000097c        0x4 contiki-cc2538dk.a(nvic.o)
 .bss.interrupt_enable
                0x20000980        0x4 contiki-cc2538dk.a(nvic.o)
 .bss.gpio_callbacks
                0x20000984       0x80 contiki-cc2538dk.a(gpio.o)
 .bss.ioc_sel   0x20000a04        0x4 contiki-cc2538dk.a(ioc.o)
 .bss.ioc_over  0x20000a08        0x4 contiki-cc2538dk.a(ioc.o)
 .bss.periph_permit_pm1_funcs
                0x20000a0c        0x8 contiki-cc2538dk.a(lpm.o)
 .bss.ctimer_list_list
                0x20000a14        0x4 contiki-cc2538dk.a(ctimer.o)
 .bss.timerlist
                0x20000a18        0x4 contiki-cc2538dk.a(etimer.o)
 .bss.next_expiration
                0x20000a1c        0x4 contiki-cc2538dk.a(etimer.o)
 .bss.data.2445
                0x20000a20        0x4 contiki-cc2538dk.a(process.o)
 .bss.process_current
                0x20000a24        0x4 contiki-cc2538dk.a(process.o)
                0x20000a24                process_current
 .bss.process_list
                0x20000a28        0x4 contiki-cc2538dk.a(process.o)
                0x20000a28                process_list
 .bss.events    0x20000a2c      0x180 contiki-cc2538dk.a(process.o)
 .bss.receiver.2446
                0x20000bac        0x4 contiki-cc2538dk.a(process.o)
 .bss.p.2447    0x20000bb0        0x4 contiki-cc2538dk.a(process.o)
 .bss.next_rtimer
                0x20000bb4        0x4 contiki-cc2538dk.a(rtimer.o)
 .bss.rxbuf     0x20000bb8        0x8 contiki-cc2538dk.a(serial-line.o)
 .bss.ptr.1864  0x20000bc0        0x4 contiki-cc2538dk.a(serial-line.o)
 .bss.channel_list_list
                0x20000bc4        0x4 contiki-cc2538dk.a(channel.o)
 .bss.sniffers_list
                0x20000bc8        0x4 contiki-cc2538dk.a(rime.o)
 .bss.packetbufptr
                0x20000bcc        0x4 contiki-cc2538dk.a(packetbuf.o)
 .bss.packetbuf_aligned
                0x20000bd0       0xb0 contiki-cc2538dk.a(packetbuf.o)
 .bss.bufmem_memb_mem
                0x20000c80       0x20 contiki-cc2538dk.a(queuebuf.o)
 .bss.refbufmem_memb_mem
                0x20000ca0       0x78 contiki-cc2538dk.a(queuebuf.o)
 .bss.metadata_memb_memb_mem
                0x20000d18       0x60 contiki-cc2538dk.a(csma.o)
 .bss.neighbor_list_list
                0x20000d78        0x4 contiki-cc2538dk.a(csma.o)
 .bss.packet_memb_memb_mem
                0x20000d7c       0x60 contiki-cc2538dk.a(csma.o)
 .bss.neighbor_memb_memb_mem
                0x20000ddc       0x68 contiki-cc2538dk.a(csma.o)
 .bss.announcements_list
                0x20000e44        0x4 contiki-cc2538dk.a(announcement.o)
 .bss.observer_callback
                0x20000e48        0x4 contiki-cc2538dk.a(announcement.o)
 .bss.c         0x20000e4c       0x6c contiki-cc2538dk.a(broadcast-annou)
 .bss.node_ID   0x20000eb8        0x2 cc2538-demo.co
 .bss.b         0x20000eba        0x4 cc2538-demo.co
 .bss.counter   0x20000ebe        0x2 cc2538-demo.co
 .bss.buflen    0x20000ec0        0x2 contiki-cc2538dk.a(packetbuf.o)
 .bss.bufptr    0x20000ec2        0x2 contiki-cc2538dk.a(packetbuf.o)
 .bss.buframmem_memb_mem
                0x20000ec4      0x5f0 contiki-cc2538dk.a(queuebuf.o)
 .bss.seqno.3354
                0x200014b4        0x2 contiki-cc2538dk.a(csma.o)
 .bss.received_seqnos
                0x200014b6       0x40 contiki-cc2538dk.a(mac-sequence.o)
 .bss.leds      0x200014f6        0x1 contiki-cc2538dk.a(leds.o)
 .bss.num_sensors
                0x200014f7        0x1 contiki-cc2538dk.a(sensors.o)
 .bss.rf_flags  0x200014f8        0x1 contiki-cc2538dk.a(cc2538-rf.o)
 .bss.max_pm    0x200014f9        0x1 contiki-cc2538dk.a(lpm.o)
 .bss.initialized
                0x200014fa        0x1 contiki-cc2538dk.a(ctimer.o)
 .bss.fevent    0x200014fb        0x1 contiki-cc2538dk.a(process.o)
 .bss.ev.2444   0x200014fc        0x1 contiki-cc2538dk.a(process.o)
 .bss.nevents   0x200014fd        0x1 contiki-cc2538dk.a(process.o)
 .bss.lastevent
                0x200014fe        0x1 contiki-cc2538dk.a(process.o)
 .bss.poll_requested
                0x200014ff        0x1 contiki-cc2538dk.a(process.o)
 .bss.snum.2490
                0x20001500        0x1 contiki-cc2538dk.a(process.o)
 .bss.rxbuf_data
                0x20001501       0x80 contiki-cc2538dk.a(serial-line.o)
 .bss.overflow.1853
                0x20001581        0x1 contiki-cc2538dk.a(serial-line.o)
 .bss.buf.1863  0x20001582       0x80 contiki-cc2538dk.a(serial-line.o)
 .bss.hdrptr    0x20001602        0x1 contiki-cc2538dk.a(packetbuf.o)
 .bss.buframmem_memb_count
                0x20001603        0x8 contiki-cc2538dk.a(queuebuf.o)
 .bss.refbufmem_memb_count
                0x2000160b        0x2 contiki-cc2538dk.a(queuebuf.o)
 .bss.bufmem_memb_count
                0x2000160d        0x8 contiki-cc2538dk.a(queuebuf.o)
 .bss.packet_memb_memb_count
                0x20001615        0x8 contiki-cc2538dk.a(csma.o)
 .bss.metadata_memb_memb_count
                0x2000161d        0x8 contiki-cc2538dk.a(csma.o)
 .bss.neighbor_memb_memb_count
                0x20001625        0x2 contiki-cc2538dk.a(csma.o)
 .bss.initialized.3353
                0x20001627        0x1 contiki-cc2538dk.a(csma.o)
 .bss.mac_dsn   0x20001628        0x1 contiki-cc2538dk.a(framer-802154.o)
 .bss.initialized
                0x20001629        0x1 contiki-cc2538dk.a(framer-802154.o)
 *(SORT(COMMON))
 COMMON         0x2000162a        0x6 cc2538-demo.co
                0x2000162a                temp
                0x2000162c                light
                0x2000162e                Vdd
 COMMON         0x20001630        0x2 contiki-cc2538dk.a(linkaddr.o)
                0x20001630                linkaddr_node_addr
 COMMON         0x20001632       0x3c contiki-cc2538dk.a(packetbuf.o)
                0x20001632                packetbuf_addrs
                0x2000163a                packetbuf_attrs
 COMMON         0x2000166e        0x1 contiki-cc2538dk.a(sensors.o)
                0x2000166e                sensors_event
 COMMON         0x2000166f        0x7 contiki-cc2538dk.a(smartrf-sensors)
                0x2000166f                sensors_flags
 COMMON         0x20001676        0x1 contiki-cc2538dk.a(serial-line.o)
                0x20001676                serial_line_event_message
                0x20001677                _ebss = .

.flashcca       0x0027ffd4       0x2c
 *(SORT(.flashcca))
 .flashcca      0x0027ffd4       0x2c obj_cc2538dk/startup-gcc.o
                0x0027ffd4                __cca
OUTPUT(cc2538-demo.elf elf32-littlearm)

.comment        0x00000000      0x9ae
 .comment       0x00000000       0x2a obj_cc2538dk/startup-gcc.o
 .comment       0x0000002a       0x2a cc2538-demo.co
 .comment       0x00000054       0x2a contiki-cc2538dk.a(leds.o)
 .comment       0x0000007e       0x2a contiki-cc2538dk.a(leds-arch.o)
 .comment       0x000000a8       0x2a contiki-cc2538dk.a(contiki-main.o)
 .comment       0x000000d2       0x2a contiki-cc2538dk.a(sensors.o)
 .comment       0x000000fc       0x2a contiki-cc2538dk.a(smartrf-sensors)
 .comment       0x00000126       0x2a contiki-cc2538dk.a(button-sensor.o)
 .comment       0x00000150       0x2a contiki-cc2538dk.a(adc-sensor.o)
 .comment       0x0000017a       0x2a contiki-cc2538dk.a(clock.o)
 .comment       0x000001a4       0x2a contiki-cc2538dk.a(rtimer-arch.o)
 .comment       0x000001ce       0x2a contiki-cc2538dk.a(uart.o)
 .comment       0x000001f8       0x2a contiki-cc2538dk.a(watchdog.o)
 .comment       0x00000222       0x2a contiki-cc2538dk.a(nvic.o)
 .comment       0x0000024c       0x2a contiki-cc2538dk.a(cpu.o)
 .comment       0x00000276       0x2a contiki-cc2538dk.a(sys-ctrl.o)
 .comment       0x000002a0       0x2a contiki-cc2538dk.a(gpio.o)
 .comment       0x000002ca       0x2a contiki-cc2538dk.a(ioc.o)
 .comment       0x000002f4       0x2a contiki-cc2538dk.a(adc.o)
 .comment       0x0000031e       0x2a contiki-cc2538dk.a(cc2538-rf.o)
 .comment       0x00000348       0x2a contiki-cc2538dk.a(udma.o)
 .comment       0x00000372       0x2a contiki-cc2538dk.a(lpm.o)
 .comment       0x0000039c       0x2a contiki-cc2538dk.a(dbg.o)
 .comment       0x000003c6       0x2a contiki-cc2538dk.a(ieee-addr.o)
 .comment       0x000003f0       0x2a contiki-cc2538dk.a(dbg-printf.o)
 .comment       0x0000041a       0x2a contiki-cc2538dk.a(strformat.o)
 .comment       0x00000444       0x2a contiki-cc2538dk.a(autostart.o)
 .comment       0x0000046e       0x2a contiki-cc2538dk.a(ctimer.o)
 .comment       0x00000498       0x2a contiki-cc2538dk.a(energest.o)
 .comment       0x000004c2       0x2a contiki-cc2538dk.a(etimer.o)
 .comment       0x000004ec       0x2a contiki-cc2538dk.a(process.o)
 .comment       0x00000516       0x2a contiki-cc2538dk.a(rtimer.o)
 .comment       0x00000540       0x2a contiki-cc2538dk.a(timer.o)
 .comment       0x0000056a       0x2a contiki-cc2538dk.a(serial-line.o)
 .comment       0x00000594       0x2a contiki-cc2538dk.a(list.o)
 .comment       0x000005be       0x2a contiki-cc2538dk.a(random.o)
 .comment       0x000005e8       0x2a contiki-cc2538dk.a(ringbuf.o)
 .comment       0x00000612       0x2a contiki-cc2538dk.a(broadcast.o)
 .comment       0x0000063c       0x2a contiki-cc2538dk.a(channel.o)
 .comment       0x00000666       0x2a contiki-cc2538dk.a(rime.o)
 .comment       0x00000690       0x2a contiki-cc2538dk.a(linkaddr.o)
 .comment       0x000006ba       0x2a contiki-cc2538dk.a(netstack.o)
 .comment       0x000006e4       0x2a contiki-cc2538dk.a(packetbuf.o)
 .comment       0x0000070e       0x2a contiki-cc2538dk.a(queuebuf.o)
 .comment       0x00000738       0x2a contiki-cc2538dk.a(csma.o)
 .comment       0x00000762       0x2a contiki-cc2538dk.a(mac.o)
 .comment       0x0000078c       0x2a contiki-cc2538dk.a(nullrdc.o)
 .comment       0x000007b6       0x2a contiki-cc2538dk.a(contikimac-fram)
 .comment       0x000007e0       0x2a contiki-cc2538dk.a(nullsec.o)
 .comment       0x0000080a       0x2a contiki-cc2538dk.a(memb.o)
 .comment       0x00000834       0x2a contiki-cc2538dk.a(abc.o)
 .comment       0x0000085e       0x2a contiki-cc2538dk.a(announcement.o)
 .comment       0x00000888       0x2a contiki-cc2538dk.a(broadcast-annou)
 .comment       0x000008b2       0x2a contiki-cc2538dk.a(chameleon.o)
 .comment       0x000008dc       0x2a contiki-cc2538dk.a(framer-802154.o)
 .comment       0x00000906       0x2a contiki-cc2538dk.a(framer.o)
 .comment       0x00000930       0x2a contiki-cc2538dk.a(mac-sequence.o)
 .comment       0x0000095a       0x2a contiki-cc2538dk.a(chameleon-bitop)
 .comment       0x00000984       0x2a contiki-cc2538dk.a(frame802154.o)

.ARM.attributes
                0x00000000       0x31
 .ARM.attributes
                0x00000000       0x31 obj_cc2538dk/startup-gcc.o
 .ARM.attributes
                0x00000031       0x31 cc2538-demo.co
 .ARM.attributes
                0x00000062       0x31 contiki-cc2538dk.a(leds.o)
 .ARM.attributes
                0x00000093       0x31 contiki-cc2538dk.a(leds-arch.o)
 .ARM.attributes
                0x000000c4       0x31 contiki-cc2538dk.a(contiki-main.o)
 .ARM.attributes
                0x000000f5       0x31 contiki-cc2538dk.a(sensors.o)
 .ARM.attributes
                0x00000126       0x2f contiki-cc2538dk.a(smartrf-sensors)
 .ARM.attributes
                0x00000155       0x31 contiki-cc2538dk.a(button-sensor.o)
 .ARM.attributes
                0x00000186       0x31 contiki-cc2538dk.a(adc-sensor.o)
 .ARM.attributes
                0x000001b7       0x31 contiki-cc2538dk.a(clock.o)
 .ARM.attributes
                0x000001e8       0x31 contiki-cc2538dk.a(rtimer-arch.o)
 .ARM.attributes
                0x00000219       0x31 contiki-cc2538dk.a(uart.o)
 .ARM.attributes
                0x0000024a       0x31 contiki-cc2538dk.a(watchdog.o)
 .ARM.attributes
                0x0000027b       0x31 contiki-cc2538dk.a(nvic.o)
 .ARM.attributes
                0x000002ac       0x31 contiki-cc2538dk.a(cpu.o)
 .ARM.attributes
                0x000002dd       0x31 contiki-cc2538dk.a(sys-ctrl.o)
 .ARM.attributes
                0x0000030e       0x31 contiki-cc2538dk.a(gpio.o)
 .ARM.attributes
                0x0000033f       0x31 contiki-cc2538dk.a(ioc.o)
 .ARM.attributes
                0x00000370       0x31 contiki-cc2538dk.a(adc.o)
 .ARM.attributes
                0x000003a1       0x31 contiki-cc2538dk.a(cc2538-rf.o)
 .ARM.attributes
                0x000003d2       0x31 contiki-cc2538dk.a(udma.o)
 .ARM.attributes
                0x00000403       0x31 contiki-cc2538dk.a(lpm.o)
 .ARM.attributes
                0x00000434       0x31 contiki-cc2538dk.a(dbg.o)
 .ARM.attributes
                0x00000465       0x31 contiki-cc2538dk.a(ieee-addr.o)
 .ARM.attributes
                0x00000496       0x31 contiki-cc2538dk.a(dbg-printf.o)
 .ARM.attributes
                0x000004c7       0x31 contiki-cc2538dk.a(strformat.o)
 .ARM.attributes
                0x000004f8       0x31 contiki-cc2538dk.a(autostart.o)
 .ARM.attributes
                0x00000529       0x31 contiki-cc2538dk.a(ctimer.o)
 .ARM.attributes
                0x0000055a       0x31 contiki-cc2538dk.a(energest.o)
 .ARM.attributes
                0x0000058b       0x31 contiki-cc2538dk.a(etimer.o)
 .ARM.attributes
                0x000005bc       0x31 contiki-cc2538dk.a(process.o)
 .ARM.attributes
                0x000005ed       0x31 contiki-cc2538dk.a(rtimer.o)
 .ARM.attributes
                0x0000061e       0x31 contiki-cc2538dk.a(timer.o)
 .ARM.attributes
                0x0000064f       0x31 contiki-cc2538dk.a(serial-line.o)
 .ARM.attributes
                0x00000680       0x31 contiki-cc2538dk.a(list.o)
 .ARM.attributes
                0x000006b1       0x31 contiki-cc2538dk.a(random.o)
 .ARM.attributes
                0x000006e2       0x31 contiki-cc2538dk.a(ringbuf.o)
 .ARM.attributes
                0x00000713       0x31 contiki-cc2538dk.a(broadcast.o)
 .ARM.attributes
                0x00000744       0x31 contiki-cc2538dk.a(channel.o)
 .ARM.attributes
                0x00000775       0x31 contiki-cc2538dk.a(rime.o)
 .ARM.attributes
                0x000007a6       0x31 contiki-cc2538dk.a(linkaddr.o)
 .ARM.attributes
                0x000007d7       0x31 contiki-cc2538dk.a(netstack.o)
 .ARM.attributes
                0x00000808       0x31 contiki-cc2538dk.a(packetbuf.o)
 .ARM.attributes
                0x00000839       0x31 contiki-cc2538dk.a(queuebuf.o)
 .ARM.attributes
                0x0000086a       0x31 contiki-cc2538dk.a(csma.o)
 .ARM.attributes
                0x0000089b       0x31 contiki-cc2538dk.a(mac.o)
 .ARM.attributes
                0x000008cc       0x31 contiki-cc2538dk.a(nullrdc.o)
 .ARM.attributes
                0x000008fd       0x31 contiki-cc2538dk.a(contikimac-fram)
 .ARM.attributes
                0x0000092e       0x31 contiki-cc2538dk.a(nullsec.o)
 .ARM.attributes
                0x0000095f       0x31 contiki-cc2538dk.a(memb.o)
 .ARM.attributes
                0x00000990       0x31 contiki-cc2538dk.a(abc.o)
 .ARM.attributes
                0x000009c1       0x31 contiki-cc2538dk.a(announcement.o)
 .ARM.attributes
                0x000009f2       0x31 contiki-cc2538dk.a(broadcast-annou)
 .ARM.attributes
                0x00000a23       0x31 contiki-cc2538dk.a(chameleon.o)
 .ARM.attributes
                0x00000a54       0x31 contiki-cc2538dk.a(framer-802154.o)
 .ARM.attributes
                0x00000a85       0x31 contiki-cc2538dk.a(framer.o)
 .ARM.attributes
                0x00000ab6       0x31 contiki-cc2538dk.a(mac-sequence.o)
 .ARM.attributes
                0x00000ae7       0x31 contiki-cc2538dk.a(chameleon-bitop)
 .ARM.attributes
                0x00000b18       0x31 contiki-cc2538dk.a(frame802154.o)
 .ARM.attributes
                0x00000b49       0x17 /home/user/CodeSourcery/Sourcery_G++_Lite/bin/../lib/gcc/arm-none-eabi/4.3.2/thumb2/libgcc.a(_aeabi_uldivmod.o)
 .ARM.attributes
                0x00000b60       0x27 /home/user/CodeSourcery/Sourcery_G++_Lite/bin/../lib/gcc/arm-none-eabi/4.3.2/thumb2/libgcc.a(bpabi.o)
 .ARM.attributes
                0x00000b87       0x17 /home/user/CodeSourcery/Sourcery_G++_Lite/bin/../lib/gcc/arm-none-eabi/4.3.2/thumb2/libgcc.a(_dvmd_tls.o)
 .ARM.attributes
                0x00000b9e       0x27 /home/user/CodeSourcery/Sourcery_G++_Lite/bin/../lib/gcc/arm-none-eabi/4.3.2/thumb2/libgcc.a(_divdi3.o)
 .ARM.attributes
                0x00000bc5       0x27 /home/user/CodeSourcery/Sourcery_G++_Lite/bin/../lib/gcc/arm-none-eabi/4.3.2/thumb2/libgcc.a(_udivdi3.o)
 .ARM.attributes
                0x00000bec       0x17 /home/user/CodeSourcery/Sourcery_G++_Lite/bin/../lib/gcc/arm-none-eabi/4.3.2/thumb2/libgcc.a(_udivsi3.o)
 .ARM.attributes
                0x00000c03       0x25 /home/user/CodeSourcery/Sourcery_G++_Lite/bin/../lib/gcc/arm-none-eabi/4.3.2/thumb2/libgcc.a(_clz.o)
 .ARM.attributes
                0x00000c28       0x27 /home/user/CodeSourcery/Sourcery_G++_Lite/bin/../lib/gcc/arm-none-eabi/4.3.2/../../../../arm-none-eabi/lib/thumb2/libc.a(lib_a-memcmp.o)
 .ARM.attributes