Archive member included because of file (symbol)

contiki-cc2538dk.a(leds.o)    timer-test.co (leds_toggle)
contiki-cc2538dk.a(leds-arch.o)
                              contiki-cc2538dk.a(leds.o) (leds_arch_init)
contiki-cc2538dk.a(contiki-main.o)
                              obj_cc2538dk/startup-gcc.o (main)
contiki-cc2538dk.a(sensors.o)
                              contiki-cc2538dk.a(contiki-main.o) (sensors_process)
contiki-cc2538dk.a(smartrf-sensors)
                              contiki-cc2538dk.a(sensors.o) (sensors)
contiki-cc2538dk.a(button-sensor.o)
                              contiki-cc2538dk.a(contiki-main.o) (button_sensor_init)
contiki-cc2538dk.a(adc-sensor.o)
                              contiki-cc2538dk.a(smartrf-sensors) (adc_sensor)
contiki-cc2538dk.a(clock.o)   contiki-cc2538dk.a(contiki-main.o) (clock_init)
contiki-cc2538dk.a(rtimer-arch.o)
                              timer-test.co (rtimer_arch_now)
contiki-cc2538dk.a(uart.o)    contiki-cc2538dk.a(contiki-main.o) (uart_set_input)
contiki-cc2538dk.a(watchdog.o)
                              contiki-cc2538dk.a(contiki-main.o) (watchdog_init)
contiki-cc2538dk.a(nvic.o)    contiki-cc2538dk.a(contiki-main.o) (nvic_init)
contiki-cc2538dk.a(cpu.o)     contiki-cc2538dk.a(contiki-main.o) (cpu_cpsie)
contiki-cc2538dk.a(sys-ctrl.o)
                              contiki-cc2538dk.a(contiki-main.o) (sys_ctrl_init)
contiki-cc2538dk.a(gpio.o)    contiki-cc2538dk.a(button-sensor.o) (gpio_register_callback)
contiki-cc2538dk.a(ioc.o)     contiki-cc2538dk.a(contiki-main.o) (ioc_init)
contiki-cc2538dk.a(adc.o)     contiki-cc2538dk.a(adc-sensor.o) (adc_init)
contiki-cc2538dk.a(cc2538-rf.o)
                              obj_cc2538dk/startup-gcc.o (cc2538_rf_err_isr)
contiki-cc2538dk.a(udma.o)    contiki-cc2538dk.a(cc2538-rf.o) (udma_set_channel_src)
contiki-cc2538dk.a(lpm.o)     contiki-cc2538dk.a(uart.o) (lpm_register_peripheral)
contiki-cc2538dk.a(dbg.o)     timer-test.co (puts)
contiki-cc2538dk.a(ieee-addr.o)
                              contiki-cc2538dk.a(contiki-main.o) (ieee_addr_cpy_to)
contiki-cc2538dk.a(dbg-printf.o)
                              timer-test.co (printf)
contiki-cc2538dk.a(strformat.o)
                              contiki-cc2538dk.a(dbg-printf.o) (format_str_v)
contiki-cc2538dk.a(autostart.o)
                              contiki-cc2538dk.a(contiki-main.o) (autostart_start)
contiki-cc2538dk.a(ctimer.o)  contiki-cc2538dk.a(contiki-main.o) (ctimer_init)
contiki-cc2538dk.a(energest.o)
                              contiki-cc2538dk.a(contiki-main.o) (energest_init)
contiki-cc2538dk.a(etimer.o)  timer-test.co (etimer_expired)
contiki-cc2538dk.a(process.o)
                              contiki-cc2538dk.a(sensors.o) (process_alloc_event)
contiki-cc2538dk.a(rtimer.o)  contiki-cc2538dk.a(rtimer-arch.o) (rtimer_run_next)
contiki-cc2538dk.a(timer.o)   contiki-cc2538dk.a(etimer.o) (timer_reset)
contiki-cc2538dk.a(serial-line.o)
                              contiki-cc2538dk.a(contiki-main.o) (serial_line_init)
contiki-cc2538dk.a(list.o)    contiki-cc2538dk.a(ctimer.o) (list_init)
contiki-cc2538dk.a(random.o)  contiki-cc2538dk.a(contiki-main.o) (random_init)
contiki-cc2538dk.a(ringbuf.o)
                              contiki-cc2538dk.a(serial-line.o) (ringbuf_init)
contiki-cc2538dk.a(rime.o)    contiki-cc2538dk.a(contiki-main.o) (rime_driver)
contiki-cc2538dk.a(linkaddr.o)
                              contiki-cc2538dk.a(contiki-main.o) (linkaddr_node_addr)
contiki-cc2538dk.a(netstack.o)
                              contiki-cc2538dk.a(contiki-main.o) (netstack_init)
contiki-cc2538dk.a(packetbuf.o)
                              contiki-cc2538dk.a(cc2538-rf.o) (packetbuf_set_datalen)
contiki-cc2538dk.a(queuebuf.o)
                              contiki-cc2538dk.a(rime.o) (queuebuf_init)
contiki-cc2538dk.a(csma.o)    contiki-cc2538dk.a(contiki-main.o) (csma_driver)
contiki-cc2538dk.a(mac.o)     contiki-cc2538dk.a(csma.o) (mac_call_sent_callback)
contiki-cc2538dk.a(nullrdc.o)
                              contiki-cc2538dk.a(contiki-main.o) (nullrdc_driver)
contiki-cc2538dk.a(contikimac-fram)
                              contiki-cc2538dk.a(nullrdc.o) (contikimac_framer)
contiki-cc2538dk.a(nullsec.o)
                              contiki-cc2538dk.a(rime.o) (nullsec_driver)
contiki-cc2538dk.a(memb.o)    contiki-cc2538dk.a(queuebuf.o) (memb_alloc)
contiki-cc2538dk.a(abc.o)     contiki-cc2538dk.a(rime.o) (abc_input)
contiki-cc2538dk.a(announcement.o)
                              contiki-cc2538dk.a(rime.o) (announcement_init)
contiki-cc2538dk.a(broadcast-annou)
                              contiki-cc2538dk.a(rime.o) (broadcast_announcement_init)
contiki-cc2538dk.a(broadcast.o)
                              contiki-cc2538dk.a(broadcast-annou) (broadcast_send)
contiki-cc2538dk.a(chameleon.o)
                              contiki-cc2538dk.a(rime.o) (chameleon_create)
contiki-cc2538dk.a(channel.o)
[...]
Memory Configuration

Name             Origin             Length             Attributes
FLASH            0x00200000         0x0007ffd4         xr
FLASH_CCA        0x0027ffd4         0x0000002c         xr
SRAM             0x20000000         0x00008000         xrw
*default*        0x00000000         0xffffffff

Linker script and memory map

LOAD obj_cc2538dk/startup-gcc.o
LOAD timer-test.co
LOAD contiki-cc2538dk.a
START GROUP
LOAD /home/user/CodeSourcery/Sourcery_G++_Lite/bin/../lib/gcc/arm-none-eabi/4.3.2/thumb2/libgcc.a
LOAD /home/user/CodeSourcery/Sourcery_G++_Lite/bin/../lib/gcc/arm-none-eabi/4.3.2/../../../../arm-none-eabi/lib/thumb2/libc.a
END GROUP

.text           0x00200000     0x54ad
                0x00200000                _text = .
 *(SORT(.vectors))
 .vectors       0x00200000      0x28c obj_cc2538dk/startup-gcc.o
                0x00200000                vectors
 *(SORT(.text*))
 .text.default_handler
                0x0020028c        0x4 obj_cc2538dk/startup-gcc.o
                0x0020028c                default_handler
 .text.reset_handler
                0x00200290       0x50 obj_cc2538dk/startup-gcc.o
                0x00200290                reset_handler
 .text.nmi_handler
                0x002002e0        0x8 obj_cc2538dk/startup-gcc.o
                0x002002e0                nmi_handler
 .text.rt_callback
                0x002002e8       0x2c timer-test.co
                0x002002e8                rt_callback
 .text.process_thread_timer_test_process
                0x00200314      0x240 timer-test.co
 .text.show_leds
                0x00200554       0x10 contiki-cc2538dk.a(leds.o)
 .text.leds_toggle
                0x00200564       0x14 contiki-cc2538dk.a(leds.o)
                0x00200564                leds_toggle
 .text.leds_off
                0x00200578       0x14 contiki-cc2538dk.a(leds.o)
                0x00200578                leds_off
 .text.leds_on  0x0020058c       0x14 contiki-cc2538dk.a(leds.o)
                0x0020058c                leds_on
 .text.leds_init
                0x002005a0       0x14 contiki-cc2538dk.a(leds.o)
                0x002005a0                leds_init
 .text.leds_arch_init
                0x002005b4       0x10 contiki-cc2538dk.a(leds-arch.o)
                0x002005b4                leds_arch_init
 .text.leds_arch_set
                0x002005c4        0xc contiki-cc2538dk.a(leds-arch.o)
                0x002005c4                leds_arch_set
 .text.fade     0x002005d0       0x54 contiki-cc2538dk.a(contiki-main.o)
 .text.main     0x00200624      0x170 contiki-cc2538dk.a(contiki-main.o)
                0x00200624                main
 .text.get_sensor_index
                0x00200794       0x24 contiki-cc2538dk.a(sensors.o)
 .text.process_thread_sensors_process
                0x002007b8       0xdc contiki-cc2538dk.a(sensors.o)
 .text.sensors_changed
                0x00200894       0x24 contiki-cc2538dk.a(sensors.o)
                0x00200894                sensors_changed
 .text.config   0x002008b8       0x40 contiki-cc2538dk.a(button-sensor.o)
 .text.config_down
                0x002008f8       0x30 contiki-cc2538dk.a(button-sensor.o)
 .text.config_up
                0x00200928       0x30 contiki-cc2538dk.a(button-sensor.o)
 .text.config_right
                0x00200958       0x30 contiki-cc2538dk.a(button-sensor.o)
 .text.config_left
                0x00200988       0x30 contiki-cc2538dk.a(button-sensor.o)
 .text.config_select
                0x002009b8       0x30 contiki-cc2538dk.a(button-sensor.o)
 .text.button_sensor_init
                0x002009e8       0x10 contiki-cc2538dk.a(button-sensor.o)
                0x002009e8                button_sensor_init
 .text.btn_callback
                0x002009f8       0x60 contiki-cc2538dk.a(button-sensor.o)
 .text.status   0x00200a58        0x4 contiki-cc2538dk.a(adc-sensor.o)
 .text.configure
                0x00200a5c       0x58 contiki-cc2538dk.a(adc-sensor.o)
 .text.value    0x00200ab4       0x48 contiki-cc2538dk.a(adc-sensor.o)
 .text.clock_init
                0x00200afc       0x50 contiki-cc2538dk.a(clock.o)
                0x00200afc                clock_init
 .text.clock_time
                0x00200b4c       0x14 contiki-cc2538dk.a(clock.o)
                0x00200b4c                clock_time
 .text.clock_seconds
                0x00200b60       0x14 contiki-cc2538dk.a(clock.o)
                0x00200b60                clock_seconds
 .text.clock_delay_usec
                0x00200b74       0x24 contiki-cc2538dk.a(clock.o)
                0x00200b74                clock_delay_usec
 .text.update_ticks
                0x00200b98       0x4c contiki-cc2538dk.a(clock.o)
 .text.clock_isr
                0x00200be4        0x8 contiki-cc2538dk.a(clock.o)
                0x00200be4                clock_isr
 .text.clock_adjust
                0x00200bec       0x20 contiki-cc2538dk.a(clock.o)
                0x00200bec                clock_adjust
 .text.rtimer_arch_init
                0x00200c0c        0x4 contiki-cc2538dk.a(rtimer-arch.o)
                0x00200c0c                rtimer_arch_init
 .text.rtimer_arch_next_trigger
                0x00200c10        0xc contiki-cc2538dk.a(rtimer-arch.o)
                0x00200c10                rtimer_arch_next_trigger
 .text.rtimer_arch_now
                0x00200c1c       0x24 contiki-cc2538dk.a(rtimer-arch.o)
                0x00200c1c                rtimer_arch_now
 .text.rtimer_isr
                0x00200c40       0x24 contiki-cc2538dk.a(rtimer-arch.o)
                0x00200c40                rtimer_isr
 .text.rtimer_arch_schedule
                0x00200c64       0x58 contiki-cc2538dk.a(rtimer-arch.o)
                0x00200c64                rtimer_arch_schedule
 .text.permit_pm1
                0x00200cbc       0x30 contiki-cc2538dk.a(uart.o)
 .text.uart_set_input
                0x00200cec       0x10 contiki-cc2538dk.a(uart.o)
                0x00200cec                uart_set_input
 .text.uart_write_byte
                0x00200cfc       0x20 contiki-cc2538dk.a(uart.o)
                0x00200cfc                uart_write_byte
 .text.uart_isr
                0x00200d1c       0x64 contiki-cc2538dk.a(uart.o)
                0x00200d1c                uart_isr
 .text.uart0_isr
                0x00200d80        0xc contiki-cc2538dk.a(uart.o)
                0x00200d80                uart0_isr
 .text.uart1_isr
                0x00200d8c        0xc contiki-cc2538dk.a(uart.o)
                0x00200d8c                uart1_isr
 .text.uart_init
                0x00200d98      0x194 contiki-cc2538dk.a(uart.o)
                0x00200d98                uart_init
 .text.watchdog_init
                0x00200f2c        0xc contiki-cc2538dk.a(watchdog.o)
                0x00200f2c                watchdog_init
 .text.watchdog_start
                0x00200f38        0xc contiki-cc2538dk.a(watchdog.o)
                0x00200f38                watchdog_start
 .text.watchdog_periodic
                0x00200f44       0x10 contiki-cc2538dk.a(watchdog.o)
                0x00200f44                watchdog_periodic
 .text.nvic_init
                0x00200f54       0x3c contiki-cc2538dk.a(nvic.o)
                0x00200f54                nvic_init
 .text.nvic_interrupt_enable
                0x00200f90       0x18 contiki-cc2538dk.a(nvic.o)
                0x00200f90                nvic_interrupt_enable
 .text.nvic_interrupt_disable
                0x00200fa8       0x18 contiki-cc2538dk.a(nvic.o)
                0x00200fa8                nvic_interrupt_disable
 .text.nvic_interrupt_unpend
                0x00200fc0       0x18 contiki-cc2538dk.a(nvic.o)
                0x00200fc0                nvic_interrupt_unpend
 .text.cpu_cpsie
                0x00200fd8        0x8 contiki-cc2538dk.a(cpu.o)
                0x00200fd8                cpu_cpsie
 .text.cpu_cpsid
                0x00200fe0        0x8 contiki-cc2538dk.a(cpu.o)
                0x00200fe0                cpu_cpsid
 .text.sys_ctrl_init
                0x00200fe8       0x28 contiki-cc2538dk.a(sys-ctrl.o)
                0x00200fe8                sys_ctrl_init
 .text.gpio_register_callback
                0x00201010       0x10 contiki-cc2538dk.a(gpio.o)
                0x00201010                gpio_register_callback
 .text.notify   0x00201020       0x34 contiki-cc2538dk.a(gpio.o)
                0x00201020                notify
 .text.gpio_init
                0x00201054       0x14 contiki-cc2538dk.a(gpio.o)
                0x00201054                gpio_init
 .text.gpio_port_d_isr
                0x00201068       0x2c contiki-cc2538dk.a(gpio.o)
                0x00201068                gpio_port_d_isr
 .text.gpio_port_c_isr
                0x00201094       0x2c contiki-cc2538dk.a(gpio.o)
                0x00201094                gpio_port_c_isr
 .text.gpio_port_b_isr
                0x002010c0       0x2c contiki-cc2538dk.a(gpio.o)
                0x002010c0                gpio_port_b_isr
 .text.gpio_port_a_isr
                0x002010ec       0x28 contiki-cc2538dk.a(gpio.o)
                0x002010ec                gpio_port_a_isr
 .text.ioc_init
                0x00201114       0x1c contiki-cc2538dk.a(ioc.o)
                0x00201114                ioc_init
 .text.ioc_set_over
                0x00201130       0x14 contiki-cc2538dk.a(ioc.o)
                0x00201130                ioc_set_over
 .text.ioc_set_sel
                0x00201144       0x14 contiki-cc2538dk.a(ioc.o)
                0x00201144                ioc_set_sel
 .text.adc_init
                0x00201158       0x10 contiki-cc2538dk.a(adc.o)
                0x00201158                adc_init
 .text.adc_get  0x00201168       0x74 contiki-cc2538dk.a(adc.o)
                0x00201168                adc_get
 .text.set_frame_filtering
                0x002011dc       0x1c contiki-cc2538dk.a(cc2538-rf.o)
 .text.on       0x002011f8       0x2c contiki-cc2538dk.a(cc2538-rf.o)
 .text.off      0x00201224       0x3c contiki-cc2538dk.a(cc2538-rf.o)
 .text.set_channel
                0x00201260       0x68 contiki-cc2538dk.a(cc2538-rf.o)
 .text.channel_clear
                0x002012c8       0x54 contiki-cc2538dk.a(cc2538-rf.o)
 .text.receiving_packet
                0x0020131c       0x18 contiki-cc2538dk.a(cc2538-rf.o)
 .text.pending_packet
                0x00201334       0x10 contiki-cc2538dk.a(cc2538-rf.o)
 .text.get_value
                0x00201344      0x12c contiki-cc2538dk.a(cc2538-rf.o)
 .text.set_value
                0x00201470       0xe4 contiki-cc2538dk.a(cc2538-rf.o)
 .text.get_object
                0x00201554       0x2c contiki-cc2538dk.a(cc2538-rf.o)
 .text.set_object
                0x00201580       0x28 contiki-cc2538dk.a(cc2538-rf.o)
 .text.read     0x002015a8       0xdc contiki-cc2538dk.a(cc2538-rf.o)
 .text.cc2538_rf_err_isr
                0x00201684       0x30 contiki-cc2538dk.a(cc2538-rf.o)
                0x00201684                cc2538_rf_err_isr
 .text.cc2538_rf_rx_tx_isr
                0x002016b4       0x18 contiki-cc2538dk.a(cc2538-rf.o)
                0x002016b4                cc2538_rf_rx_tx_isr
 .text.transmit
                0x002016cc       0xac contiki-cc2538dk.a(cc2538-rf.o)
 .text.prepare  0x00201778       0x68 contiki-cc2538dk.a(cc2538-rf.o)
 .text.send     0x002017e0       0x10 contiki-cc2538dk.a(cc2538-rf.o)
 .text.init     0x002017f0       0xd8 contiki-cc2538dk.a(cc2538-rf.o)
 .text.process_thread_cc2538_rf_process
                0x002018c8       0x7c contiki-cc2538dk.a(cc2538-rf.o)
 .text.udma_set_channel_src
                0x00201944       0x10 contiki-cc2538dk.a(udma.o)
                0x00201944                udma_set_channel_src
 .text.udma_set_channel_dst
                0x00201954       0x14 contiki-cc2538dk.a(udma.o)
                0x00201954                udma_set_channel_dst
 .text.udma_set_channel_control_word
                0x00201968       0x14 contiki-cc2538dk.a(udma.o)
                0x00201968                udma_set_channel_control_word
 .text.udma_channel_enable
                0x0020197c       0x18 contiki-cc2538dk.a(udma.o)
                0x0020197c                udma_channel_enable
 .text.udma_channel_mask_set
                0x00201994       0x18 contiki-cc2538dk.a(udma.o)
                0x00201994                udma_channel_mask_set
 .text.udma_channel_sw_request
                0x002019ac       0x18 contiki-cc2538dk.a(udma.o)
                0x002019ac                udma_channel_sw_request
 .text.udma_channel_get_mode
                0x002019c4       0x1c contiki-cc2538dk.a(udma.o)
                0x002019c4                udma_channel_get_mode
 .text.udma_isr
                0x002019e0       0x10 contiki-cc2538dk.a(udma.o)
                0x002019e0                udma_isr
 .text.udma_err_isr
                0x002019f0        0xc contiki-cc2538dk.a(udma.o)
                0x002019f0                udma_err_isr
 .text.udma_init
                0x002019fc       0x30 contiki-cc2538dk.a(udma.o)
                0x002019fc                udma_init
 .text.enter_pm0
                0x00201a2c        0x4 contiki-cc2538dk.a(lpm.o)
 .text.select_32_mhz_xosc
                0x00201a30       0x34 contiki-cc2538dk.a(lpm.o)
 .text.lpm_register_peripheral
                0x00201a64       0x24 contiki-cc2538dk.a(lpm.o)
                0x00201a64                lpm_register_peripheral
 .text.lpm_init
                0x00201a88       0x24 contiki-cc2538dk.a(lpm.o)
                0x00201a88                lpm_init
 .text.lpm_enter
                0x00201aac       0xc8 contiki-cc2538dk.a(lpm.o)
                0x00201aac                lpm_enter
 .text.lpm_exit
                0x00201b74       0x38 contiki-cc2538dk.a(lpm.o)
                0x00201b74                lpm_exit
 .text.putchar  0x00201bac       0x10 contiki-cc2538dk.a(dbg.o)
                0x00201bac                putchar
 .text.puts     0x00201bbc       0x24 contiki-cc2538dk.a(dbg.o)
                0x00201bbc                puts
 .text.dbg_send_bytes
                0x00201be0       0x24 contiki-cc2538dk.a(dbg.o)
                0x00201be0                dbg_send_bytes
 .text.ieee_addr_cpy_to
                0x00201c04       0x78 contiki-cc2538dk.a(ieee-addr.o)
                0x00201c04                ieee_addr_cpy_to
 .text.printf   0x00201c7c       0x20 contiki-cc2538dk.a(dbg-printf.o)
                0x00201c7c                printf
 .text.write_str
                0x00201c9c       0x10 contiki-cc2538dk.a(dbg-printf.o)
 .text.parse_uint
                0x00201cac       0x24 contiki-cc2538dk.a(strformat.o)
 .text.output_uint_hex
                0x00201cd0       0x48 contiki-cc2538dk.a(strformat.o)
 .text.fill_space
                0x00201d18       0x38 contiki-cc2538dk.a(strformat.o)
 .text.format_str_v
                0x00201d50      0x6c8 contiki-cc2538dk.a(strformat.o)
                0x00201d50                format_str_v
 .text.autostart_start
                0x00202418       0x18 contiki-cc2538dk.a(autostart.o)
                0x00202418                autostart_start
 .text.process_thread_ctimer_process
                0x00202430       0x8c contiki-cc2538dk.a(ctimer.o)
 .text.ctimer_stop
                0x002024bc       0x28 contiki-cc2538dk.a(ctimer.o)
                0x002024bc                ctimer_stop
 .text.ctimer_set
                0x002024e4       0x44 contiki-cc2538dk.a(ctimer.o)
                0x002024e4                ctimer_set
 .text.ctimer_init
                0x00202528       0x24 contiki-cc2538dk.a(ctimer.o)
                0x00202528                ctimer_init
 .text.energest_init
                0x0020254c        0x4 contiki-cc2538dk.a(energest.o)
                0x0020254c                energest_init
 .text.etimer_expired
                0x00202550        0xc contiki-cc2538dk.a(etimer.o)
                0x00202550                etimer_expired
 .text.etimer_pending
                0x0020255c       0x10 contiki-cc2538dk.a(etimer.o)
                0x0020255c                etimer_pending
 .text.update_time
                0x0020256c       0x44 contiki-cc2538dk.a(etimer.o)
 .text.etimer_stop
                0x002025b0       0x34 contiki-cc2538dk.a(etimer.o)
                0x002025b0                etimer_stop
 .text.etimer_request_poll
                0x002025e4       0x10 contiki-cc2538dk.a(etimer.o)
                0x002025e4                etimer_request_poll
 .text.process_thread_etimer_process
                0x002025f4       0xa0 contiki-cc2538dk.a(etimer.o)
 .text.add_timer
                0x00202694       0x40 contiki-cc2538dk.a(etimer.o)
 .text.etimer_reset
                0x002026d4       0x10 contiki-cc2538dk.a(etimer.o)
                0x002026d4                etimer_reset
 .text.etimer_set
                0x002026e4       0x10 contiki-cc2538dk.a(etimer.o)
                0x002026e4                etimer_set
 .text.process_alloc_event
                0x002026f4       0x10 contiki-cc2538dk.a(process.o)
                0x002026f4                process_alloc_event
 .text.process_init
                0x00202704       0x30 contiki-cc2538dk.a(process.o)
                0x00202704                process_init
 .text.process_nevents
                0x00202734       0x14 contiki-cc2538dk.a(process.o)
                0x00202734                process_nevents
 .text.process_post
                0x00202748       0x50 contiki-cc2538dk.a(process.o)
                0x00202748                process_post
 .text.process_poll
                0x00202798       0x1c contiki-cc2538dk.a(process.o)
                0x00202798                process_poll
 .text.process_is_running
                0x002027b4        0xc contiki-cc2538dk.a(process.o)
                0x002027b4                process_is_running
 .text.exit_process
                0x002027c0       0x8c contiki-cc2538dk.a(process.o)
 .text.call_process
                0x0020284c       0x40 contiki-cc2538dk.a(process.o)
 .text.process_post_synch
                0x0020288c       0x14 contiki-cc2538dk.a(process.o)
                0x0020288c                process_post_synch
 .text.process_start
                0x002028a0       0x30 contiki-cc2538dk.a(process.o)
                0x002028a0                process_start
 .text.do_poll  0x002028d0       0x34 contiki-cc2538dk.a(process.o)
 .text.process_run
                0x00202904       0xb8 contiki-cc2538dk.a(process.o)
                0x00202904                process_run
 .text.rtimer_run_next
                0x002029bc       0x24 contiki-cc2538dk.a(rtimer.o)
                0x002029bc                rtimer_run_next
 .text.rtimer_set
                0x002029e0       0x24 contiki-cc2538dk.a(rtimer.o)
                0x002029e0                rtimer_set
 .text.rtimer_init
                0x00202a04        0x8 contiki-cc2538dk.a(rtimer.o)
                0x00202a04                rtimer_init
 .text.timer_reset
                0x00202a0c        0xc contiki-cc2538dk.a(timer.o)
                0x00202a0c                timer_reset
 .text.timer_expired
                0x00202a18       0x1c contiki-cc2538dk.a(timer.o)
                0x00202a18                timer_expired
 .text.timer_set
                0x00202a34       0x10 contiki-cc2538dk.a(timer.o)
                0x00202a34                timer_set
 .text.process_thread_serial_line_process
                0x00202a44       0xa8 contiki-cc2538dk.a(serial-line.o)
 .text.serial_line_init
                0x00202aec       0x24 contiki-cc2538dk.a(serial-line.o)
                0x00202aec                serial_line_init
 .text.serial_line_input_byte
                0x00202b10       0x44 contiki-cc2538dk.a(serial-line.o)
                0x00202b10                serial_line_input_byte
 .text.list_init
                0x00202b54        0x8 contiki-cc2538dk.a(list.o)
                0x00202b54                list_init
 .text.list_head
                0x00202b5c        0x4 contiki-cc2538dk.a(list.o)
                0x00202b5c                list_head
 .text.list_tail
                0x00202b60       0x10 contiki-cc2538dk.a(list.o)
                0x00202b60                list_tail
 .text.list_remove
                0x00202b70       0x28 contiki-cc2538dk.a(list.o)
                0x00202b70                list_remove
 .text.list_push
                0x00202b98       0x14 contiki-cc2538dk.a(list.o)
                0x00202b98                list_push
 .text.list_add
                0x00202bac       0x20 contiki-cc2538dk.a(list.o)
                0x00202bac                list_add
 .text.list_length
                0x00202bcc       0x10 contiki-cc2538dk.a(list.o)
                0x00202bcc                list_length
 .text.list_item_next
                0x00202bdc        0x8 contiki-cc2538dk.a(list.o)
                0x00202bdc                list_item_next
 .text.random_rand
                0x00202be4       0x24 contiki-cc2538dk.a(random.o)
                0x00202be4                random_rand
 .text.random_init
                0x00202c08       0x90 contiki-cc2538dk.a(random.o)
                0x00202c08                random_init
 .text.ringbuf_init
                0x00202c98       0x10 contiki-cc2538dk.a(ringbuf.o)
                0x00202c98                ringbuf_init
 .text.ringbuf_put
                0x00202ca8       0x2c contiki-cc2538dk.a(ringbuf.o)
                0x00202ca8                ringbuf_put
 .text.ringbuf_get
                0x00202cd4       0x28 contiki-cc2538dk.a(ringbuf.o)
                0x00202cd4                ringbuf_get
 .text.input    0x00202cfc       0x30 contiki-cc2538dk.a(rime.o)
 .text.init     0x00202d2c       0x28 contiki-cc2538dk.a(rime.o)
 .text.rime_output
                0x00202d54       0x28 contiki-cc2538dk.a(rime.o)
                0x00202d54                rime_output
 .text.packet_sent
                0x00202d7c       0x38 contiki-cc2538dk.a(rime.o)
 .text.linkaddr_cmp
                0x00202db4       0x14 contiki-cc2538dk.a(linkaddr.o)
                0x00202db4                linkaddr_cmp
 .text.linkaddr_copy
                0x00202dc8        0x8 contiki-cc2538dk.a(linkaddr.o)
                0x00202dc8                linkaddr_copy
 .text.netstack_init
                0x00202dd0       0x2c contiki-cc2538dk.a(netstack.o)
                0x00202dd0                netstack_init
 .text.packetbuf_hdrreduce
                0x00202dfc       0x2c contiki-cc2538dk.a(packetbuf.o)
                0x00202dfc                packetbuf_hdrreduce
 .text.packetbuf_set_datalen
                0x00202e28        0xc contiki-cc2538dk.a(packetbuf.o)
                0x00202e28                packetbuf_set_datalen
 .text.packetbuf_dataptr
                0x00202e34       0x18 contiki-cc2538dk.a(packetbuf.o)
                0x00202e34                packetbuf_dataptr
 .text.packetbuf_hdrptr
                0x00202e4c       0x14 contiki-cc2538dk.a(packetbuf.o)
                0x00202e4c                packetbuf_hdrptr
 .text.packetbuf_is_reference
                0x00202e60       0x1c contiki-cc2538dk.a(packetbuf.o)
                0x00202e60                packetbuf_is_reference
 .text.packetbuf_reference_ptr
                0x00202e7c        0xc contiki-cc2538dk.a(packetbuf.o)
                0x00202e7c                packetbuf_reference_ptr
 .text.packetbuf_datalen
                0x00202e88        0xc contiki-cc2538dk.a(packetbuf.o)
                0x00202e88                packetbuf_datalen
 .text.packetbuf_hdrlen
                0x00202e94       0x1c contiki-cc2538dk.a(packetbuf.o)
                0x00202e94                packetbuf_hdrlen
 .text.packetbuf_totlen
                0x00202eb0       0x14 contiki-cc2538dk.a(packetbuf.o)
                0x00202eb0                packetbuf_totlen
 .text.packetbuf_hdralloc
                0x00202ec4       0x28 contiki-cc2538dk.a(packetbuf.o)
                0x00202ec4                packetbuf_hdralloc
 .text.packetbuf_set_attr
                0x00202eec       0x10 contiki-cc2538dk.a(packetbuf.o)
                0x00202eec                packetbuf_set_attr
 .text.packetbuf_attr
                0x00202efc        0xc contiki-cc2538dk.a(packetbuf.o)
                0x00202efc                packetbuf_attr
 .text.packetbuf_addr
                0x00202f08       0x10 contiki-cc2538dk.a(packetbuf.o)
                0x00202f08                packetbuf_addr
 .text.packetbuf_holds_broadcast
                0x00202f18       0x14 contiki-cc2538dk.a(packetbuf.o)
                0x00202f18                packetbuf_holds_broadcast
 .text.packetbuf_set_addr
                0x00202f2c       0x18 contiki-cc2538dk.a(packetbuf.o)
                0x00202f2c                packetbuf_set_addr
 .text.packetbuf_attr_clear
                0x00202f44       0x4c contiki-cc2538dk.a(packetbuf.o)
                0x00202f44                packetbuf_attr_clear
 .text.packetbuf_clear
                0x00202f90       0x38 contiki-cc2538dk.a(packetbuf.o)
                0x00202f90                packetbuf_clear
 .text.packetbuf_attr_copyfrom
                0x00202fc8       0x24 contiki-cc2538dk.a(packetbuf.o)
                0x00202fc8                packetbuf_attr_copyfrom
 .text.packetbuf_attr_copyto
                0x00202fec       0x20 contiki-cc2538dk.a(packetbuf.o)
                0x00202fec                packetbuf_attr_copyto
 .text.packetbuf_copyto
                0x0020300c       0x5c contiki-cc2538dk.a(packetbuf.o)
                0x0020300c                packetbuf_copyto
 .text.packetbuf_copyto_hdr
                0x00203068       0x24 contiki-cc2538dk.a(packetbuf.o)
                0x00203068                packetbuf_copyto_hdr
 .text.packetbuf_compact
                0x0020308c       0x60 contiki-cc2538dk.a(packetbuf.o)
                0x0020308c                packetbuf_compact
 .text.packetbuf_copyfrom
                0x002030ec       0x2c contiki-cc2538dk.a(packetbuf.o)
                0x002030ec                packetbuf_copyfrom
 .text.queuebuf_attr
                0x00203118        0xc contiki-cc2538dk.a(queuebuf.o)
                0x00203118                queuebuf_attr
 .text.queuebuf_to_packetbuf
                0x00203124       0x60 contiki-cc2538dk.a(queuebuf.o)
                0x00203124                queuebuf_to_packetbuf
 .text.queuebuf_free
                0x00203184       0x3c contiki-cc2538dk.a(queuebuf.o)
                0x00203184                queuebuf_free
 .text.queuebuf_update_attr_from_packetbuf
                0x002031c0       0x10 contiki-cc2538dk.a(queuebuf.o)
                0x002031c0                queuebuf_update_attr_from_packetbuf
 .text.queuebuf_new_from_packetbuf
                0x002031d0       0x74 contiki-cc2538dk.a(queuebuf.o)
                0x002031d0                queuebuf_new_from_packetbuf
 .text.queuebuf_init
                0x00203244       0x24 contiki-cc2538dk.a(queuebuf.o)
                0x00203244                queuebuf_init
 .text.default_timebase
                0x00203268       0x14 contiki-cc2538dk.a(csma.o)
 .text.input_packet
                0x0020327c       0x10 contiki-cc2538dk.a(csma.o)
 .text.on       0x0020328c       0x10 contiki-cc2538dk.a(csma.o)
 .text.off      0x0020329c       0x10 contiki-cc2538dk.a(csma.o)
 .text.channel_check_interval
                0x002032ac       0x10 contiki-cc2538dk.a(csma.o)
 .text.transmit_packet_list
                0x002032bc       0x24 contiki-cc2538dk.a(csma.o)
 .text.send_packet
                0x002032e0      0x168 contiki-cc2538dk.a(csma.o)
 .text.free_packet
                0x00203448       0x7c contiki-cc2538dk.a(csma.o)
 .text.packet_sent
                0x002034c4       0xdc contiki-cc2538dk.a(csma.o)
 .text.init     0x002035a0       0x24 contiki-cc2538dk.a(csma.o)
 .text.mac_call_sent_callback
                0x002035c4       0x10 contiki-cc2538dk.a(mac.o)
                0x002035c4                mac_call_sent_callback
 .text.on       0x002035d4       0x10 contiki-cc2538dk.a(nullrdc.o)
 .text.off      0x002035e4       0x14 contiki-cc2538dk.a(nullrdc.o)
 .text.channel_check_interval
                0x002035f8        0x4 contiki-cc2538dk.a(nullrdc.o)
 .text.init     0x002035fc        0x8 contiki-cc2538dk.a(nullrdc.o)
 .text.packet_input
                0x00203604       0x50 contiki-cc2538dk.a(nullrdc.o)
 .text.send_one_packet
                0x00203654       0xfc contiki-cc2538dk.a(nullrdc.o)
 .text.send_list
                0x00203750       0x24 contiki-cc2538dk.a(nullrdc.o)
 .text.send_packet
                0x00203774        0x8 contiki-cc2538dk.a(nullrdc.o)
 .text.hdr_length
                0x0020377c       0x10 contiki-cc2538dk.a(contikimac-fram)
 .text.parse    0x0020378c       0x34 contiki-cc2538dk.a(contikimac-fram)
 .text.create   0x002037c0       0x2c contiki-cc2538dk.a(contikimac-fram)
 .text.create_and_secure
                0x002037ec       0x60 contiki-cc2538dk.a(contikimac-fram)
 .text.bootstrap
                0x0020384c        0x8 contiki-cc2538dk.a(nullsec.o)
 .text.on_frame_created
                0x00203854        0x4 contiki-cc2538dk.a(nullsec.o)
 .text.input    0x00203858       0x10 contiki-cc2538dk.a(nullsec.o)
 .text.get_overhead
                0x00203868        0x4 contiki-cc2538dk.a(nullsec.o)
 .text.send     0x0020386c       0x20 contiki-cc2538dk.a(nullsec.o)
 .text.memb_alloc
                0x0020388c       0x2c contiki-cc2538dk.a(memb.o)
                0x0020388c                memb_alloc
 .text.memb_free
                0x002038b8       0x30 contiki-cc2538dk.a(memb.o)
                0x002038b8                memb_free
 .text.memb_inmemb
                0x002038e8       0x20 contiki-cc2538dk.a(memb.o)
                0x002038e8                memb_inmemb
 .text.memb_init
                0x00203908       0x20 contiki-cc2538dk.a(memb.o)
                0x00203908                memb_init
 .text.abc_input
                0x00203928        0xc contiki-cc2538dk.a(abc.o)
                0x00203928                abc_input
 .text.abc_sent
                0x00203934        0xc contiki-cc2538dk.a(abc.o)
                0x00203934                abc_sent
 .text.abc_send
                0x00203940        0x8 contiki-cc2538dk.a(abc.o)
                0x00203940                abc_send
 .text.abc_open
                0x00203948       0x1c contiki-cc2538dk.a(abc.o)
                0x00203948                abc_open
 .text.announcement_register_observer_callback
                0x00203964        0xc contiki-cc2538dk.a(announcement.o)
                0x00203964                announcement_register_observer_callback
 .text.announcement_list
                0x00203970       0x10 contiki-cc2538dk.a(announcement.o)
                0x00203970                announcement_list
 .text.announcement_heard
                0x00203980       0x38 contiki-cc2538dk.a(announcement.o)
                0x00203980                announcement_heard
 .text.announcement_init
                0x002039b8       0x10 contiki-cc2538dk.a(announcement.o)
                0x002039b8                announcement_init
 .text.adv_packet_sent
                0x002039c8        0x4 contiki-cc2538dk.a(broadcast-annou)
 .text.broadcast_announcement_init
                0x002039cc       0x38 contiki-cc2538dk.a(broadcast-annou)
                0x002039cc                broadcast_announcement_init
 .text.adv_packet_received
                0x00203a04       0x54 contiki-cc2538dk.a(broadcast-annou)
 .text.set_timers
                0x00203a58       0x3c contiki-cc2538dk.a(broadcast-annou)
 .text.new_announcement
                0x00203a94       0x1c contiki-cc2538dk.a(broadcast-annou)
 .text.send_timer
                0x00203ab0       0x1c contiki-cc2538dk.a(broadcast-annou)
 .text.send_adv
                0x00203acc       0x5c contiki-cc2538dk.a(broadcast-annou)
 .text.sent_by_abc
                0x00203b28        0xc contiki-cc2538dk.a(broadcast.o)
 .text.broadcast_send
                0x00203b34       0x18 contiki-cc2538dk.a(broadcast.o)
                0x00203b34                broadcast_send
 .text.broadcast_open
                0x00203b4c       0x24 contiki-cc2538dk.a(broadcast.o)
                0x00203b4c                broadcast_open
 .text.recv_from_abc
                0x00203b70       0x24 contiki-cc2538dk.a(broadcast.o)
 .text.chameleon_hdrsize
                0x00203b94       0x10 contiki-cc2538dk.a(chameleon.o)
                0x00203b94                chameleon_hdrsize
 .text.chameleon_create
                0x00203ba4       0x20 contiki-cc2538dk.a(chameleon.o)
                0x00203ba4                chameleon_create
 .text.chameleon_parse
                0x00203bc4       0x1c contiki-cc2538dk.a(chameleon.o)
                0x00203bc4                chameleon_parse
 .text.chameleon_init
                0x00203be0        0x8 contiki-cc2538dk.a(chameleon.o)
                0x00203be0                chameleon_init
 .text.channel_lookup
                0x00203be8       0x20 contiki-cc2538dk.a(channel.o)
                0x00203be8                channel_lookup
 .text.channel_open
                0x00203c08       0x14 contiki-cc2538dk.a(channel.o)
                0x00203c08                channel_open
 .text.channel_set_attributes
                0x00203c1c       0x18 contiki-cc2538dk.a(channel.o)
                0x00203c1c                channel_set_attributes
 .text.channel_init
                0x00203c34       0x10 contiki-cc2538dk.a(channel.o)
                0x00203c34                channel_init
 .text.parse    0x00203c44       0x90 contiki-cc2538dk.a(framer-802154.o)
 .text.create_frame
                0x00203cd4      0x118 contiki-cc2538dk.a(framer-802154.o)
 .text.create   0x00203dec        0xc contiki-cc2538dk.a(framer-802154.o)
 .text.hdr_length
                0x00203df8        0xc contiki-cc2538dk.a(framer-802154.o)
 .text.framer_canonical_create_and_secure
                0x00203e04       0x2c contiki-cc2538dk.a(framer.o)
                0x00203e04                framer_canonical_create_and_secure
 .text.mac_sequence_is_duplicate
                0x00203e30       0x38 contiki-cc2538dk.a(mac-sequence.o)
                0x00203e30                mac_sequence_is_duplicate
 .text.mac_sequence_register_seqno
                0x00203e68       0x6c contiki-cc2538dk.a(mac-sequence.o)
                0x00203e68                mac_sequence_register_seqno
 .text.get_bits_in_byte
                0x00203ed4       0x24 contiki-cc2538dk.a(chameleon-bitop)
                0x00203ed4                get_bits_in_byte
 .text.get_bits
                0x00203ef8       0x74 contiki-cc2538dk.a(chameleon-bitop)
                0x00203ef8                get_bits
 .text.header_size
                0x00203f6c       0x18 contiki-cc2538dk.a(chameleon-bitop)
 .text.set_bits_in_byte
                0x00203f84       0x1c contiki-cc2538dk.a(chameleon-bitop)
                0x00203f84                set_bits_in_byte
 .text.set_bits
                0x00203fa0       0x7c contiki-cc2538dk.a(chameleon-bitop)
                0x00203fa0                set_bits
 .text.pack_header
                0x0020401c       0x88 contiki-cc2538dk.a(chameleon-bitop)
 .text.unpack_header
                0x002040a4       0xac contiki-cc2538dk.a(chameleon-bitop)
 .text.addr_len
                0x00204150       0x10 contiki-cc2538dk.a(frame802154.o)
 .text.frame802154_parse
                0x00204160      0x128 contiki-cc2538dk.a(frame802154.o)
                0x00204160                frame802154_parse
 .text.field_len
                0x00204288       0x68 contiki-cc2538dk.a(frame802154.o)
 .text.frame802154_create
                0x002042f0       0xdc contiki-cc2538dk.a(frame802154.o)
                0x002042f0                frame802154_create
 .text.frame802154_hdrlen
                0x002043cc       0x2c contiki-cc2538dk.a(frame802154.o)
                0x002043cc                frame802154_hdrlen
 .text          0x002043f8       0x2c /home/user/CodeSourcery/Sourcery_G++_Lite/bin/../lib/gcc/arm-none-eabi/4.3.2/thumb2/libgcc.a(_aeabi_uldivmod.o)
                0x002043f8                __aeabi_uldivmod
 .text          0x00204424       0x60 /home/user/CodeSourcery/Sourcery_G++_Lite/bin/../lib/gcc/arm-none-eabi/4.3.2/thumb2/libgcc.a(bpabi.o)
                0x00204424                __gnu_uldivmod_helper
                0x00204454                __gnu_ldivmod_helper
 .text          0x00204484        0x4 /home/user/CodeSourcery/Sourcery_G++_Lite/bin/../lib/gcc/arm-none-eabi/4.3.2/thumb2/libgcc.a(_dvmd_tls.o)
                0x00204484                __aeabi_ldiv0
                0x00204484                __aeabi_idiv0
 .text          0x00204488      0x424 /home/user/CodeSourcery/Sourcery_G++_Lite/bin/../lib/gcc/arm-none-eabi/4.3.2/thumb2/libgcc.a(_divdi3.o)
                0x00204488                __divdi3
 .text          0x002048ac      0x3e4 /home/user/CodeSourcery/Sourcery_G++_Lite/bin/../lib/gcc/arm-none-eabi/4.3.2/thumb2/libgcc.a(_udivdi3.o)
                0x002048ac                __udivdi3
 .text          0x00204c90       0x8c /home/user/CodeSourcery/Sourcery_G++_Lite/bin/../lib/gcc/arm-none-eabi/4.3.2/thumb2/libgcc.a(_udivsi3.o)
                0x00204c90                __udivsi3
                0x00204c90                __aeabi_uidiv
                0x00204d08                __aeabi_uidivmod
 .text          0x00204d1c       0x60 /home/user/CodeSourcery/Sourcery_G++_Lite/bin/../lib/gcc/arm-none-eabi/4.3.2/../../../../arm-none-eabi/lib/thumb2/libc.a(lib_a-memcmp.o)
                0x00204d1c                memcmp
 .text          0x00204d7c       0x98 /home/user/CodeSourcery/Sourcery_G++_Lite/bin/../lib/gcc/arm-none-eabi/4.3.2/../../../../arm-none-eabi/lib/thumb2/libc.a(lib_a-memcpy.o)
                0x00204d7c                memcpy
 .text          0x00204e14       0x88 /home/user/CodeSourcery/Sourcery_G++_Lite/bin/../lib/gcc/arm-none-eabi/4.3.2/../../../../arm-none-eabi/lib/thumb2/libc.a(lib_a-memset.o)
                0x00204e14                memset
 *(SORT(.rodata*))
 .rodata.autostart_processes
                0x00204e9c        0x8 timer-test.co
                0x00204e9c                autostart_processes
 .rodata.button_select_sensor
                0x00204ea4       0x10 contiki-cc2538dk.a(button-sensor.o)
                0x00204ea4                button_select_sensor
 .rodata.button_up_sensor
                0x00204eb4       0x10 contiki-cc2538dk.a(button-sensor.o)
                0x00204eb4                button_up_sensor
 .rodata.button_left_sensor
                0x00204ec4       0x10 contiki-cc2538dk.a(button-sensor.o)
                0x00204ec4                button_left_sensor
 .rodata.button_right_sensor
                0x00204ed4       0x10 contiki-cc2538dk.a(button-sensor.o)
                0x00204ed4                button_right_sensor
 .rodata.button_down_sensor
                0x00204ee4       0x10 contiki-cc2538dk.a(button-sensor.o)
                0x00204ee4                button_down_sensor
 .rodata.adc_sensor
                0x00204ef4       0x10 contiki-cc2538dk.a(adc-sensor.o)
                0x00204ef4                adc_sensor
 .rodata.uart_regs
                0x00204f04       0x58 contiki-cc2538dk.a(uart.o)
 .rodata.cc2538_rf_driver
                0x00204f5c       0x38 contiki-cc2538dk.a(cc2538-rf.o)
                0x00204f5c                cc2538_rf_driver
 .rodata.output_power
                0x00204f94       0x70 contiki-cc2538dk.a(cc2538-rf.o)
 .rodata.rime_driver
                0x00205004        0xc contiki-cc2538dk.a(rime.o)
                0x00205004                rime_driver
 .rodata.packetbuf
                0x00205010        0x4 contiki-cc2538dk.a(packetbuf.o)
 .rodata.csma_driver
                0x00205014       0x1c contiki-cc2538dk.a(csma.o)
                0x00205014                csma_driver
 .rodata.nullrdc_driver
                0x00205030       0x20 contiki-cc2538dk.a(nullrdc.o)
                0x00205030                nullrdc_driver
 .rodata.contikimac_framer
                0x00205050       0x10 contiki-cc2538dk.a(contikimac-fram)
                0x00205050                contikimac_framer
 .rodata.nullsec_driver
                0x00205060       0x18 contiki-cc2538dk.a(nullsec.o)
                0x00205060                nullsec_driver
 .rodata.broadcast_callbacks
                0x00205078        0x8 contiki-cc2538dk.a(broadcast-annou)
 .rodata.broadcast
                0x00205080        0x8 contiki-cc2538dk.a(broadcast.o)
 .rodata.framer_802154
                0x00205088       0x10 contiki-cc2538dk.a(framer-802154.o)
                0x00205088                framer_802154
 .rodata.chameleon_bitopt
                0x00205098        0xc contiki-cc2538dk.a(chameleon-bitop)
                0x00205098                chameleon_bitopt
 .rodata.linkaddr_null
                0x002050a4        0x2 contiki-cc2538dk.a(linkaddr.o)
                0x002050a4                linkaddr_null
 .rodata.str1.1
                0x002050a6      0x1cd timer-test.co
 .rodata.str1.1
                0x00205273       0x71 contiki-cc2538dk.a(contiki-main.o)
 .rodata.str1.1
                0x002052e4        0x8 contiki-cc2538dk.a(sensors.o)
 .rodata.str1.1
                0x002052ec        0x7 contiki-cc2538dk.a(button-sensor.o)
 .rodata.str1.1
                0x002052f3        0x4 contiki-cc2538dk.a(adc-sensor.o)
 .rodata.str1.1
                0x002052f7       0x11 contiki-cc2538dk.a(cc2538-rf.o)
 .rodata.buffer.1352
                0x00205308       0x10 contiki-cc2538dk.a(strformat.o)
 .rodata.str1.1
                0x00205318       0x33 contiki-cc2538dk.a(strformat.o)
                                 0x37 (size before relaxing)
 .rodata.buffer.1366
                0x0020534b       0x10 contiki-cc2538dk.a(strformat.o)
 .rodata.str1.1
                0x0020535b        0xf contiki-cc2538dk.a(ctimer.o)
 .rodata.str1.1
                0x0020536a        0xc contiki-cc2538dk.a(etimer.o)
 .rodata.str1.1
                0x00205376        0xe contiki-cc2538dk.a(serial-line.o)
 .rodata.str1.1
                0x00205384        0x5 contiki-cc2538dk.a(rime.o)
 .rodata.str1.1
                0x00205389        0x5 contiki-cc2538dk.a(csma.o)
 .rodata.str1.1
                0x0020538e        0x8 contiki-cc2538dk.a(nullrdc.o)
 .rodata.str1.1
                0x00205396        0x8 contiki-cc2538dk.a(nullsec.o)
 .rodata.attributes
                0x0020539e        0x2 contiki-cc2538dk.a(abc.o)
 .rodata.attributes
                0x002053a0        0x4 contiki-cc2538dk.a(broadcast.o)
 .rodata.bitmask
                0x002053a4        0x9 contiki-cc2538dk.a(chameleon-bitop)
 .rodata        0x002053ad      0x100 /home/user/CodeSourcery/Sourcery_G++_Lite/bin/../lib/gcc/arm-none-eabi/4.3.2/thumb2/libgcc.a(_clz.o)
                0x002053ad                __clz_tab
                0x002054ad                _etext = .

.glue_7         0x002054b0        0x0 load address 0x002054ad
 .glue_7        0x002054b0        0x0 obj_cc2538dk/startup-gcc.o
 .glue_7        0x002054b0        0x0 timer-test.co
 .glue_7        0x002054b0        0x0 contiki-cc2538dk.a(leds.o)
 .glue_7        0x002054b0        0x0 contiki-cc2538dk.a(leds-arch.o)
 .glue_7        0x002054b0        0x0 contiki-cc2538dk.a(contiki-main.o)
 .glue_7        0x002054b0        0x0 contiki-cc2538dk.a(sensors.o)
 .glue_7        0x002054b0        0x0 contiki-cc2538dk.a(smartrf-sensors)
 .glue_7        0x002054b0        0x0 contiki-cc2538dk.a(button-sensor.o)
 .glue_7        0x002054b0        0x0 contiki-cc2538dk.a(adc-sensor.o)
 .glue_7        0x002054b0        0x0 contiki-cc2538dk.a(clock.o)
 .glue_7        0x002054b0        0x0 contiki-cc2538dk.a(rtimer-arch.o)
 .glue_7        0x002054b0        0x0 contiki-cc2538dk.a(uart.o)
 .glue_7        0x002054b0        0x0 contiki-cc2538dk.a(watchdog.o)
 .glue_7        0x002054b0        0x0 contiki-cc2538dk.a(nvic.o)
 .glue_7        0x002054b0        0x0 contiki-cc2538dk.a(cpu.o)
 .glue_7        0x002054b0        0x0 contiki-cc2538dk.a(sys-ctrl.o)
 .glue_7        0x002054b0        0x0 contiki-cc2538dk.a(gpio.o)
 .glue_7        0x002054b0        0x0 contiki-cc2538dk.a(ioc.o)
 .glue_7        0x002054b0        0x0 contiki-cc2538dk.a(adc.o)
 .glue_7        0x002054b0        0x0 contiki-cc2538dk.a(cc2538-rf.o)
 .glue_7        0x002054b0        0x0 contiki-cc2538dk.a(udma.o)
 .glue_7        0x002054b0        0x0 contiki-cc2538dk.a(lpm.o)
 .glue_7        0x002054b0        0x0 contiki-cc2538dk.a(dbg.o)
 .glue_7        0x002054b0        0x0 contiki-cc2538dk.a(ieee-addr.o)
 .glue_7        0x002054b0        0x0 contiki-cc2538dk.a(dbg-printf.o)
 .glue_7        0x002054b0        0x0 contiki-cc2538dk.a(strformat.o)
 .glue_7        0x002054b0        0x0 contiki-cc2538dk.a(autostart.o)
 .glue_7        0x002054b0        0x0 contiki-cc2538dk.a(ctimer.o)
 .glue_7        0x002054b0        0x0 contiki-cc2538dk.a(energest.o)
 .glue_7        0x002054b0        0x0 contiki-cc2538dk.a(etimer.o)
 .glue_7        0x002054b0        0x0 contiki-cc2538dk.a(process.o)
 .glue_7        0x002054b0        0x0 contiki-cc2538dk.a(rtimer.o)
 .glue_7        0x002054b0        0x0 contiki-cc2538dk.a(timer.o)
 .glue_7        0x002054b0        0x0 contiki-cc2538dk.a(serial-line.o)
 .glue_7        0x002054b0        0x0 contiki-cc2538dk.a(list.o)
 .glue_7        0x002054b0        0x0 contiki-cc2538dk.a(random.o)
 .glue_7        0x002054b0        0x0 contiki-cc2538dk.a(ringbuf.o)
 .glue_7        0x002054b0        0x0 contiki-cc2538dk.a(rime.o)
 .glue_7        0x002054b0        0x0 contiki-cc2538dk.a(linkaddr.o)
 .glue_7        0x002054b0        0x0 contiki-cc2538dk.a(netstack.o)
 .glue_7        0x002054b0        0x0 contiki-cc2538dk.a(packetbuf.o)
 .glue_7        0x002054b0        0x0 contiki-cc2538dk.a(queuebuf.o)
 .glue_7        0x002054b0        0x0 contiki-cc2538dk.a(csma.o)
 .glue_7        0x002054b0        0x0 contiki-cc2538dk.a(mac.o)
 .glue_7        0x002054b0        0x0 contiki-cc2538dk.a(nullrdc.o)
 .glue_7        0x002054b0        0x0 contiki-cc2538dk.a(contikimac-fram)
 .glue_7        0x002054b0        0x0 contiki-cc2538dk.a(nullsec.o)
 .glue_7        0x002054b0        0x0 contiki-cc2538dk.a(memb.o)
 .glue_7        0x002054b0        0x0 contiki-cc2538dk.a(abc.o)
 .glue_7        0x002054b0        0x0 contiki-cc2538dk.a(announcement.o)
 .glue_7        0x002054b0        0x0 contiki-cc2538dk.a(broadcast-annou)
 .glue_7        0x002054b0        0x0 contiki-cc2538dk.a(broadcast.o)
 .glue_7        0x002054b0        0x0 contiki-cc2538dk.a(chameleon.o)
 .glue_7        0x002054b0        0x0 contiki-cc2538dk.a(channel.o)
 .glue_7        0x002054b0        0x0 contiki-cc2538dk.a(framer-802154.o)
 .glue_7        0x002054b0        0x0 contiki-cc2538dk.a(framer.o)
 .glue_7        0x002054b0        0x0 contiki-cc2538dk.a(mac-sequence.o)
 .glue_7        0x002054b0        0x0 contiki-cc2538dk.a(chameleon-bitop)
 .glue_7        0x002054b0        0x0 contiki-cc2538dk.a(frame802154.o)
 .glue_7        0x002054b0        0x0 /home/user/CodeSourcery/Sourcery_G++_Lite/bin/../lib/gcc/arm-none-eabi/4.3.2/thumb2/libgcc.a(_aeabi_uldivmod.o)
 .glue_7        0x002054b0        0x0 /home/user/CodeSourcery/Sourcery_G++_Lite/bin/../lib/gcc/arm-none-eabi/4.3.2/thumb2/libgcc.a(bpabi.o)
 .glue_7        0x002054b0        0x0 /home/user/CodeSourcery/Sourcery_G++_Lite/bin/../lib/gcc/arm-none-eabi/4.3.2/thumb2/libgcc.a(_dvmd_tls.o)
 .glue_7        0x002054b0        0x0 /home/user/CodeSourcery/Sourcery_G++_Lite/bin/../lib/gcc/arm-none-eabi/4.3.2/thumb2/libgcc.a(_divdi3.o)
 .glue_7        0x002054b0        0x0 /home/user/CodeSourcery/Sourcery_G++_Lite/bin/../lib/gcc/arm-none-eabi/4.3.2/thumb2/libgcc.a(_udivdi3.o)
 .glue_7        0x002054b0        0x0 /home/user/CodeSourcery/Sourcery_G++_Lite/bin/../lib/gcc/arm-none-eabi/4.3.2/thumb2/libgcc.a(_udivsi3.o)
 .glue_7        0x002054b0        0x0 /home/user/CodeSourcery/Sourcery_G++_Lite/bin/../lib/gcc/arm-none-eabi/4.3.2/thumb2/libgcc.a(_clz.o)
 .glue_7        0x002054b0        0x0 /home/user/CodeSourcery/Sourcery_G++_Lite/bin/../lib/gcc/arm-none-eabi/4.3.2/../../../../arm-none-eabi/lib/thumb2/libc.a(lib_a-memcmp.o)
 .glue_7        0x002054b0        0x0 /home/user/CodeSourcery/Sourcery_G++_Lite/bin/../lib/gcc/arm-none-eabi/4.3.2/../../../../arm-none-eabi/lib/thumb2/libc.a(lib_a-memcpy.o)
 .glue_7        0x002054b0        0x0 /home/user/CodeSourcery/Sourcery_G++_Lite/bin/../lib/gcc/arm-none-eabi/4.3.2/../../../../arm-none-eabi/lib/thumb2/libc.a(lib_a-memset.o)
 .glue_7        0x002054b0        0x0 /home/user/CodeSourcery/Sourcery_G++_Lite/bin/../lib/gcc/arm-none-eabi/4.3.2/../../../../arm-none-eabi/lib/thumb2/libc.a(lib_a-strlen.o)
 .glue_7        0x002054b0        0x0 /home/user/CodeSourcery/Sourcery_G++_Lite/bin/../lib/gcc/arm-none-eabi/4.3.2/../../../../arm-none-eabi/lib/thumb2/libc.a(lib_a-strncmp.o)

.glue_7t        0x002054b0        0x0 load address 0x002054ad
 .glue_7t       0x002054b0        0x0 obj_cc2538dk/startup-gcc.o
 .glue_7t       0x002054b0        0x0 timer-test.co
 .glue_7t       0x002054b0        0x0 contiki-cc2538dk.a(leds.o)
 .glue_7t       0x002054b0        0x0 contiki-cc2538dk.a(leds-arch.o)
 .glue_7t       0x002054b0        0x0 contiki-cc2538dk.a(contiki-main.o)
 .glue_7t       0x002054b0        0x0 contiki-cc2538dk.a(sensors.o)
 .glue_7t       0x002054b0        0x0 contiki-cc2538dk.a(smartrf-sensors)
 .glue_7t       0x002054b0        0x0 contiki-cc2538dk.a(button-sensor.o)
 .glue_7t       0x002054b0        0x0 contiki-cc2538dk.a(adc-sensor.o)
 .glue_7t       0x002054b0        0x0 contiki-cc2538dk.a(clock.o)
 .glue_7t       0x002054b0        0x0 contiki-cc2538dk.a(rtimer-arch.o)
 .glue_7t       0x002054b0        0x0 contiki-cc2538dk.a(uart.o)
 .glue_7t       0x002054b0        0x0 contiki-cc2538dk.a(watchdog.o)
 .glue_7t       0x002054b0        0x0 contiki-cc2538dk.a(nvic.o)
 .glue_7t       0x002054b0        0x0 contiki-cc2538dk.a(cpu.o)
 .glue_7t       0x002054b0        0x0 contiki-cc2538dk.a(sys-ctrl.o)
 .glue_7t       0x002054b0        0x0 contiki-cc2538dk.a(gpio.o)
 .glue_7t       0x002054b0        0x0 contiki-cc2538dk.a(ioc.o)
 .glue_7t       0x002054b0        0x0 contiki-cc2538dk.a(adc.o)
 .glue_7t       0x002054b0        0x0 contiki-cc2538dk.a(cc2538-rf.o)
 .glue_7t       0x002054b0        0x0 contiki-cc2538dk.a(udma.o)
 .glue_7t       0x002054b0        0x0 contiki-cc2538dk.a(lpm.o)
 .glue_7t       0x002054b0        0x0 contiki-cc2538dk.a(dbg.o)
 .glue_7t       0x002054b0        0x0 contiki-cc2538dk.a(ieee-addr.o)
 .glue_7t       0x002054b0        0x0 contiki-cc2538dk.a(dbg-printf.o)
 .glue_7t       0x002054b0        0x0 contiki-cc2538dk.a(strformat.o)
 .glue_7t       0x002054b0        0x0 contiki-cc2538dk.a(autostart.o)
 .glue_7t       0x002054b0        0x0 contiki-cc2538dk.a(ctimer.o)
 .glue_7t       0x002054b0        0x0 contiki-cc2538dk.a(energest.o)
 .glue_7t       0x002054b0        0x0 contiki-cc2538dk.a(etimer.o)
 .glue_7t       0x002054b0        0x0 contiki-cc2538dk.a(process.o)
 .glue_7t       0x002054b0        0x0 contiki-cc2538dk.a(rtimer.o)
 .glue_7t       0x002054b0        0x0 contiki-cc2538dk.a(timer.o)
 .glue_7t       0x002054b0        0x0 contiki-cc2538dk.a(serial-line.o)
 .glue_7t       0x002054b0        0x0 contiki-cc2538dk.a(list.o)
 .glue_7t       0x002054b0        0x0 contiki-cc2538dk.a(random.o)
 .glue_7t       0x002054b0        0x0 contiki-cc2538dk.a(ringbuf.o)
 .glue_7t       0x002054b0        0x0 contiki-cc2538dk.a(rime.o)
 .glue_7t       0x002054b0        0x0 contiki-cc2538dk.a(linkaddr.o)
 .glue_7t       0x002054b0        0x0 contiki-cc2538dk.a(netstack.o)
 .glue_7t       0x002054b0        0x0 contiki-cc2538dk.a(packetbuf.o)
 .glue_7t       0x002054b0        0x0 contiki-cc2538dk.a(queuebuf.o)
 .glue_7t       0x002054b0        0x0 contiki-cc2538dk.a(csma.o)
 .glue_7t       0x002054b0        0x0 contiki-cc2538dk.a(mac.o)
 .glue_7t       0x002054b0        0x0 contiki-cc2538dk.a(nullrdc.o)
 .glue_7t       0x002054b0        0x0 contiki-cc2538dk.a(contikimac-fram)
 .glue_7t       0x002054b0        0x0 contiki-cc2538dk.a(nullsec.o)
 .glue_7t       0x002054b0        0x0 contiki-cc2538dk.a(memb.o)
 .glue_7t       0x002054b0        0x0 contiki-cc2538dk.a(abc.o)
 .glue_7t       0x002054b0        0x0 contiki-cc2538dk.a(announcement.o)
 .glue_7t       0x002054b0        0x0 contiki-cc2538dk.a(broadcast-annou)
 .glue_7t       0x002054b0        0x0 contiki-cc2538dk.a(broadcast.o)
 .glue_7t       0x002054b0        0x0 contiki-cc2538dk.a(chameleon.o)
 .glue_7t       0x002054b0        0x0 contiki-cc2538dk.a(channel.o)
 .glue_7t       0x002054b0        0x0 contiki-cc2538dk.a(framer-802154.o)
 .glue_7t       0x002054b0        0x0 contiki-cc2538dk.a(framer.o)
 .glue_7t       0x002054b0        0x0 contiki-cc2538dk.a(mac-sequence.o)
 .glue_7t       0x002054b0        0x0 contiki-cc2538dk.a(chameleon-bitop)
 .glue_7t       0x002054b0        0x0 contiki-cc2538dk.a(frame802154.o)
 .glue_7t       0x002054b0        0x0 /home/user/CodeSourcery/Sourcery_G++_Lite/bin/../lib/gcc/arm-none-eabi/4.3.2/thumb2/libgcc.a(_aeabi_uldivmod.o)
 .glue_7t       0x002054b0        0x0 /home/user/CodeSourcery/Sourcery_G++_Lite/bin/../lib/gcc/arm-none-eabi/4.3.2/thumb2/libgcc.a(bpabi.o)
 .glue_7t       0x002054b0        0x0 /home/user/CodeSourcery/Sourcery_G++_Lite/bin/../lib/gcc/arm-none-eabi/4.3.2/thumb2/libgcc.a(_dvmd_tls.o)
 .glue_7t       0x002054b0        0x0 /home/user/CodeSourcery/Sourcery_G++_Lite/bin/../lib/gcc/arm-none-eabi/4.3.2/thumb2/libgcc.a(_divdi3.o)
 .glue_7t       0x002054b0        0x0 /home/user/CodeSourcery/Sourcery_G++_Lite/bin/../lib/gcc/arm-none-eabi/4.3.2/thumb2/libgcc.a(_udivdi3.o)
 .glue_7t       0x002054b0        0x0 /home/user/CodeSourcery/Sourcery_G++_Lite/bin/../lib/gcc/arm-none-eabi/4.3.2/thumb2/libgcc.a(_udivsi3.o)
 .glue_7t       0x002054b0        0x0 /home/user/CodeSourcery/Sourcery_G++_Lite/bin/../lib/gcc/arm-none-eabi/4.3.2/thumb2/libgcc.a(_clz.o)
 .glue_7t       0x002054b0        0x0 /home/user/CodeSourcery/Sourcery_G++_Lite/bin/../lib/gcc/arm-none-eabi/4.3.2/../../../../arm-none-eabi/lib/thumb2/libc.a(lib_a-memcmp.o)
 .glue_7t       0x002054b0        0x0 /home/user/CodeSourcery/Sourcery_G++_Lite/bin/../lib/gcc/arm-none-eabi/4.3.2/../../../../arm-none-eabi/lib/thumb2/libc.a(lib_a-memcpy.o)
 .glue_7t       0x002054b0        0x0 /home/user/CodeSourcery/Sourcery_G++_Lite/bin/../lib/gcc/arm-none-eabi/4.3.2/../../../../arm-none-eabi/lib/thumb2/libc.a(lib_a-memset.o)
 .glue_7t       0x002054b0        0x0 /home/user/CodeSourcery/Sourcery_G++_Lite/bin/../lib/gcc/arm-none-eabi/4.3.2/../../../../arm-none-eabi/lib/thumb2/libc.a(lib_a-strlen.o)
 .glue_7t       0x002054b0        0x0 /home/user/CodeSourcery/Sourcery_G++_Lite/bin/../lib/gcc/arm-none-eabi/4.3.2/../../../../arm-none-eabi/lib/thumb2/libc.a(lib_a-strncmp.o)

.vfp11_veneer   0x002054b0        0x0 load address 0x002054ad
 .vfp11_veneer  0x002054b0        0x0 obj_cc2538dk/startup-gcc.o
 .vfp11_veneer  0x002054b0        0x0 timer-test.co
 .vfp11_veneer  0x002054b0        0x0 contiki-cc2538dk.a(leds.o)
 .vfp11_veneer  0x002054b0        0x0 contiki-cc2538dk.a(leds-arch.o)
 .vfp11_veneer  0x002054b0        0x0 contiki-cc2538dk.a(contiki-main.o)
 .vfp11_veneer  0x002054b0        0x0 contiki-cc2538dk.a(sensors.o)
 .vfp11_veneer  0x002054b0        0x0 contiki-cc2538dk.a(smartrf-sensors)
 .vfp11_veneer  0x002054b0        0x0 contiki-cc2538dk.a(button-sensor.o)
 .vfp11_veneer  0x002054b0        0x0 contiki-cc2538dk.a(adc-sensor.o)
 .vfp11_veneer  0x002054b0        0x0 contiki-cc2538dk.a(clock.o)
 .vfp11_veneer  0x002054b0        0x0 contiki-cc2538dk.a(rtimer-arch.o)
 .vfp11_veneer  0x002054b0        0x0 contiki-cc2538dk.a(uart.o)
 .vfp11_veneer  0x002054b0        0x0 contiki-cc2538dk.a(watchdog.o)
 .vfp11_veneer  0x002054b0        0x0 contiki-cc2538dk.a(nvic.o)
 .vfp11_veneer  0x002054b0        0x0 contiki-cc2538dk.a(cpu.o)
 .vfp11_veneer  0x002054b0        0x0 contiki-cc2538dk.a(sys-ctrl.o)
 .vfp11_veneer  0x002054b0        0x0 contiki-cc2538dk.a(gpio.o)
 .vfp11_veneer  0x002054b0        0x0 contiki-cc2538dk.a(ioc.o)
 .vfp11_veneer  0x002054b0        0x0 contiki-cc2538dk.a(adc.o)
 .vfp11_veneer  0x002054b0        0x0 contiki-cc2538dk.a(cc2538-rf.o)
 .vfp11_veneer  0x002054b0        0x0 contiki-cc2538dk.a(udma.o)
 .vfp11_veneer  0x002054b0        0x0 contiki-cc2538dk.a(lpm.o)
 .vfp11_veneer  0x002054b0        0x0 contiki-cc2538dk.a(dbg.o)
 .vfp11_veneer  0x002054b0        0x0 contiki-cc2538dk.a(ieee-addr.o)
 .vfp11_veneer  0x002054b0        0x0 contiki-cc2538dk.a(dbg-printf.o)
 .vfp11_veneer  0x002054b0        0x0 contiki-cc2538dk.a(strformat.o)
 .vfp11_veneer  0x002054b0        0x0 contiki-cc2538dk.a(autostart.o)
 .vfp11_veneer  0x002054b0        0x0 contiki-cc2538dk.a(ctimer.o)
 .vfp11_veneer  0x002054b0        0x0 contiki-cc2538dk.a(energest.o)
 .vfp11_veneer  0x002054b0        0x0 contiki-cc2538dk.a(etimer.o)
 .vfp11_veneer  0x002054b0        0x0 contiki-cc2538dk.a(process.o)
 .vfp11_veneer  0x002054b0        0x0 contiki-cc2538dk.a(rtimer.o)
 .vfp11_veneer  0x002054b0        0x0 contiki-cc2538dk.a(timer.o)
 .vfp11_veneer  0x002054b0        0x0 contiki-cc2538dk.a(serial-line.o)
 .vfp11_veneer  0x002054b0        0x0 contiki-cc2538dk.a(list.o)
 .vfp11_veneer  0x002054b0        0x0 contiki-cc2538dk.a(random.o)
 .vfp11_veneer  0x002054b0        0x0 contiki-cc2538dk.a(ringbuf.o)
 .vfp11_veneer  0x002054b0        0x0 contiki-cc2538dk.a(rime.o)
 .vfp11_veneer  0x002054b0        0x0 contiki-cc2538dk.a(linkaddr.o)
 .vfp11_veneer  0x002054b0        0x0 contiki-cc2538dk.a(netstack.o)
 .vfp11_veneer  0x002054b0        0x0 contiki-cc2538dk.a(packetbuf.o)
 .vfp11_veneer  0x002054b0        0x0 contiki-cc2538dk.a(queuebuf.o)
 .vfp11_veneer  0x002054b0        0x0 contiki-cc2538dk.a(csma.o)
 .vfp11_veneer  0x002054b0        0x0 contiki-cc2538dk.a(mac.o)
 .vfp11_veneer  0x002054b0        0x0 contiki-cc2538dk.a(nullrdc.o)
 .vfp11_veneer  0x002054b0        0x0 contiki-cc2538dk.a(contikimac-fram)
 .vfp11_veneer  0x002054b0        0x0 contiki-cc2538dk.a(nullsec.o)
 .vfp11_veneer  0x002054b0        0x0 contiki-cc2538dk.a(memb.o)
 .vfp11_veneer  0x002054b0        0x0 contiki-cc2538dk.a(abc.o)
 .vfp11_veneer  0x002054b0        0x0 contiki-cc2538dk.a(announcement.o)
 .vfp11_veneer  0x002054b0        0x0 contiki-cc2538dk.a(broadcast-annou)
 .vfp11_veneer  0x002054b0        0x0 contiki-cc2538dk.a(broadcast.o)
 .vfp11_veneer  0x002054b0        0x0 contiki-cc2538dk.a(chameleon.o)
 .vfp11_veneer  0x002054b0        0x0 contiki-cc2538dk.a(channel.o)
 .vfp11_veneer  0x002054b0        0x0 contiki-cc2538dk.a(framer-802154.o)
 .vfp11_veneer  0x002054b0        0x0 contiki-cc2538dk.a(framer.o)
 .vfp11_veneer  0x002054b0        0x0 contiki-cc2538dk.a(mac-sequence.o)
 .vfp11_veneer  0x002054b0        0x0 contiki-cc2538dk.a(chameleon-bitop)
 .vfp11_veneer  0x002054b0        0x0 contiki-cc2538dk.a(frame802154.o)
 .vfp11_veneer  0x002054b0        0x0 /home/user/CodeSourcery/Sourcery_G++_Lite/bin/../lib/gcc/arm-none-eabi/4.3.2/thumb2/libgcc.a(_aeabi_uldivmod.o)
 .vfp11_veneer  0x002054b0        0x0 /home/user/CodeSourcery/Sourcery_G++_Lite/bin/../lib/gcc/arm-none-eabi/4.3.2/thumb2/libgcc.a(bpabi.o)
 .vfp11_veneer  0x002054b0        0x0 /home/user/CodeSourcery/Sourcery_G++_Lite/bin/../lib/gcc/arm-none-eabi/4.3.2/thumb2/libgcc.a(_dvmd_tls.o)
 .vfp11_veneer  0x002054b0        0x0 /home/user/CodeSourcery/Sourcery_G++_Lite/bin/../lib/gcc/arm-none-eabi/4.3.2/thumb2/libgcc.a(_divdi3.o)
 .vfp11_veneer  0x002054b0        0x0 /home/user/CodeSourcery/Sourcery_G++_Lite/bin/../lib/gcc/arm-none-eabi/4.3.2/thumb2/libgcc.a(_udivdi3.o)
 .vfp11_veneer  0x002054b0        0x0 /home/user/CodeSourcery/Sourcery_G++_Lite/bin/../lib/gcc/arm-none-eabi/4.3.2/thumb2/libgcc.a(_udivsi3.o)
 .vfp11_veneer  0x002054b0        0x0 /home/user/CodeSourcery/Sourcery_G++_Lite/bin/../lib/gcc/arm-none-eabi/4.3.2/thumb2/libgcc.a(_clz.o)
 .vfp11_veneer  0x002054b0        0x0 /home/user/CodeSourcery/Sourcery_G++_Lite/bin/../lib/gcc/arm-none-eabi/4.3.2/../../../../arm-none-eabi/lib/thumb2/libc.a(lib_a-memcmp.o)
 .vfp11_veneer  0x002054b0        0x0 /home/user/CodeSourcery/Sourcery_G++_Lite/bin/../lib/gcc/arm-none-eabi/4.3.2/../../../../arm-none-eabi/lib/thumb2/libc.a(lib_a-memcpy.o)
 .vfp11_veneer  0x002054b0        0x0 /home/user/CodeSourcery/Sourcery_G++_Lite/bin/../lib/gcc/arm-none-eabi/4.3.2/../../../../arm-none-eabi/lib/thumb2/libc.a(lib_a-memset.o)
 .vfp11_veneer  0x002054b0        0x0 /home/user/CodeSourcery/Sourcery_G++_Lite/bin/../lib/gcc/arm-none-eabi/4.3.2/../../../../arm-none-eabi/lib/thumb2/libc.a(lib_a-strlen.o)
 .vfp11_veneer  0x002054b0        0x0 /home/user/CodeSourcery/Sourcery_G++_Lite/bin/../lib/gcc/arm-none-eabi/4.3.2/../../../../arm-none-eabi/lib/thumb2/libc.a(lib_a-strncmp.o)

.janus_2cc_veneer
                0x002054b0        0x0 load address 0x002054ad
 .janus_2cc_veneer
                0x002054b0        0x0 obj_cc2538dk/startup-gcc.o
 .janus_2cc_veneer
                0x002054b0        0x0 timer-test.co
 .janus_2cc_veneer
                0x002054b0        0x0 contiki-cc2538dk.a(leds.o)
 .janus_2cc_veneer
                0x002054b0        0x0 contiki-cc2538dk.a(leds-arch.o)
 .janus_2cc_veneer
                0x002054b0        0x0 contiki-cc2538dk.a(contiki-main.o)
 .janus_2cc_veneer
                0x002054b0        0x0 contiki-cc2538dk.a(sensors.o)
 .janus_2cc_veneer
                0x002054b0        0x0 contiki-cc2538dk.a(smartrf-sensors)
 .janus_2cc_veneer
                0x002054b0        0x0 contiki-cc2538dk.a(button-sensor.o)
 .janus_2cc_veneer
                0x002054b0        0x0 contiki-cc2538dk.a(adc-sensor.o)
 .janus_2cc_veneer
                0x002054b0        0x0 contiki-cc2538dk.a(clock.o)
 .janus_2cc_veneer
                0x002054b0        0x0 contiki-cc2538dk.a(rtimer-arch.o)
 .janus_2cc_veneer
                0x002054b0        0x0 contiki-cc2538dk.a(uart.o)
 .janus_2cc_veneer
                0x002054b0        0x0 contiki-cc2538dk.a(watchdog.o)
 .janus_2cc_veneer
                0x002054b0        0x0 contiki-cc2538dk.a(nvic.o)
 .janus_2cc_veneer
                0x002054b0        0x0 contiki-cc2538dk.a(cpu.o)
 .janus_2cc_veneer
                0x002054b0        0x0 contiki-cc2538dk.a(sys-ctrl.o)
 .janus_2cc_veneer
                0x002054b0        0x0 contiki-cc2538dk.a(gpio.o)
 .janus_2cc_veneer
                0x002054b0        0x0 contiki-cc2538dk.a(ioc.o)
 .janus_2cc_veneer
                0x002054b0        0x0 contiki-cc2538dk.a(adc.o)
 .janus_2cc_veneer
                0x002054b0        0x0 contiki-cc2538dk.a(cc2538-rf.o)
 .janus_2cc_veneer
                0x002054b0        0x0 contiki-cc2538dk.a(udma.o)
 .janus_2cc_veneer
                0x002054b0        0x0 contiki-cc2538dk.a(lpm.o)
 .janus_2cc_veneer
                0x002054b0        0x0 contiki-cc2538dk.a(dbg.o)
 .janus_2cc_veneer
                0x002054b0        0x0 contiki-cc2538dk.a(ieee-addr.o)
 .janus_2cc_veneer
                0x002054b0        0x0 contiki-cc2538dk.a(dbg-printf.o)
 .janus_2cc_veneer
                0x002054b0        0x0 contiki-cc2538dk.a(strformat.o)
 .janus_2cc_veneer
                0x002054b0        0x0 contiki-cc2538dk.a(autostart.o)
 .janus_2cc_veneer
                0x002054b0        0x0 contiki-cc2538dk.a(ctimer.o)
 .janus_2cc_veneer
                0x002054b0        0x0 contiki-cc2538dk.a(energest.o)
 .janus_2cc_veneer
                0x002054b0        0x0 contiki-cc2538dk.a(etimer.o)
 .janus_2cc_veneer
                0x002054b0        0x0 contiki-cc2538dk.a(process.o)
 .janus_2cc_veneer
                0x002054b0        0x0 contiki-cc2538dk.a(rtimer.o)
 .janus_2cc_veneer
                0x002054b0        0x0 contiki-cc2538dk.a(timer.o)
 .janus_2cc_veneer
                0x002054b0        0x0 contiki-cc2538dk.a(serial-line.o)
 .janus_2cc_veneer
                0x002054b0        0x0 contiki-cc2538dk.a(list.o)
 .janus_2cc_veneer
                0x002054b0        0x0 contiki-cc2538dk.a(random.o)
 .janus_2cc_veneer
                0x002054b0        0x0 contiki-cc2538dk.a(ringbuf.o)
 .janus_2cc_veneer
                0x002054b0        0x0 contiki-cc2538dk.a(rime.o)
 .janus_2cc_veneer
                0x002054b0        0x0 contiki-cc2538dk.a(linkaddr.o)
 .janus_2cc_veneer
                0x002054b0        0x0 contiki-cc2538dk.a(netstack.o)
 .janus_2cc_veneer
                0x002054b0        0x0 contiki-cc2538dk.a(packetbuf.o)
 .janus_2cc_veneer
                0x002054b0        0x0 contiki-cc2538dk.a(queuebuf.o)
 .janus_2cc_veneer
                0x002054b0        0x0 contiki-cc2538dk.a(csma.o)
 .janus_2cc_veneer
                0x002054b0        0x0 contiki-cc2538dk.a(mac.o)
 .janus_2cc_veneer
                0x002054b0        0x0 contiki-cc2538dk.a(nullrdc.o)
 .janus_2cc_veneer
                0x002054b0        0x0 contiki-cc2538dk.a(contikimac-fram)
 .janus_2cc_veneer
                0x002054b0        0x0 contiki-cc2538dk.a(nullsec.o)
 .janus_2cc_veneer
                0x002054b0        0x0 contiki-cc2538dk.a(memb.o)
 .janus_2cc_veneer
                0x002054b0        0x0 contiki-cc2538dk.a(abc.o)
 .janus_2cc_veneer
                0x002054b0        0x0 contiki-cc2538dk.a(announcement.o)
 .janus_2cc_veneer
                0x002054b0        0x0 contiki-cc2538dk.a(broadcast-annou)
 .janus_2cc_veneer
                0x002054b0        0x0 contiki-cc2538dk.a(broadcast.o)
 .janus_2cc_veneer
                0x002054b0        0x0 contiki-cc2538dk.a(chameleon.o)
 .janus_2cc_veneer
                0x002054b0        0x0 contiki-cc2538dk.a(channel.o)
 .janus_2cc_veneer
                0x002054b0        0x0 contiki-cc2538dk.a(framer-802154.o)
 .janus_2cc_veneer
                0x002054b0        0x0 contiki-cc2538dk.a(framer.o)
 .janus_2cc_veneer
                0x002054b0        0x0 contiki-cc2538dk.a(mac-sequence.o)
 .janus_2cc_veneer
                0x002054b0        0x0 contiki-cc2538dk.a(chameleon-bitop)
 .janus_2cc_veneer
                0x002054b0        0x0 contiki-cc2538dk.a(frame802154.o)
 .janus_2cc_veneer
                0x002054b0        0x0 /home/user/CodeSourcery/Sourcery_G++_Lite/bin/../lib/gcc/arm-none-eabi/4.3.2/thumb2/libgcc.a(_aeabi_uldivmod.o)
 .janus_2cc_veneer
                0x002054b0        0x0 /home/user/CodeSourcery/Sourcery_G++_Lite/bin/../lib/gcc/arm-none-eabi/4.3.2/thumb2/libgcc.a(bpabi.o)
 .janus_2cc_veneer
                0x002054b0        0x0 /home/user/CodeSourcery/Sourcery_G++_Lite/bin/../lib/gcc/arm-none-eabi/4.3.2/thumb2/libgcc.a(_dvmd_tls.o)
 .janus_2cc_veneer
                0x002054b0        0x0 /home/user/CodeSourcery/Sourcery_G++_Lite/bin/../lib/gcc/arm-none-eabi/4.3.2/thumb2/libgcc.a(_divdi3.o)
 .janus_2cc_veneer
                0x002054b0        0x0 /home/user/CodeSourcery/Sourcery_G++_Lite/bin/../lib/gcc/arm-none-eabi/4.3.2/thumb2/libgcc.a(_udivdi3.o)
 .janus_2cc_veneer
                0x002054b0        0x0 /home/user/CodeSourcery/Sourcery_G++_Lite/bin/../lib/gcc/arm-none-eabi/4.3.2/thumb2/libgcc.a(_udivsi3.o)
 .janus_2cc_veneer
                0x002054b0        0x0 /home/user/CodeSourcery/Sourcery_G++_Lite/bin/../lib/gcc/arm-none-eabi/4.3.2/thumb2/libgcc.a(_clz.o)
 .janus_2cc_veneer
                0x002054b0        0x0 /home/user/CodeSourcery/Sourcery_G++_Lite/bin/../lib/gcc/arm-none-eabi/4.3.2/../../../../arm-none-eabi/lib/thumb2/libc.a(lib_a-memcmp.o)
 .janus_2cc_veneer
                0x002054b0        0x0 /home/user/CodeSourcery/Sourcery_G++_Lite/bin/../lib/gcc/arm-none-eabi/4.3.2/../../../../arm-none-eabi/lib/thumb2/libc.a(lib_a-memcpy.o)
 .janus_2cc_veneer
                0x002054b0        0x0 /home/user/CodeSourcery/Sourcery_G++_Lite/bin/../lib/gcc/arm-none-eabi/4.3.2/../../../../arm-none-eabi/lib/thumb2/libc.a(lib_a-memset.o)
 .janus_2cc_veneer
                0x002054b0        0x0 /home/user/CodeSourcery/Sourcery_G++_Lite/bin/../lib/gcc/arm-none-eabi/4.3.2/../../../../arm-none-eabi/lib/thumb2/libc.a(lib_a-strlen.o)
 .janus_2cc_veneer
                0x002054b0        0x0 /home/user/CodeSourcery/Sourcery_G++_Lite/bin/../lib/gcc/arm-none-eabi/4.3.2/../../../../arm-none-eabi/lib/thumb2/libc.a(lib_a-strncmp.o)

.v4_bx          0x002054b0        0x0 load address 0x002054ad
 .v4_bx         0x002054b0        0x0 obj_cc2538dk/startup-gcc.o
 .v4_bx         0x002054b0        0x0 timer-test.co
 .v4_bx         0x002054b0        0x0 contiki-cc2538dk.a(leds.o)
 .v4_bx         0x002054b0        0x0 contiki-cc2538dk.a(leds-arch.o)
 .v4_bx         0x002054b0        0x0 contiki-cc2538dk.a(contiki-main.o)
 .v4_bx         0x002054b0        0x0 contiki-cc2538dk.a(sensors.o)
 .v4_bx         0x002054b0        0x0 contiki-cc2538dk.a(smartrf-sensors)
 .v4_bx         0x002054b0        0x0 contiki-cc2538dk.a(button-sensor.o)
 .v4_bx         0x002054b0        0x0 contiki-cc2538dk.a(adc-sensor.o)
 .v4_bx         0x002054b0        0x0 contiki-cc2538dk.a(clock.o)
 .v4_bx         0x002054b0        0x0 contiki-cc2538dk.a(rtimer-arch.o)
 .v4_bx         0x002054b0        0x0 contiki-cc2538dk.a(uart.o)
 .v4_bx         0x002054b0        0x0 contiki-cc2538dk.a(watchdog.o)
 .v4_bx         0x002054b0        0x0 contiki-cc2538dk.a(nvic.o)
 .v4_bx         0x002054b0        0x0 contiki-cc2538dk.a(cpu.o)
 .v4_bx         0x002054b0        0x0 contiki-cc2538dk.a(sys-ctrl.o)
 .v4_bx         0x002054b0        0x0 contiki-cc2538dk.a(gpio.o)
 .v4_bx         0x002054b0        0x0 contiki-cc2538dk.a(ioc.o)
 .v4_bx         0x002054b0        0x0 contiki-cc2538dk.a(adc.o)
 .v4_bx         0x002054b0        0x0 contiki-cc2538dk.a(cc2538-rf.o)
 .v4_bx         0x002054b0        0x0 contiki-cc2538dk.a(udma.o)
 .v4_bx         0x002054b0        0x0 contiki-cc2538dk.a(lpm.o)
 .v4_bx         0x002054b0        0x0 contiki-cc2538dk.a(dbg.o)
 .v4_bx         0x002054b0        0x0 contiki-cc2538dk.a(ieee-addr.o)
 .v4_bx         0x002054b0        0x0 contiki-cc2538dk.a(dbg-printf.o)
 .v4_bx         0x002054b0        0x0 contiki-cc2538dk.a(strformat.o)
 .v4_bx         0x002054b0        0x0 contiki-cc2538dk.a(autostart.o)
 .v4_bx         0x002054b0        0x0 contiki-cc2538dk.a(ctimer.o)
 .v4_bx         0x002054b0        0x0 contiki-cc2538dk.a(energest.o)
 .v4_bx         0x002054b0        0x0 contiki-cc2538dk.a(etimer.o)
 .v4_bx         0x002054b0        0x0 contiki-cc2538dk.a(process.o)
 .v4_bx         0x002054b0        0x0 contiki-cc2538dk.a(rtimer.o)
 .v4_bx         0x002054b0        0x0 contiki-cc2538dk.a(timer.o)
 .v4_bx         0x002054b0        0x0 contiki-cc2538dk.a(serial-line.o)
 .v4_bx         0x002054b0        0x0 contiki-cc2538dk.a(list.o)
 .v4_bx         0x002054b0        0x0 contiki-cc2538dk.a(random.o)
 .v4_bx         0x002054b0        0x0 contiki-cc2538dk.a(ringbuf.o)
 .v4_bx         0x002054b0        0x0 contiki-cc2538dk.a(rime.o)
 .v4_bx         0x002054b0        0x0 contiki-cc2538dk.a(linkaddr.o)
 .v4_bx         0x002054b0        0x0 contiki-cc2538dk.a(netstack.o)
 .v4_bx         0x002054b0        0x0 contiki-cc2538dk.a(packetbuf.o)
 .v4_bx         0x002054b0        0x0 contiki-cc2538dk.a(queuebuf.o)
 .v4_bx         0x002054b0        0x0 contiki-cc2538dk.a(csma.o)
 .v4_bx         0x002054b0        0x0 contiki-cc2538dk.a(mac.o)
 .v4_bx         0x002054b0        0x0 contiki-cc2538dk.a(nullrdc.o)
 .v4_bx         0x002054b0        0x0 contiki-cc2538dk.a(contikimac-fram)
 .v4_bx         0x002054b0        0x0 contiki-cc2538dk.a(nullsec.o)
 .v4_bx         0x002054b0        0x0 contiki-cc2538dk.a(memb.o)
 .v4_bx         0x002054b0        0x0 contiki-cc2538dk.a(abc.o)
 .v4_bx         0x002054b0        0x0 contiki-cc2538dk.a(announcement.o)
 .v4_bx         0x002054b0        0x0 contiki-cc2538dk.a(broadcast-annou)
 .v4_bx         0x002054b0        0x0 contiki-cc2538dk.a(broadcast.o)
 .v4_bx         0x002054b0        0x0 contiki-cc2538dk.a(chameleon.o)
 .v4_bx         0x002054b0        0x0 contiki-cc2538dk.a(channel.o)
 .v4_bx         0x002054b0        0x0 contiki-cc2538dk.a(framer-802154.o)
 .v4_bx         0x002054b0        0x0 contiki-cc2538dk.a(framer.o)
 .v4_bx         0x002054b0        0x0 contiki-cc2538dk.a(mac-sequence.o)
 .v4_bx         0x002054b0        0x0 contiki-cc2538dk.a(chameleon-bitop)
 .v4_bx         0x002054b0        0x0 contiki-cc2538dk.a(frame802154.o)
 .v4_bx         0x002054b0        0x0 /home/user/CodeSourcery/Sourcery_G++_Lite/bin/../lib/gcc/arm-none-eabi/4.3.2/thumb2/libgcc.a(_aeabi_uldivmod.o)
 .v4_bx         0x002054b0        0x0 /home/user/CodeSourcery/Sourcery_G++_Lite/bin/../lib/gcc/arm-none-eabi/4.3.2/thumb2/libgcc.a(bpabi.o)
 .v4_bx         0x002054b0        0x0 /home/user/CodeSourcery/Sourcery_G++_Lite/bin/../lib/gcc/arm-none-eabi/4.3.2/thumb2/libgcc.a(_dvmd_tls.o)
 .v4_bx         0x002054b0        0x0 /home/user/CodeSourcery/Sourcery_G++_Lite/bin/../lib/gcc/arm-none-eabi/4.3.2/thumb2/libgcc.a(_divdi3.o)
 .v4_bx         0x002054b0        0x0 /home/user/CodeSourcery/Sourcery_G++_Lite/bin/../lib/gcc/arm-none-eabi/4.3.2/thumb2/libgcc.a(_udivdi3.o)
 .v4_bx         0x002054b0        0x0 /home/user/CodeSourcery/Sourcery_G++_Lite/bin/../lib/gcc/arm-none-eabi/4.3.2/thumb2/libgcc.a(_udivsi3.o)
 .v4_bx         0x002054b0        0x0 /home/user/CodeSourcery/Sourcery_G++_Lite/bin/../lib/gcc/arm-none-eabi/4.3.2/thumb2/libgcc.a(_clz.o)
 .v4_bx         0x002054b0        0x0 /home/user/CodeSourcery/Sourcery_G++_Lite/bin/../lib/gcc/arm-none-eabi/4.3.2/../../../../arm-none-eabi/lib/thumb2/libc.a(lib_a-memcmp.o)
 .v4_bx         0x002054b0        0x0 /home/user/CodeSourcery/Sourcery_G++_Lite/bin/../lib/gcc/arm-none-eabi/4.3.2/../../../../arm-none-eabi/lib/thumb2/libc.a(lib_a-memcpy.o)
 .v4_bx         0x002054b0        0x0 /home/user/CodeSourcery/Sourcery_G++_Lite/bin/../lib/gcc/arm-none-eabi/4.3.2/../../../../arm-none-eabi/lib/thumb2/libc.a(lib_a-memset.o)
 .v4_bx         0x002054b0        0x0 /home/user/CodeSourcery/Sourcery_G++_Lite/bin/../lib/gcc/arm-none-eabi/4.3.2/../../../../arm-none-eabi/lib/thumb2/libc.a(lib_a-strlen.o)
 .v4_bx         0x002054b0        0x0 /home/user/CodeSourcery/Sourcery_G++_Lite/bin/../lib/gcc/arm-none-eabi/4.3.2/../../../../arm-none-eabi/lib/thumb2/libc.a(lib_a-strncmp.o)

.socdata        0x20000000       0x40
 *(SORT(.udma_channel_control_table))
 .udma_channel_control_table
                0x20000000       0x40 contiki-cc2538dk.a(udma.o)

.data           0x20000040       0xcd load address 0x002054ad
                0x20000040                _data = .
 *(SORT(.data*))
 .data.timer_test_process
                0x20000040       0x10 timer-test.co
                0x20000040                timer_test_process
 .data.sensors_process
                0x20000050       0x10 contiki-cc2538dk.a(sensors.o)
                0x20000050                sensors_process
 .data.sensors  0x20000060       0x1c contiki-cc2538dk.a(smartrf-sensors)
                0x20000060                sensors
 .data.cc2538_rf_process
                0x2000007c       0x10 contiki-cc2538dk.a(cc2538-rf.o)
                0x2000007c                cc2538_rf_process
 .data.ctxt     0x2000008c        0x8 contiki-cc2538dk.a(dbg-printf.o)
 .data.ctimer_process
                0x20000094       0x10 contiki-cc2538dk.a(ctimer.o)
                0x20000094                ctimer_process
 .data.etimer_process
                0x200000a4       0x10 contiki-cc2538dk.a(etimer.o)
                0x200000a4                etimer_process
 .data.serial_line_process
                0x200000b4       0x10 contiki-cc2538dk.a(serial-line.o)
                0x200000b4                serial_line_process
 .data.bufmem   0x200000c4        0xc contiki-cc2538dk.a(queuebuf.o)
 .data.refbufmem
                0x200000d0        0xc contiki-cc2538dk.a(queuebuf.o)
 .data.buframmem
                0x200000dc        0xc contiki-cc2538dk.a(queuebuf.o)
 .data.metadata_memb
                0x200000e8        0xc contiki-cc2538dk.a(csma.o)
 .data.neighbor_memb
                0x200000f4        0xc contiki-cc2538dk.a(csma.o)
 .data.packet_memb
                0x20000100        0xc contiki-cc2538dk.a(csma.o)
 .data.rf_channel
                0x2000010c        0x1 contiki-cc2538dk.a(cc2538-rf.o)
                0x2000010d                _edata = .

.ARM.exidx      0x0020557c       0x10
 *(SORT(.ARM.exidx*))
 .ARM.exidx     0x0020557c        0x8 /home/user/CodeSourcery/Sourcery_G++_Lite/bin/../lib/gcc/arm-none-eabi/4.3.2/thumb2/libgcc.a(_divdi3.o)
 .ARM.exidx     0x00205584        0x8 /home/user/CodeSourcery/Sourcery_G++_Lite/bin/../lib/gcc/arm-none-eabi/4.3.2/thumb2/libgcc.a(_udivdi3.o)

.bss            0x20000110     0x155f
                0x20000110                _bss = .
 *(SORT(.bss*))
 .bss.rt_ticks_startup
                0x20000110        0x8 contiki-cc2538dk.a(clock.o)
 .bss.rt_ticks_epoch
                0x20000118        0x8 contiki-cc2538dk.a(clock.o)
 .bss.stack     0x20000120      0x800 obj_cc2538dk/startup-gcc.o
 .bss.rt        0x20000920        0xc timer-test.co
 .bss.start_count
                0x2000092c        0x4 timer-test.co
 .bss.diff      0x20000930        0x4 timer-test.co
 .bss.count     0x20000934        0x4 timer-test.co
 .bss.ct        0x20000938        0x4 timer-test.co
 .bss.sec       0x2000093c        0x4 timer-test.co
 .bss.end_count
                0x20000940        0x4 timer-test.co
 .bss.et        0x20000944       0x10 timer-test.co
 .bss.i.1898    0x20000954        0x4 contiki-cc2538dk.a(sensors.o)
 .bss.events.1899
                0x20000958        0x4 contiki-cc2538dk.a(sensors.o)
 .bss.debouncetimer
                0x2000095c        0x8 contiki-cc2538dk.a(button-sensor.o)
 .bss.next_trigger
                0x20000964        0x4 contiki-cc2538dk.a(rtimer-arch.o)
 .bss.input_handler
                0x20000968        0x8 contiki-cc2538dk.a(uart.o)
 .bss.interrupt_disable
                0x20000970        0x4 contiki-cc2538dk.a(nvic.o)
 .bss.interrupt_pend
                0x20000974        0x4 contiki-cc2538dk.a(nvic.o)
 .bss.interrupt_unpend
                0x20000978        0x4 contiki-cc2538dk.a(nvic.o)
 .bss.interrupt_enable
                0x2000097c        0x4 contiki-cc2538dk.a(nvic.o)
 .bss.gpio_callbacks
                0x20000980       0x80 contiki-cc2538dk.a(gpio.o)
 .bss.ioc_sel   0x20000a00        0x4 contiki-cc2538dk.a(ioc.o)
 .bss.ioc_over  0x20000a04        0x4 contiki-cc2538dk.a(ioc.o)
 .bss.periph_permit_pm1_funcs
                0x20000a08        0x8 contiki-cc2538dk.a(lpm.o)
 .bss.ctimer_list_list
                0x20000a10        0x4 contiki-cc2538dk.a(ctimer.o)
 .bss.timerlist
                0x20000a14        0x4 contiki-cc2538dk.a(etimer.o)
 .bss.next_expiration
                0x20000a18        0x4 contiki-cc2538dk.a(etimer.o)
 .bss.data.2445
                0x20000a1c        0x4 contiki-cc2538dk.a(process.o)
 .bss.process_current
                0x20000a20        0x4 contiki-cc2538dk.a(process.o)
                0x20000a20                process_current
 .bss.process_list
                0x20000a24        0x4 contiki-cc2538dk.a(process.o)
                0x20000a24                process_list
 .bss.events    0x20000a28      0x180 contiki-cc2538dk.a(process.o)
 .bss.receiver.2446
                0x20000ba8        0x4 contiki-cc2538dk.a(process.o)
 .bss.p.2447    0x20000bac        0x4 contiki-cc2538dk.a(process.o)
 .bss.next_rtimer
                0x20000bb0        0x4 contiki-cc2538dk.a(rtimer.o)
 .bss.rxbuf     0x20000bb4        0x8 contiki-cc2538dk.a(serial-line.o)
 .bss.ptr.1864  0x20000bbc        0x4 contiki-cc2538dk.a(serial-line.o)
 .bss.sniffers_list
                0x20000bc0        0x4 contiki-cc2538dk.a(rime.o)
 .bss.packetbufptr
                0x20000bc4        0x4 contiki-cc2538dk.a(packetbuf.o)
 .bss.packetbuf_aligned
                0x20000bc8       0xb0 contiki-cc2538dk.a(packetbuf.o)
 .bss.bufmem_memb_mem
                0x20000c78       0x20 contiki-cc2538dk.a(queuebuf.o)
 .bss.refbufmem_memb_mem
                0x20000c98       0x78 contiki-cc2538dk.a(queuebuf.o)
 .bss.metadata_memb_memb_mem
                0x20000d10       0x60 contiki-cc2538dk.a(csma.o)
 .bss.neighbor_list_list
                0x20000d70        0x4 contiki-cc2538dk.a(csma.o)
 .bss.packet_memb_memb_mem
                0x20000d74       0x60 contiki-cc2538dk.a(csma.o)
 .bss.neighbor_memb_memb_mem
                0x20000dd4       0x68 contiki-cc2538dk.a(csma.o)
 .bss.announcements_list
                0x20000e3c        0x4 contiki-cc2538dk.a(announcement.o)
 .bss.observer_callback
                0x20000e40        0x4 contiki-cc2538dk.a(announcement.o)
 .bss.c         0x20000e44       0x6c contiki-cc2538dk.a(broadcast-annou)
 .bss.channel_list_list
                0x20000eb0        0x4 contiki-cc2538dk.a(channel.o)
 .bss.buflen    0x20000eb4        0x2 contiki-cc2538dk.a(packetbuf.o)
 .bss.bufptr    0x20000eb6        0x2 contiki-cc2538dk.a(packetbuf.o)
 .bss.buframmem_memb_mem
                0x20000eb8      0x5f0 contiki-cc2538dk.a(queuebuf.o)
 .bss.seqno.3354
                0x200014a8        0x2 contiki-cc2538dk.a(csma.o)
 .bss.received_seqnos
                0x200014aa       0x40 contiki-cc2538dk.a(mac-sequence.o)
 .bss.i         0x200014ea        0x1 timer-test.co
 .bss.leds      0x200014eb        0x1 contiki-cc2538dk.a(leds.o)
 .bss.num_sensors
                0x200014ec        0x1 contiki-cc2538dk.a(sensors.o)
 .bss.rf_flags  0x200014ed        0x1 contiki-cc2538dk.a(cc2538-rf.o)
 .bss.max_pm    0x200014ee        0x1 contiki-cc2538dk.a(lpm.o)
 .bss.initialized
                0x200014ef        0x1 contiki-cc2538dk.a(ctimer.o)
 .bss.fevent    0x200014f0        0x1 contiki-cc2538dk.a(process.o)
 .bss.ev.2444   0x200014f1        0x1 contiki-cc2538dk.a(process.o)
 .bss.nevents   0x200014f2        0x1 contiki-cc2538dk.a(process.o)
 .bss.lastevent
                0x200014f3        0x1 contiki-cc2538dk.a(process.o)
 .bss.poll_requested
                0x200014f4        0x1 contiki-cc2538dk.a(process.o)
 .bss.snum.2490
                0x200014f5        0x1 contiki-cc2538dk.a(process.o)
 .bss.rxbuf_data
                0x200014f6       0x80 contiki-cc2538dk.a(serial-line.o)
 .bss.overflow.1853
                0x20001576        0x1 contiki-cc2538dk.a(serial-line.o)
 .bss.buf.1863  0x20001577       0x80 contiki-cc2538dk.a(serial-line.o)
 .bss.hdrptr    0x200015f7        0x1 contiki-cc2538dk.a(packetbuf.o)
 .bss.buframmem_memb_count
                0x200015f8        0x8 contiki-cc2538dk.a(queuebuf.o)
 .bss.refbufmem_memb_count
                0x20001600        0x2 contiki-cc2538dk.a(queuebuf.o)
 .bss.bufmem_memb_count
                0x20001602        0x8 contiki-cc2538dk.a(queuebuf.o)
 .bss.packet_memb_memb_count
                0x2000160a        0x8 contiki-cc2538dk.a(csma.o)
 .bss.metadata_memb_memb_count
                0x20001612        0x8 contiki-cc2538dk.a(csma.o)
 .bss.neighbor_memb_memb_count
                0x2000161a        0x2 contiki-cc2538dk.a(csma.o)
 .bss.initialized.3353
                0x2000161c        0x1 contiki-cc2538dk.a(csma.o)
 .bss.mac_dsn   0x2000161d        0x1 contiki-cc2538dk.a(framer-802154.o)
 .bss.initialized
                0x2000161e        0x1 contiki-cc2538dk.a(framer-802154.o)
 *(SORT(COMMON))
 *fill*         0x2000161f        0x1 00
 COMMON         0x20001620        0x8 timer-test.co
                0x20001620                rt_for
                0x20001624                rt_now
 COMMON         0x20001628        0x2 contiki-cc2538dk.a(linkaddr.o)
                0x20001628                linkaddr_node_addr
 COMMON         0x2000162a       0x3c contiki-cc2538dk.a(packetbuf.o)
                0x2000162a                packetbuf_addrs
                0x20001632                packetbuf_attrs
 COMMON         0x20001666        0x1 contiki-cc2538dk.a(sensors.o)
                0x20001666                sensors_event
 COMMON         0x20001667        0x7 contiki-cc2538dk.a(smartrf-sensors)
                0x20001667                sensors_flags
 COMMON         0x2000166e        0x1 contiki-cc2538dk.a(serial-line.o)
                0x2000166e                serial_line_event_message
                0x2000166f                _ebss = .

.flashcca       0x0027ffd4       0x2c
 *(SORT(.flashcca))
 .flashcca      0x0027ffd4       0x2c obj_cc2538dk/startup-gcc.o
                0x0027ffd4                __cca
OUTPUT(timer-test.elf elf32-littlearm)

.comment        0x00000000      0x9ae
 .comment       0x00000000       0x2a obj_cc2538dk/startup-gcc.o
 .comment       0x0000002a       0x2a timer-test.co
 .comment       0x00000054       0x2a contiki-cc2538dk.a(leds.o)
 .comment       0x0000007e       0x2a contiki-cc2538dk.a(leds-arch.o)
 .comment       0x000000a8       0x2a contiki-cc2538dk.a(contiki-main.o)
 .comment       0x000000d2       0x2a contiki-cc2538dk.a(sensors.o)
 .comment       0x000000fc       0x2a contiki-cc2538dk.a(smartrf-sensors)
 .comment       0x00000126       0x2a contiki-cc2538dk.a(button-sensor.o)
 .comment       0x00000150       0x2a contiki-cc2538dk.a(adc-sensor.o)
 .comment       0x0000017a       0x2a contiki-cc2538dk.a(clock.o)
 .comment       0x000001a4       0x2a contiki-cc2538dk.a(rtimer-arch.o)
 .comment       0x000001ce       0x2a contiki-cc2538dk.a(uart.o)
 .comment       0x000001f8       0x2a contiki-cc2538dk.a(watchdog.o)
 .comment       0x00000222       0x2a contiki-cc2538dk.a(nvic.o)
 .comment       0x0000024c       0x2a contiki-cc2538dk.a(cpu.o)
 .comment       0x00000276       0x2a contiki-cc2538dk.a(sys-ctrl.o)
 .comment       0x000002a0       0x2a contiki-cc2538dk.a(gpio.o)
 .comment       0x000002ca       0x2a contiki-cc2538dk.a(ioc.o)
 .comment       0x000002f4       0x2a contiki-cc2538dk.a(adc.o)
 .comment       0x0000031e       0x2a contiki-cc2538dk.a(cc2538-rf.o)
 .comment       0x00000348       0x2a contiki-cc2538dk.a(udma.o)
 .comment       0x00000372       0x2a contiki-cc2538dk.a(lpm.o)
 .comment       0x0000039c       0x2a contiki-cc2538dk.a(dbg.o)
 .comment       0x000003c6       0x2a contiki-cc2538dk.a(ieee-addr.o)
 .comment       0x000003f0       0x2a contiki-cc2538dk.a(dbg-printf.o)
 .comment       0x0000041a       0x2a contiki-cc2538dk.a(strformat.o)
 .comment       0x00000444       0x2a contiki-cc2538dk.a(autostart.o)
 .comment       0x0000046e       0x2a contiki-cc2538dk.a(ctimer.o)
 .comment       0x00000498       0x2a contiki-cc2538dk.a(energest.o)
 .comment       0x000004c2       0x2a contiki-cc2538dk.a(etimer.o)
 .comment       0x000004ec       0x2a contiki-cc2538dk.a(process.o)
 .comment       0x00000516       0x2a contiki-cc2538dk.a(rtimer.o)
 .comment       0x00000540       0x2a contiki-cc2538dk.a(timer.o)
 .comment       0x0000056a       0x2a contiki-cc2538dk.a(serial-line.o)
 .comment       0x00000594       0x2a contiki-cc2538dk.a(list.o)
 .comment       0x000005be       0x2a contiki-cc2538dk.a(random.o)
 .comment       0x000005e8       0x2a contiki-cc2538dk.a(ringbuf.o)
 .comment       0x00000612       0x2a contiki-cc2538dk.a(rime.o)
 .comment       0x0000063c       0x2a contiki-cc2538dk.a(linkaddr.o)
 .comment       0x00000666       0x2a contiki-cc2538dk.a(netstack.o)
 .comment       0x00000690       0x2a contiki-cc2538dk.a(packetbuf.o)
 .comment       0x000006ba       0x2a contiki-cc2538dk.a(queuebuf.o)
 .comment       0x000006e4       0x2a contiki-cc2538dk.a(csma.o)
 .comment       0x0000070e       0x2a contiki-cc2538dk.a(mac.o)
 .comment       0x00000738       0x2a contiki-cc2538dk.a(nullrdc.o)
 .comment       0x00000762       0x2a contiki-cc2538dk.a(contikimac-fram)
 .comment       0x0000078c       0x2a contiki-cc2538dk.a(nullsec.o)
 .comment       0x000007b6       0x2a contiki-cc2538dk.a(memb.o)
 .comment       0x000007e0       0x2a contiki-cc2538dk.a(abc.o)
 .comment       0x0000080a       0x2a contiki-cc2538dk.a(announcement.o)
 .comment       0x00000834       0x2a contiki-cc2538dk.a(broadcast-annou)
 .comment       0x0000085e       0x2a contiki-cc2538dk.a(broadcast.o)
 .comment       0x00000888       0x2a contiki-cc2538dk.a(chameleon.o)
 .comment       0x000008b2       0x2a contiki-cc2538dk.a(channel.o)
 .comment       0x000008dc       0x2a contiki-cc2538dk.a(framer-802154.o)
 .comment       0x00000906       0x2a contiki-cc2538dk.a(framer.o)
 .comment       0x00000930       0x2a contiki-cc2538dk.a(mac-sequence.o)
 .comment       0x0000095a       0x2a contiki-cc2538dk.a(chameleon-bitop)
 .comment       0x00000984       0x2a contiki-cc2538dk.a(frame802154.o)

.ARM.attributes
                0x00000000       0x31
 .ARM.attributes
                0x00000000       0x31 obj_cc2538dk/startup-gcc.o
 .ARM.attributes
                0x00000031       0x31 timer-test.co
 .ARM.attributes
                0x00000062       0x31 contiki-cc2538dk.a(leds.o)
 .ARM.attributes
                0x00000093       0x31 contiki-cc2538dk.a(leds-arch.o)
 .ARM.attributes
                0x000000c4       0x31 contiki-cc2538dk.a(contiki-main.o)
 .ARM.attributes
                0x000000f5       0x31 contiki-cc2538dk.a(sensors.o)
 .ARM.attributes
                0x00000126       0x2f contiki-cc2538dk.a(smartrf-sensors)
 .ARM.attributes
                0x00000155       0x31 contiki-cc2538dk.a(button-sensor.o)
 .ARM.attributes
                0x00000186       0x31 contiki-cc2538dk.a(adc-sensor.o)
 .ARM.attributes
                0x000001b7       0x31 contiki-cc2538dk.a(clock.o)
 .ARM.attributes
                0x000001e8       0x31 contiki-cc2538dk.a(rtimer-arch.o)
 .ARM.attributes
                0x00000219       0x31 contiki-cc2538dk.a(uart.o)
 .ARM.attributes
                0x0000024a       0x31 contiki-cc2538dk.a(watchdog.o)
 .ARM.attributes
                0x0000027b       0x31 contiki-cc2538dk.a(nvic.o)
 .ARM.attributes
                0x000002ac       0x31 contiki-cc2538dk.a(cpu.o)
 .ARM.attributes
                0x000002dd       0x31 contiki-cc2538dk.a(sys-ctrl.o)
 .ARM.attributes
                0x0000030e       0x31 contiki-cc2538dk.a(gpio.o)
 .ARM.attributes
                0x0000033f       0x31 contiki-cc2538dk.a(ioc.o)
 .ARM.attributes
                0x00000370       0x31 contiki-cc2538dk.a(adc.o)
 .ARM.attributes
                0x000003a1       0x31 contiki-cc2538dk.a(cc2538-rf.o)
 .ARM.attributes
                0x000003d2       0x31 contiki-cc2538dk.a(udma.o)
 .ARM.attributes
                0x00000403       0x31 contiki-cc2538dk.a(lpm.o)
 .ARM.attributes
                0x00000434       0x31 contiki-cc2538dk.a(dbg.o)
 .ARM.attributes
                0x00000465       0x31 contiki-cc2538dk.a(ieee-addr.o)
 .ARM.attributes
                0x00000496       0x31 contiki-cc2538dk.a(dbg-printf.o)
 .ARM.attributes
                0x000004c7       0x31 contiki-cc2538dk.a(strformat.o)
 .ARM.attributes
                0x000004f8       0x31 contiki-cc2538dk.a(autostart.o)
 .ARM.attributes
                0x00000529       0x31 contiki-cc2538dk.a(ctimer.o)
 .ARM.attributes
                0x0000055a       0x31 contiki-cc2538dk.a(energest.o)
 .ARM.attributes
                0x0000058b       0x31 contiki-cc2538dk.a(etimer.o)
 .ARM.attributes
                0x000005bc       0x31 contiki-cc2538dk.a(process.o)
 .ARM.attributes
                0x000005ed       0x31 contiki-cc2538dk.a(rtimer.o)
 .ARM.attributes
                0x0000061e       0x31 contiki-cc2538dk.a(timer.o)
 .ARM.attributes
                0x0000064f       0x31 contiki-cc2538dk.a(serial-line.o)
 .ARM.attributes
                0x00000680       0x31 contiki-cc2538dk.a(list.o)
 .ARM.attributes
                0x000006b1       0x31 contiki-cc2538dk.a(random.o)
 .ARM.attributes
                0x000006e2       0x31 contiki-cc2538dk.a(ringbuf.o)
 .ARM.attributes
                0x00000713       0x31 contiki-cc2538dk.a(rime.o)
 .ARM.attributes
                0x00000744       0x31 contiki-cc2538dk.a(linkaddr.o)
 .ARM.attributes
                0x00000775       0x31 contiki-cc2538dk.a(netstack.o)
 .ARM.attributes
                0x000007a6       0x31 contiki-cc2538dk.a(packetbuf.o)
 .ARM.attributes
                0x000007d7       0x31 contiki-cc2538dk.a(queuebuf.o)
 .ARM.attributes
                0x00000808       0x31 contiki-cc2538dk.a(csma.o)
 .ARM.attributes
                0x00000839       0x31 contiki-cc2538dk.a(mac.o)
 .ARM.attributes
                0x0000086a       0x31 contiki-cc2538dk.a(nullrdc.o)
 .ARM.attributes
                0x0000089b       0x31 contiki-cc2538dk.a(contikimac-fram)
 .ARM.attributes
                0x000008cc       0x31 contiki-cc2538dk.a(nullsec.o)
 .ARM.attributes
                0x000008fd       0x31 contiki-cc2538dk.a(memb.o)
 .ARM.attributes
                0x0000092e       0x31 contiki-cc2538dk.a(abc.o)
 .ARM.attributes
                0x0000095f       0x31 contiki-cc2538dk.a(announcement.o)
 .ARM.attributes
                0x00000990       0x31 contiki-cc2538dk.a(broadcast-annou)
 .ARM.attributes
                0x000009c1       0x31 contiki-cc2538dk.a(broadcast.o)
 .ARM.attributes
                0x000009f2       0x31 contiki-cc2538dk.a(chameleon.o)
 .ARM.attributes
                0x00000a23       0x31 contiki-cc2538dk.a(channel.o)
 .ARM.attributes
                0x00000a54       0x31 contiki-cc2538dk.a(framer-802154.o)
 .ARM.attributes
                0x00000a85       0x31 contiki-cc2538dk.a(framer.o)
 .ARM.attributes
                0x00000ab6       0x31 contiki-cc2538dk.a(mac-sequence.o)
 .ARM.attributes
                0x00000ae7       0x31 contiki-cc2538dk.a(chameleon-bitop)
 .ARM.attributes
                0x00000b18       0x31 contiki-cc2538dk.a(frame802154.o)
 .ARM.attributes
                0x00000b49       0x17 /home/user/CodeSourcery/Sourcery_G++_Lite/bin/../lib/gcc/arm-none-eabi/4.3.2/thumb2/libgcc.a(_aeabi_uldivmod.o)
 .ARM.attributes
                0x00000b60       0x27 /home/user/CodeSourcery/Sourcery_G++_Lite/bin/../lib/gcc/arm-none-eabi/4.3.2/thumb2/libgcc.a(bpabi.o)
 .ARM.attributes
                0x00000b87       0x17 /home/user/CodeSourcery/Sourcery_G++_Lite/bin/../lib/gcc/arm-none-eabi/4.3.2/thumb2/libgcc.a(_dvmd_tls.o)
 .ARM.attributes
                0x00000b9e       0x27 /home/user/CodeSourcery/Sourcery_G++_Lite/bin/../lib/gcc/arm-none-eabi/4.3.2/thumb2/libgcc.a(_divdi3.o)
 .ARM.attributes
                0x00000bc5       0x27 /home/user/CodeSourcery/Sourcery_G++_Lite/bin/../lib/gcc/arm-none-eabi/4.3.2/thumb2/libgcc.a(_udivdi3.o)
 .ARM.attributes
                0x00000bec       0x17 /home/user/CodeSourcery/Sourcery_G++_Lite/bin/../lib/gcc/arm-none-eabi/4.3.2/thumb2/libgcc.a(_udivsi3.o)
 .ARM.attributes
                0x00000c03       0x25 /home/user/CodeSourcery/Sourcery_G++_Lite/bin/../lib/gcc/arm-none-eabi/4.3.2/thumb2/libgcc.a(_clz.o)
 .ARM.attributes
                0x00000c28       0x27 /home/user/CodeSourcery/Sourcery_G++_Lite/bin/../lib/gcc/arm-none-eabi/4.3.2/../../../../arm-none-eabi/lib/thumb2/libc.a(lib_a-memcmp.o)
 .ARM.attributes
                0x00000c4f       0x27 /home/user/CodeSourcery/Sourcery_G++_Lite/bin/../lib/gcc/arm-none-eabi/4.3.2/../../../../arm-none-eabi/lib/thumb2/libc.a(lib_a-memcpy.o)
 .ARM.attributes
                0x00000c76       0x27 /home/user/CodeSourcery/Sourcery_G++_Lite/bin/../lib/gcc/arm-none-eabi/4.3.2/../../../../arm-none-eabi/lib/thumb2/libc.a(lib_a-memset.o)
 .ARM.attributes